<html>
<body>
<pre>
<h1>µVision Build Log</h1>
<h2>Tool Versions:</h2>
IDE-Version: µVision V5.35.0.0
Copyright (C) 2021 ARM Ltd and ARM Germany GmbH. All rights reserved.
License Information: CSE CSE UHCL Flex license: MDK Professional 5.35 (Flex) (mdk_pro) Operation stops: 18 Jul 2024
 
Tool Versions:
Toolchain:       MDK Professional 5.35 (Flex)  Version: 5.35.0.2
Toolchain Path:  C:\Keil_v5\ARM\ARMCLANG\Bin
C Compiler:      ArmClang.exe V6.16
Assembler:       Armasm.exe V6.16
Linker/Locator:  ArmLink.exe V6.16
Library Manager: ArmAr.exe V6.16
Hex Converter:   FromElf.exe V6.16
CPU DLL:         SARMCM3.DLL V5.35.0.2
Dialog DLL:      DCM.DLL V1.17.3.0
Target DLL:      CMSIS_AGDI.dll V1.33.0.0
Dialog DLL:      TCM.DLL V1.53.0.0
 
<h2>Project:</h2>
C:\Users\sonnierm5910\OneDrive - University of Houston-Clear Lake\Documents\_CENG 4113\Lab02\Lab02.uvprojx
Project File Date:  08/31/2021

<h2>Output:</h2>
*** Using Compiler 'V6.16', folder: 'C:\Keil_v5\ARM\ARMCLANG\Bin'
Rebuild target 'Target 1'
assembling Lab02.s...
assembling startup_LPC407x_8x_177x_8x.s...
RTE/Device/LPC4088FET208/system_LPC407x_8x_177x_8x.c(35): warning: In file included from...
C:/Arm/Packs/Keil/LPC4000_DFP/2.2.0/Device/Include\LPC407x_8x_177x_8x.h(397): warning: anonymous unions are a C11 extension [-Wc11-extensions]
  union {
  ^
C:/Arm/Packs/Keil/LPC4000_DFP/2.2.0/Device/Include\LPC407x_8x_177x_8x.h(407): warning: anonymous unions are a C11 extension [-Wc11-extensions]
  union {
  ^
C:/Arm/Packs/Keil/LPC4000_DFP/2.2.0/Device/Include\LPC407x_8x_177x_8x.h(411): warning: anonymous unions are a C11 extension [-Wc11-extensions]
  union {
  ^
C:/Arm/Packs/Keil/LPC4000_DFP/2.2.0/Device/Include\LPC407x_8x_177x_8x.h(422): warning: anonymous unions are a C11 extension [-Wc11-extensions]
  union {
  ^
C:/Arm/Packs/Keil/LPC4000_DFP/2.2.0/Device/Include\LPC407x_8x_177x_8x.h(643): warning: anonymous unions are a C11 extension [-Wc11-extensions]
    union
    ^
C:/Arm/Packs/Keil/LPC4000_DFP/2.2.0/Device/Include\LPC407x_8x_177x_8x.h(650): warning: anonymous unions are a C11 extension [-Wc11-extensions]
    union
    ^
C:/Arm/Packs/Keil/LPC4000_DFP/2.2.0/Device/Include\LPC407x_8x_177x_8x.h(655): warning: anonymous unions are a C11 extension [-Wc11-extensions]
    union
    ^
C:/Arm/Packs/Keil/LPC4000_DFP/2.2.0/Device/Include\LPC407x_8x_177x_8x.h(687): warning: anonymous unions are a C11 extension [-Wc11-extensions]
  union {
  ^
C:/Arm/Packs/Keil/LPC4000_DFP/2.2.0/Device/Include\LPC407x_8x_177x_8x.h(693): warning: anonymous unions are a C11 extension [-Wc11-extensions]
  union {
  ^
C:/Arm/Packs/Keil/LPC4000_DFP/2.2.0/Device/Include\LPC407x_8x_177x_8x.h(697): warning: anonymous unions are a C11 extension [-Wc11-extensions]
  union {
  ^
C:/Arm/Packs/Keil/LPC4000_DFP/2.2.0/Device/Include\LPC407x_8x_177x_8x.h(729): warning: anonymous unions are a C11 extension [-Wc11-extensions]
  union {
  ^
C:/Arm/Packs/Keil/LPC4000_DFP/2.2.0/Device/Include\LPC407x_8x_177x_8x.h(734): warning: anonymous unions are a C11 extension [-Wc11-extensions]
  union {
  ^
C:/Arm/Packs/Keil/LPC4000_DFP/2.2.0/Device/Include\LPC407x_8x_177x_8x.h(738): warning: anonymous unions are a C11 extension [-Wc11-extensions]
  union {
  ^
13 warnings generated.
compiling system_LPC407x_8x_177x_8x.c...
linking...
.\Objects\Lab02.sct(8): warning: L6314W: No section matches pattern *(InRoot$$Sections).
Program Size: Code=1488 RO-data=232 RW-data=16 ZI-data=1024  
Finished: 0 information, 1 warning and 0 error messages.
".\Objects\Lab02.axf" - 0 Error(s), 14 Warning(s).

<h2>Software Packages used:</h2>

Package Vendor: ARM
                http://www.keil.com/pack/ARM.CMSIS.5.8.0.pack
                ARM.CMSIS.5.8.0
                CMSIS (Common Microcontroller Software Interface Standard)
   * Component: CORE Version: 5.5.0

Package Vendor: Keil
                http://www.keil.com/pack/Keil.LPC4000_DFP.2.2.0.pack
                Keil.LPC4000_DFP.2.2.0
                NXP LPC4000 Series Device Support
   * Component: Startup Version: 1.0.1

<h2>Collection of Component include folders:</h2>
  .\RTE\Device\LPC4088FET208
  .\RTE\_Target_1
  C:\Arm\Packs\ARM\CMSIS\5.8.0\CMSIS\Core\Include
  C:\Arm\Packs\Keil\LPC4000_DFP\2.2.0\Device\Include

<h2>Collection of Component Files used:</h2>

   * Component: ARM::CMSIS:CORE:5.5.0

   * Component: Keil::Device:Startup:1.0.1
      Include file:  Device\Include\LPC407x_8x_177x_8x.h
      Include file:  RTE_Driver\Config\RTE_Device.h
      Include file:  Device\Include\system_LPC407x_8x_177x_8x.h
      Source file:   Device\Source\system_LPC407x_8x_177x_8x.c
      Source file:   Device\Source\ARM\startup_LPC407x_8x_177x_8x.s
Build Time Elapsed:  00:00:01
</pre>
</body>
</html>
