Component: ARM Compiler 5.06 update 7 (build 960) Tool: armlink [4d3601]

==============================================================================

Section Cross References

    cmsis_nvic.o(i.__NVIC_SetVector) refers to rt_memcpy_w.o(.text) for __aeabi_memcpy4
    mbed_board.o(i.mbed_die) refers to mbed_critical.o(i.core_util_critical_section_enter) for core_util_critical_section_enter
    mbed_board.o(i.mbed_die) refers to mbed_gpio.o(i.gpio_init_out) for gpio_init_out
    mbed_board.o(i.mbed_die) refers to mbed_assert.o(i.mbed_assert_internal) for mbed_assert_internal
    mbed_board.o(i.mbed_die) refers to mbed_wait_api.o(i.wait_ms) for wait_ms
    mbed_board.o(i.mbed_die) refers to mbed_board.o(.conststring) for .conststring
    mbed_board.o(i.mbed_error_printf) refers to mbed_critical.o(i.core_util_critical_section_enter) for core_util_critical_section_enter
    mbed_board.o(i.mbed_error_printf) refers to vsprintf.o(.text) for vsprintf
    mbed_board.o(i.mbed_error_printf) refers to serial_api.o(i.serial_init) for serial_init
    mbed_board.o(i.mbed_error_printf) refers to serial_api.o(i.serial_putc) for serial_putc
    mbed_board.o(i.mbed_error_printf) refers to mbed_critical.o(i.core_util_critical_section_exit) for core_util_critical_section_exit
    mbed_board.o(i.mbed_error_printf) refers to serial_api.o(.data) for stdio_uart_inited
    mbed_board.o(i.mbed_error_vfprintf) refers to mbed_critical.o(i.core_util_critical_section_enter) for core_util_critical_section_enter
    mbed_board.o(i.mbed_error_vfprintf) refers to vsprintf.o(.text) for vsprintf
    mbed_board.o(i.mbed_error_vfprintf) refers to serial_api.o(i.serial_init) for serial_init
    mbed_board.o(i.mbed_error_vfprintf) refers to serial_api.o(i.serial_putc) for serial_putc
    mbed_board.o(i.mbed_error_vfprintf) refers to mbed_critical.o(i.core_util_critical_section_exit) for core_util_critical_section_exit
    mbed_board.o(i.mbed_error_vfprintf) refers to serial_api.o(.data) for stdio_uart_inited
    retarget.o(i.$Sub$$main) refers to retarget.o(i.mbed_sdk_init) for mbed_sdk_init
    retarget.o(i.$Sub$$main) refers to retarget.o(i.mbed_main) for mbed_main
    retarget.o(i.$Sub$$main) refers to main.o(i.main) for $Super$$main
    retarget.o(i._ZN4mbed10FileHandleD0Ev) refers to mbed_assert.o(i.mbed_assert_internal) for mbed_assert_internal
    retarget.o(i._ZN4mbed10FileHandleD0Ev) refers to h1_free.o(.text) for free
    retarget.o(i._ZN4mbed10FileHandleD0Ev) refers to retarget.o(.constdata__ZTVN4mbed10FileHandleE) for vtable for mbed::FileHandle
    retarget.o(i._ZN4mbed10FileHandleD0Ev) refers to retarget.o(.data) for .data
    retarget.o(i._ZN4mbed10FileHandleD0Ev) refers to retarget.o(.constdata__ZZN12SingletonPtrI13PlatformMutexE3getEvEs_0) for SingletonPtr<PlatformMutex>::get()::string (instance 2)
    retarget.o(i._ZN4mbed10FileHandleD0Ev) refers to retarget.o(.constdata__ZZN12SingletonPtrI13PlatformMutexE3getEvEs) for SingletonPtr<PlatformMutex>::get()::string
    retarget.o(i._ZN4mbed10FileHandleD0Ev) refers to retarget.o(.bss) for .bss
    retarget.o(i._ZN4mbed10FileHandleD2Ev) refers to mbed_assert.o(i.mbed_assert_internal) for mbed_assert_internal
    retarget.o(i._ZN4mbed10FileHandleD2Ev) refers to retarget.o(.constdata__ZTVN4mbed10FileHandleE) for vtable for mbed::FileHandle
    retarget.o(i._ZN4mbed10FileHandleD2Ev) refers to retarget.o(.data) for .data
    retarget.o(i._ZN4mbed10FileHandleD2Ev) refers to retarget.o(.constdata__ZZN12SingletonPtrI13PlatformMutexE3getEvEs_0) for SingletonPtr<PlatformMutex>::get()::string (instance 2)
    retarget.o(i._ZN4mbed10FileHandleD2Ev) refers to retarget.o(.constdata__ZZN12SingletonPtrI13PlatformMutexE3getEvEs) for SingletonPtr<PlatformMutex>::get()::string
    retarget.o(i._ZN4mbed10FileHandleD2Ev) refers to retarget.o(.bss) for .bss
    retarget.o(i._ZN4mbed26mbed_set_unbuffered_streamEPSt6__FILE) refers to setbuf.o(.text) for setbuf
    retarget.o(i._ZN4mbed9mbed_getcEPSt6__FILE) refers to fgetc.o(i.fgetc) for fgetc
    retarget.o(i._ZN4mbed9mbed_getsEPciPSt6__FILE) refers to fgets.o(.text) for fgets
    retarget.o(i._ZdaPv) refers to h1_free.o(.text) for free
    retarget.o(i._ZdlPv) refers to h1_free.o(.text) for free
    retarget.o(i._Znaj) refers to h1_alloc.o(.text) for malloc
    retarget.o(i._Znaj) refers to mbed_error.o(i.error) for error
    retarget.o(i._Znwj) refers to h1_alloc.o(.text) for malloc
    retarget.o(i._Znwj) refers to mbed_error.o(i.error) for error
    retarget.o(i._sys_close) refers to retarget.o(.bss) for .bss
    retarget.o(i._sys_ensure) refers to retarget.o(.bss) for .bss
    retarget.o(i._sys_flen) refers to retarget.o(.bss) for .bss
    retarget.o(i._sys_istty) refers to retarget.o(.bss) for .bss
    retarget.o(i._sys_open) refers to _scanf_int.o(.text) for _scanf_int
    retarget.o(i._sys_open) refers to strcmpv7m.o(.text) for strcmp
[...]
    .bss                                     0x1000018c   Section      276  main.o(.bss)
    .bss                                     0x100002a0   Section       84  stdio_streams.o(.bss)
    .bss                                     0x100002f4   Section       84  stdio_streams.o(.bss)
    .bss                                     0x10000348   Section       84  stdio_streams.o(.bss)
    .bss                                     0x1000039c   Section        4  rt_heap_descriptor.o(.bss)
    __rt_heap_descriptor_data                0x1000039c   Data           4  rt_heap_descriptor.o(.bss)
    .bss                                     0x100003a0   Section        4  rt_ddtor_pointer_addr.o(.bss)
    __rt_ddtor_pointer_addr_data             0x100003a0   Data           4  rt_ddtor_pointer_addr.o(.bss)
    .bss                                     0x100003a4   Section       20  rt_locale.o(.bss)
    __rt_locale_data                         0x100003a4   Data          20  rt_locale.o(.bss)
    .bss                                     0x100003b8   Section        4  rt_errno_addr.o(.bss)
    __aeabi_errno_addr_data                  0x100003b8   Data           4  rt_errno_addr.o(.bss)

    Global Symbols

    Symbol Name                              Value     Ov Type        Size  Object(Section)

    BuildAttributes$$THM_ISAv4$E$P$D$K$B$S$7EM$VFPi3$EXTD16$VFPS$VFMA$PE$A:L22UL41UL21$X:L11$S22US41US21$IEEE1$IW$USESV6$~STKCKD$USESV7$~SHL$OTIME$ROPI$IEEEJ$EBA8$UX$STANDARDLIB$REQ8$PRES8$EABIv2 0x00000000   Number         0  anon$$obj.o ABSOLUTE
    __ARM_use_no_argv                        0x00000000   Number         0  main.o ABSOLUTE
    __Vectors                                0x00000000   Data           4  startup_LPC407x_8x_177x_8x.o(RESET)
    __dso_handle                             0x00000000   Number         0  startup_LPC407x_8x_177x_8x.o(RESET)
    _printf_flags                            0x00000000   Number         0  printf_stubs.o ABSOLUTE
    _printf_return_value                     0x00000000   Number         0  printf_stubs.o ABSOLUTE
    _printf_sizespec                         0x00000000   Number         0  printf_stubs.o ABSOLUTE
    _printf_widthprec                        0x00000000   Number         0  printf_stubs.o ABSOLUTE
    __ARM::default_unexpected_handler()       - Undefined Weak Reference
    __ARM_exceptions_buffer_required          - Undefined Weak Reference
    __ARM_exceptions_init                     - Undefined Weak Reference
    __alloca_initialize                       - Undefined Weak Reference
    __arm_fini_                               - Undefined Weak Reference
    __arm_preinit_                            - Undefined Weak Reference
    __rt_lib_shutdown                         - Undefined Weak Reference
    __sigvec_lookup                           - Undefined Weak Reference
    __user_heap_extent                        - Undefined Weak Reference
    _atexit_init                              - Undefined Weak Reference
    _clock_init                               - Undefined Weak Reference
    _fp_trap_init                             - Undefined Weak Reference
    _fp_trap_shutdown                         - Undefined Weak Reference
    _get_lc_collate                           - Undefined Weak Reference
    _get_lc_monetary                          - Undefined Weak Reference
    _get_lc_time                              - Undefined Weak Reference
    _getenv_init                              - Undefined Weak Reference
    _handle_redirection                       - Undefined Weak Reference
    _mutex_acquire                            - Undefined Weak Reference
    _mutex_free                               - Undefined Weak Reference
    _mutex_release                            - Undefined Weak Reference
    _printf_mbtowc                            - Undefined Weak Reference
    _printf_wc                                - Undefined Weak Reference
    _rand_init                                - Undefined Weak Reference
    _scanf_longlong                           - Undefined Weak Reference
    _scanf_mbtowc                             - Undefined Weak Reference
    _scanf_real                               - Undefined Weak Reference
    _scanf_string                             - Undefined Weak Reference
    _scanf_wctomb                             - Undefined Weak Reference
    _scanf_wstring                            - Undefined Weak Reference
    _signal_finish                            - Undefined Weak Reference
    _signal_init                              - Undefined Weak Reference
    __main                                   0x000000e5   Thumb Code     8  __main.o(!!!main)
    __scatterload                            0x000000ed   Thumb Code     0  __scatter.o(!!!scatter)
    __scatterload_rt2                        0x000000ed   Thumb Code    44  __scatter.o(!!!scatter)
    __scatterload_rt2_thumb_only             0x000000ed   Thumb Code     0  __scatter.o(!!!scatter)
    __scatterload_null                       0x000000fb   Thumb Code     0  __scatter.o(!!!scatter)
    __scatterload_copy                       0x00000121   Thumb Code    26  __scatter_copy.o(!!handler_copy)
    __scatterload_zeroinit                   0x0000013d   Thumb Code    28  __scatter_zi.o(!!handler_zi)
    _printf_n                                0x00000159   Thumb Code     0  _printf_n.o(.ARM.Collect$$_printf_percent$$00000001)
    _printf_percent                          0x00000159   Thumb Code     0  _printf_percent.o(.ARM.Collect$$_printf_percent$$00000000)
    _printf_p                                0x0000015f   Thumb Code     0  _printf_p.o(.ARM.Collect$$_printf_percent$$00000002)
    _printf_f                                0x00000165   Thumb Code     0  _printf_f.o(.ARM.Collect$$_printf_percent$$00000003)
    _printf_e                                0x0000016b   Thumb Code     0  _printf_e.o(.ARM.Collect$$_printf_percent$$00000004)
    _printf_g                                0x00000171   Thumb Code     0  _printf_g.o(.ARM.Collect$$_printf_percent$$00000005)
    _printf_a                                0x00000177   Thumb Code     0  _printf_a.o(.ARM.Collect$$_printf_percent$$00000006)
    _printf_ll                               0x0000017d   Thumb Code     0  _printf_ll.o(.ARM.Collect$$_printf_percent$$00000007)
    _printf_i                                0x00000187   Thumb Code     0  _printf_i.o(.ARM.Collect$$_printf_percent$$00000008)
    _printf_d                                0x0000018d   Thumb Code     0  _printf_d.o(.ARM.Collect$$_printf_percent$$00000009)
    _printf_u                                0x00000193   Thumb Code     0  _printf_u.o(.ARM.Collect$$_printf_percent$$0000000A)
    _printf_o                                0x00000199   Thumb Code     0  _printf_o.o(.ARM.Collect$$_printf_percent$$0000000B)
    _printf_x                                0x0000019f   Thumb Code     0  _printf_x.o(.ARM.Collect$$_printf_percent$$0000000C)
    _printf_lli                              0x000001a5   Thumb Code     0  _printf_lli.o(.ARM.Collect$$_printf_percent$$0000000D)
    _printf_lld                              0x000001ab   Thumb Code     0  _printf_lld.o(.ARM.Collect$$_printf_percent$$0000000E)
    _printf_llu                              0x000001b1   Thumb Code     0  _printf_llu.o(.ARM.Collect$$_printf_percent$$0000000F)
    _printf_llo                              0x000001b7   Thumb Code     0  _printf_llo.o(.ARM.Collect$$_printf_percent$$00000010)
    _printf_llx                              0x000001bd   Thumb Code     0  _printf_llx.o(.ARM.Collect$$_printf_percent$$00000011)
    _printf_l                                0x000001c3   Thumb Code     0  _printf_l.o(.ARM.Collect$$_printf_percent$$00000012)
    _printf_c                                0x000001cd   Thumb Code     0  _printf_c.o(.ARM.Collect$$_printf_percent$$00000013)
    _printf_s                                0x000001d3   Thumb Code     0  _printf_s.o(.ARM.Collect$$_printf_percent$$00000014)
    _printf_lc                               0x000001d9   Thumb Code     0  _printf_lc.o(.ARM.Collect$$_printf_percent$$00000015)
    _printf_ls                               0x000001df   Thumb Code     0  _printf_ls.o(.ARM.Collect$$_printf_percent$$00000016)
    _printf_percent_end                      0x000001e5   Thumb Code     0  _printf_percent_end.o(.ARM.Collect$$_printf_percent$$00000017)
    __rt_lib_init                            0x000001e9   Thumb Code     0  libinit.o(.ARM.Collect$$libinit$$00000000)
    __rt_lib_init_fp_1                       0x000001eb   Thumb Code     0  libinit2.o(.ARM.Collect$$libinit$$00000001)
    __rt_lib_init_heap_2                     0x000001ef   Thumb Code     0  libinit2.o(.ARM.Collect$$libinit$$00000005)
    __rt_lib_init_preinit_1                  0x000001ef   Thumb Code     0  libinit2.o(.ARM.Collect$$libinit$$00000004)
    __rt_lib_init_heap_1                     0x000001f7   Thumb Code     0  libinit2.o(.ARM.Collect$$libinit$$0000000A)
    __rt_lib_init_lc_common                  0x000001f7   Thumb Code     0  libinit2.o(.ARM.Collect$$libinit$$0000000F)
    __rt_lib_init_rand_1                     0x000001f7   Thumb Code     0  libinit2.o(.ARM.Collect$$libinit$$0000000E)
    __rt_lib_init_user_alloc_1               0x000001f7   Thumb Code     0  libinit2.o(.ARM.Collect$$libinit$$0000000C)
    __rt_lib_init_lc_collate_1               0x000001fd   Thumb Code     0  libinit2.o(.ARM.Collect$$libinit$$00000011)
    __rt_lib_init_lc_ctype_2                 0x000001fd   Thumb Code     0  libinit2.o(.ARM.Collect$$libinit$$00000012)
    __rt_lib_init_lc_ctype_1                 0x00000209   Thumb Code     0  libinit2.o(.ARM.Collect$$libinit$$00000013)
    __rt_lib_init_lc_monetary_1              0x00000209   Thumb Code     0  libinit2.o(.ARM.Collect$$libinit$$00000015)
    __rt_lib_init_lc_numeric_2               0x00000209   Thumb Code     0  libinit2.o(.ARM.Collect$$libinit$$00000016)
    __rt_lib_init_atexit_1                   0x00000213   Thumb Code     0  libinit2.o(.ARM.Collect$$libinit$$0000001B)
    __rt_lib_init_clock_1                    0x00000213   Thumb Code     0  libinit2.o(.ARM.Collect$$libinit$$00000021)
    __rt_lib_init_fp_trap_1                  0x00000213   Thumb Code     0  libinit2.o(.ARM.Collect$$libinit$$0000001F)
    __rt_lib_init_getenv_1                   0x00000213   Thumb Code     0  libinit2.o(.ARM.Collect$$libinit$$00000023)
    __rt_lib_init_lc_numeric_1               0x00000213   Thumb Code     0  libinit2.o(.ARM.Collect$$libinit$$00000017)
    __rt_lib_init_lc_time_1                  0x00000213   Thumb Code     0  libinit2.o(.ARM.Collect$$libinit$$00000019)
    __rt_lib_init_signal_1                   0x00000213   Thumb Code     0  libinit2.o(.ARM.Collect$$libinit$$0000001D)
    __rt_lib_init_stdio_2                    0x00000213   Thumb Code     0  libinit2.o(.ARM.Collect$$libinit$$00000024)
    __rt_lib_init_alloca_1                   0x00000217   Thumb Code     0  libinit2.o(.ARM.Collect$$libinit$$0000002E)
    __rt_lib_init_argv_1                     0x00000217   Thumb Code     0  libinit2.o(.ARM.Collect$$libinit$$0000002C)
    __rt_lib_init_cpp_2                      0x00000217   Thumb Code     0  libinit2.o(.ARM.Collect$$libinit$$00000031)
    __rt_lib_init_exceptions_1               0x00000217   Thumb Code     0  libinit2.o(.ARM.Collect$$libinit$$00000030)
    __rt_lib_init_stdio_1                    0x00000217   Thumb Code     0  libinit2.o(.ARM.Collect$$libinit$$00000025)
    __rt_lib_init_cpp_1                      0x0000021b   Thumb Code     0  libinit2.o(.ARM.Collect$$libinit$$00000032)
    __rt_lib_init_return                     0x0000021b   Thumb Code     0  libinit2.o(.ARM.Collect$$libinit$$00000033)
    __rt_entry                               0x0000021d   Thumb Code     0  __rtentry.o(.ARM.Collect$$rtentry$$00000000)
    __rt_entry_presh_1                       0x0000021d   Thumb Code     0  __rtentry2.o(.ARM.Collect$$rtentry$$00000002)
    __rt_entry_sh                            0x0000021d   Thumb Code     0  __rtentry4.o(.ARM.Collect$$rtentry$$00000004)
    __rt_lib_shutdown_cpp_2                  0x0000021d   Thumb Code     0  libshutdown2.o(.ARM.Collect$$libshutdown$$00000004)
    __rt_lib_shutdown_stdio_2                0x0000021d   Thumb Code     0  libshutdown2.o(.ARM.Collect$$libshutdown$$00000006)
    __rt_entry_li                            0x00000223   Thumb Code     0  __rtentry2.o(.ARM.Collect$$rtentry$$0000000A)
    __rt_entry_postsh_1                      0x00000223   Thumb Code     0  __rtentry2.o(.ARM.Collect$$rtentry$$00000009)
    __rt_entry_main                          0x00000227   Thumb Code     0  __rtentry2.o(.ARM.Collect$$rtentry$$0000000D)
    __rt_entry_postli_1                      0x00000227   Thumb Code     0  __rtentry2.o(.ARM.Collect$$rtentry$$0000000C)
    Reset_Handler                            0x00000231   Thumb Code     8  startup_LPC407x_8x_177x_8x.o(.text)
    _maybe_terminate_alloc                   0x00000231   Thumb Code     0  maybetermalloc1.o(.emb_text)
    NMI_Handler                              0x00000239   Thumb Code     2  startup_LPC407x_8x_177x_8x.o(.text)
    HardFault_Handler                        0x0000023b   Thumb Code     2  startup_LPC407x_8x_177x_8x.o(.text)
    MemManage_Handler                        0x0000023d   Thumb Code     2  startup_LPC407x_8x_177x_8x.o(.text)
    BusFault_Handler                         0x0000023f   Thumb Code     2  startup_LPC407x_8x_177x_8x.o(.text)
    UsageFault_Handler                       0x00000241   Thumb Code     2  startup_LPC407x_8x_177x_8x.o(.text)
    SVC_Handler                              0x00000243   Thumb Code     2  startup_LPC407x_8x_177x_8x.o(.text)
    DebugMon_Handler                         0x00000245   Thumb Code     2  startup_LPC407x_8x_177x_8x.o(.text)
    PendSV_Handler                           0x00000247   Thumb Code     2  startup_LPC407x_8x_177x_8x.o(.text)
    SysTick_Handler                          0x00000249   Thumb Code     2  startup_LPC407x_8x_177x_8x.o(.text)
    ADC_IRQHandler                           0x0000024b   Thumb Code     0  startup_LPC407x_8x_177x_8x.o(.text)
    BOD_IRQHandler                           0x0000024b   Thumb Code     0  startup_LPC407x_8x_177x_8x.o(.text)
    CANActivity_IRQHandler                   0x0000024b   Thumb Code     0  startup_LPC407x_8x_177x_8x.o(.text)
    CAN_IRQHandler                           0x0000024b   Thumb Code     0  startup_LPC407x_8x_177x_8x.o(.text)
    DMA_IRQHandler                           0x0000024b   Thumb Code     0  startup_LPC407x_8x_177x_8x.o(.text)
    EEPROM_IRQHandler                        0x0000024b   Thumb Code     0  startup_LPC407x_8x_177x_8x.o(.text)
    EINT0_IRQHandler                         0x0000024b   Thumb Code     0  startup_LPC407x_8x_177x_8x.o(.text)
    EINT1_IRQHandler                         0x0000024b   Thumb Code     0  startup_LPC407x_8x_177x_8x.o(.text)
    EINT2_IRQHandler                         0x0000024b   Thumb Code     0  startup_LPC407x_8x_177x_8x.o(.text)
    EINT3_IRQHandler                         0x0000024b   Thumb Code     0  startup_LPC407x_8x_177x_8x.o(.text)
    ENET_IRQHandler                          0x0000024b   Thumb Code     0  startup_LPC407x_8x_177x_8x.o(.text)
    GPIO_IRQHandler                          0x0000024b   Thumb Code     0  startup_LPC407x_8x_177x_8x.o(.text)
    I2C0_IRQHandler                          0x0000024b   Thumb Code     0  startup_LPC407x_8x_177x_8x.o(.text)
    I2C1_IRQHandler                          0x0000024b   Thumb Code     0  startup_LPC407x_8x_177x_8x.o(.text)
    I2C2_IRQHandler                          0x0000024b   Thumb Code     0  startup_LPC407x_8x_177x_8x.o(.text)
    I2S_IRQHandler                           0x0000024b   Thumb Code     0  startup_LPC407x_8x_177x_8x.o(.text)
    LCD_IRQHandler                           0x0000024b   Thumb Code     0  startup_LPC407x_8x_177x_8x.o(.text)
    MCI_IRQHandler                           0x0000024b   Thumb Code     0  startup_LPC407x_8x_177x_8x.o(.text)
    MCPWM_IRQHandler                         0x0000024b   Thumb Code     0  startup_LPC407x_8x_177x_8x.o(.text)
    PLL0_IRQHandler                          0x0000024b   Thumb Code     0  startup_LPC407x_8x_177x_8x.o(.text)
    PLL1_IRQHandler                          0x0000024b   Thumb Code     0  startup_LPC407x_8x_177x_8x.o(.text)
    PWM0_IRQHandler                          0x0000024b   Thumb Code     0  startup_LPC407x_8x_177x_8x.o(.text)
    PWM1_IRQHandler                          0x0000024b   Thumb Code     0  startup_LPC407x_8x_177x_8x.o(.text)
    QEI_IRQHandler                           0x0000024b   Thumb Code     0  startup_LPC407x_8x_177x_8x.o(.text)
    RTC_IRQHandler                           0x0000024b   Thumb Code     0  startup_LPC407x_8x_177x_8x.o(.text)
    SSP0_IRQHandler                          0x0000024b   Thumb Code     0  startup_LPC407x_8x_177x_8x.o(.text)
    SSP1_IRQHandler                          0x0000024b   Thumb Code     0  startup_LPC407x_8x_177x_8x.o(.text)
    SSP2_IRQHandler                          0x0000024b   Thumb Code     0  startup_LPC407x_8x_177x_8x.o(.text)
    TIMER0_IRQHandler                        0x0000024b   Thumb Code     0  startup_LPC407x_8x_177x_8x.o(.text)
    TIMER1_IRQHandler                        0x0000024b   Thumb Code     0  startup_LPC407x_8x_177x_8x.o(.text)
    TIMER2_IRQHandler                        0x0000024b   Thumb Code     0  startup_LPC407x_8x_177x_8x.o(.text)
    TIMER3_IRQHandler                        0x0000024b   Thumb Code     0  startup_LPC407x_8x_177x_8x.o(.text)
    UART0_IRQHandler                         0x0000024b   Thumb Code     0  startup_LPC407x_8x_177x_8x.o(.text)
    UART1_IRQHandler                         0x0000024b   Thumb Code     0  startup_LPC407x_8x_177x_8x.o(.text)
    UART2_IRQHandler                         0x0000024b   Thumb Code     0  startup_LPC407x_8x_177x_8x.o(.text)
    UART3_IRQHandler                         0x0000024b   Thumb Code     0  startup_LPC407x_8x_177x_8x.o(.text)
    UART4_IRQHandler                         0x0000024b   Thumb Code     0  startup_LPC407x_8x_177x_8x.o(.text)
    USBActivity_IRQHandler                   0x0000024b   Thumb Code     0  startup_LPC407x_8x_177x_8x.o(.text)
    USB_IRQHandler                           0x0000024b   Thumb Code     0  startup_LPC407x_8x_177x_8x.o(.text)
    WDT_IRQHandler                           0x0000024b   Thumb Code     0  startup_LPC407x_8x_177x_8x.o(.text)
    malloc                                   0x00000255   Thumb Code    94  h1_alloc.o(.text)
    vsprintf                                 0x000002b5   Thumb Code    32  vsprintf.o(.text)
    __2printf                                0x000002d9   Thumb Code    20  __2printf.o(.text)
    __rt_heap_descriptor                     0x000002f1   Thumb Code     8  rt_heap_descriptor.o(.text)
    __use_no_heap                            0x000002f9   Thumb Code     2  hguard.o(.text)
    __heap$guard                             0x000002fb   Thumb Code     2  hguard.o(.text)
    free                                     0x00000301   Thumb Code    78  h1_free.o(.text)
    _printf_int_dec                          0x00000351   Thumb Code   104  _printf_dec.o(.text)
    __printf                                 0x000003c9   Thumb Code   388  __printf_flags_ss_wp.o(.text)
    __0sscanf                                0x00000551   Thumb Code    52  __0sscanf.o(.text)
    _scanf_int                               0x0000058d   Thumb Code   332  _scanf_int.o(.text)
    _do_fflush                               0x000006d9   Thumb Code    54  fflush.o(.text)
    fflush                                   0x0000070f   Thumb Code    42  fflush.o(.text)
    __aeabi_atexit                           0x0000073d   Thumb Code    46  aeabi_atexit.o(.text)
    strlen                                   0x0000076b   Thumb Code    62  strlen.o(.text)
    strncmp                                  0x000007a9   Thumb Code   150  strncmp.o(.text)
    __aeabi_memcpy4                          0x0000083f   Thumb Code     0  rt_memcpy_w.o(.text)
    __aeabi_memcpy8                          0x0000083f   Thumb Code     0  rt_memcpy_w.o(.text)
    __rt_memcpy_w                            0x0000083f   Thumb Code   100  rt_memcpy_w.o(.text)
    _memcpy_lastbytes_aligned                0x00000887   Thumb Code     0  rt_memcpy_w.o(.text)
    __aeabi_memclr4                          0x000008a3   Thumb Code     0  rt_memclr_w.o(.text)
    __aeabi_memclr8                          0x000008a3   Thumb Code     0  rt_memclr_w.o(.text)
    __rt_memclr_w                            0x000008a3   Thumb Code    78  rt_memclr_w.o(.text)
    _memset_w                                0x000008a7   Thumb Code     0  rt_memclr_w.o(.text)
    strcmp                                   0x000008f1   Thumb Code   128  strcmpv7m.o(.text)
    __cpp_initialize__aeabi_                 0x00000971   Thumb Code    26  init_aeabi.o(.text)
    __rt_ddtor_pointer_addr                  0x00000995   Thumb Code     8  rt_ddtor_pointer_addr.o(.text)
    _terminate_user_alloc                    0x0000099d   Thumb Code     2  init_alloc.o(.text)
    _init_user_alloc                         0x0000099f   Thumb Code     2  init_alloc.o(.text)
    __Heap_Full                              0x000009a1   Thumb Code    34  init_alloc.o(.text)
    __Heap_Broken                            0x000009c3   Thumb Code     6  init_alloc.o(.text)
    _init_alloc                              0x000009c9   Thumb Code    94  init_alloc.o(.text)
    __Heap_Initialize                        0x00000a27   Thumb Code    10  h1_init.o(.text)
    __Heap_DescSize                          0x00000a31   Thumb Code     4  h1_init.o(.text)
    _printf_pre_padding                      0x00000a35   Thumb Code    44  _printf_pad.o(.text)
    _printf_post_padding                     0x00000a61   Thumb Code    34  _printf_pad.o(.text)
    _printf_truncate_signed                  0x00000a83   Thumb Code    18  _printf_truncate.o(.text)
    _printf_truncate_unsigned                0x00000a95   Thumb Code    18  _printf_truncate.o(.text)
    _printf_str                              0x00000aa7   Thumb Code    82  _printf_str.o(.text)
    _printf_int_common                       0x00000af9   Thumb Code   178  _printf_intcommon.o(.text)
    _printf_charcount                        0x00000bab   Thumb Code    40  _printf_charcount.o(.text)
    _printf_char_common                      0x00000bdf   Thumb Code    32  _printf_char_common.o(.text)
    _sputc                                   0x00000c05   Thumb Code    10  _sputc.o(.text)
    _printf_char_file                        0x00000c11   Thumb Code    32  _printf_char_file.o(.text)
    _printf_wctomb                           0x00000c35   Thumb Code   182  _printf_wctomb.o(.text)
    _printf_longlong_dec                     0x00000cf1   Thumb Code   108  _printf_longlong_dec.o(.text)
    _printf_longlong_oct                     0x00000d6d   Thumb Code    66  _printf_oct_int_ll.o(.text)
    _printf_int_oct                          0x00000daf   Thumb Code    24  _printf_oct_int_ll.o(.text)
    _printf_ll_oct                           0x00000dc7   Thumb Code    12  _printf_oct_int_ll.o(.text)
    _printf_longlong_hex                     0x00000ddd   Thumb Code    86  _printf_hex_int_ll_ptr.o(.text)
    _printf_int_hex                          0x00000e33   Thumb Code    28  _printf_hex_int_ll_ptr.o(.text)
    _printf_ll_hex                           0x00000e4f   Thumb Code    12  _printf_hex_int_ll_ptr.o(.text)
    _printf_hex_ptr                          0x00000e5b   Thumb Code    18  _printf_hex_int_ll_ptr.o(.text)
    _chval                                   0x00000e71   Thumb Code    28  _chval.o(.text)
    __vfscanf_char                           0x00000e99   Thumb Code    24  scanf_char.o(.text)
    _sgetc                                   0x00000eb9   Thumb Code    30  _sgetc.o(.text)
    _sbackspace                              0x00000ed7   Thumb Code    34  _sgetc.o(.text)
    ferror                                   0x00000ef9   Thumb Code     8  ferror.o(.text)
    _fseek                                   0x00000f01   Thumb Code   242  fseek.o(.text)
    fseek                                    0x00000f01   Thumb Code     0  fseek.o(.text)
    setvbuf                                  0x00000ff9   Thumb Code    70  setvbuf.o(.text)
    _seterr                                  0x00001041   Thumb Code    20  stdio.o(.text)
    _writebuf                                0x00001055   Thumb Code    84  stdio.o(.text)
    _fflush                                  0x000010a9   Thumb Code    70  stdio.o(.text)
    _deferredlazyseek                        0x000010ef   Thumb Code    60  stdio.o(.text)
    _initio                                  0x00001131   Thumb Code   210  initio.o(.text)
    _terminateio                             0x00001203   Thumb Code    56  initio.o(.text)
    __cxa_finalize                           0x00001269   Thumb Code    66  cxa_finalize.o(.text)
    __Heap_ProvideMemory                     0x000012ab   Thumb Code    52  h1_extend.o(.text)
    _ll_udiv10                               0x000012df   Thumb Code   138  lludiv10.o(.text)
    isspace                                  0x00001369   Thumb Code    18  isspace.o(.text)
    __lib_sel_fp_printf                      0x0000137b   Thumb Code     2  _printf_fp_dec.o(.text)
    _printf_fp_dec_real                      0x0000152d   Thumb Code   620  _printf_fp_dec.o(.text)
    _printf_fp_hex_real                      0x00001799   Thumb Code   756  _printf_fp_hex.o(.text)
    _printf_cs_common                        0x00001a95   Thumb Code    20  _printf_char.o(.text)
    _printf_char                             0x00001aa9   Thumb Code    16  _printf_char.o(.text)
    _printf_string                           0x00001ab9   Thumb Code     8  _printf_char.o(.text)
    _printf_lcs_common                       0x00001ac1   Thumb Code    20  _printf_wchar.o(.text)
    _printf_wchar                            0x00001ad5   Thumb Code    16  _printf_wchar.o(.text)
    _printf_wstring                          0x00001ae5   Thumb Code     8  _printf_wchar.o(.text)
    __vfscanf                                0x00001aed   Thumb Code   880  _scanf.o(.text)
    _ftell_internal                          0x00001e61   Thumb Code    66  ftell.o(.text)
    ftell                                    0x00001e61   Thumb Code     0  ftell.o(.text)
    freopen                                  0x00001ea5   Thumb Code   158  fopen.o(.text)
    fopen                                    0x00001f43   Thumb Code    74  fopen.o(.text)
    _fclose_internal                         0x00001f91   Thumb Code    76  fclose.o(.text)
    fclose                                   0x00001f91   Thumb Code     0  fclose.o(.text)
    _wcrtomb                                 0x00001fdd   Thumb Code    64  _wcrtomb.o(.text)
    __sig_exit                               0x0000201d   Thumb Code    10  defsig_exit.o(.text)
    __rt_SIGRTRED                            0x00002027   Thumb Code    14  defsig_rtred_outer.o(.text)
    __rt_SIGRTMEM                            0x00002035   Thumb Code    14  defsig_rtmem_outer.o(.text)
    __rt_heap_escrow                         0x00002045   Thumb Code    22  heapauxa.o(.text)
    __rt_heap_expand                         0x0000205b   Thumb Code    52  heapauxa.o(.text)
    _sys_exit                                0x00002095   Thumb Code     8  sys_exit.o(.text)
    __rt_ctype_table                         0x000020a1   Thumb Code    16  rt_ctype_table.o(.text)
    __rt_locale                              0x000020b1   Thumb Code     8  rt_locale.o(.text)
    __aeabi_errno_addr                       0x000020b9   Thumb Code     8  rt_errno_addr.o(.text)
    __errno                                  0x000020b9   Thumb Code     0  rt_errno_addr.o(.text)
    __rt_errno_addr                          0x000020b9   Thumb Code     0  rt_errno_addr.o(.text)
    _printf_fp_infnan                        0x000020c1   Thumb Code   112  _printf_fp_infnan.o(.text)
    _btod_etento                             0x00002141   Thumb Code   224  bigflt0.o(.text)
    __flsbuf                                 0x00002225   Thumb Code   470  flsbuf.o(.text)
    __flsbuf_byte                            0x00002225   Thumb Code     0  flsbuf.o(.text)
    __flsbuf_wide                            0x00002225   Thumb Code     0  flsbuf.o(.text)
    __default_signal_display                 0x000023fb   Thumb Code    50  defsig_general.o(.text)
    __rt_SIGRTRED_inner                      0x0000242d   Thumb Code    14  defsig_rtred_inner.o(.text)
    __rt_SIGRTMEM_inner                      0x00002461   Thumb Code    22  defsig_rtmem_inner.o(.text)
    _ttywrch                                 0x000024b1   Thumb Code    14  sys_wrch.o(.text)
    __I$use$semihosting                      0x000024bf   Thumb Code     0  use_no_semi.o(.text)
    __use_no_semihosting_swi                 0x000024bf   Thumb Code     2  use_no_semi.o(.text)
    __semihosting_library_function           0x000024c1   Thumb Code     0  indicate_semi.o(.text)
    _btod_d2e                                0x000024c1   Thumb Code    62  btod.o(CL$$btod_d2e)
    _d2e_denorm_low                          0x000024ff   Thumb Code    70  btod.o(CL$$btod_d2e_denorm_low)
    _d2e_norm_op1                            0x00002545   Thumb Code    96  btod.o(CL$$btod_d2e_norm_op1)
    __btod_div_common                        0x000025a5   Thumb Code   696  btod.o(CL$$btod_div_common)
    _e2e                                     0x000028dd   Thumb Code   220  btod.o(CL$$btod_e2e)
    _btod_ediv                               0x000029b9   Thumb Code    42  btod.o(CL$$btod_ediv)
    _btod_emul                               0x000029e3   Thumb Code    42  btod.o(CL$$btod_emul)
    __btod_mult_common                       0x00002a0d   Thumb Code   580  btod.o(CL$$btod_mult_common)
    main                                     0x00002c51   Thumb Code    18  retarget.o(i.$Sub$$main)
    SystemCoreClockUpdate                    0x00002c65   Thumb Code   462  system_LPC407x_8x_177x_8x.o(i.SystemCoreClockUpdate)
    SystemInit                               0x00002e41   Thumb Code   224  system_LPC407x_8x_177x_8x.o(i.SystemInit)
    convertTemp(int)                         0x00002f39   Thumb Code   262  main.o(i._Z11convertTempi)
    RTC()                                    0x00003069   Thumb Code   476  main.o(i._Z3RTCv)
    round(float)                             0x0000326d   Thumb Code    66  main.o(i._Z5roundf)
    loadBits(int*)                           0x000032b1   Thumb Code   110  main.o(i._Z8loadBitsPi)
    mbed::I2C::lock()                        0x0000337d   Thumb Code    30  I2C.o(i._ZN4mbed3I2C4lockEv)
    mbed::I2C::read(int)                     0x000033a9   Thumb Code    50  I2C.o(i._ZN4mbed3I2C4readEi)
    mbed::I2C::stop()                        0x000033db   Thumb Code    30  I2C.o(i._ZN4mbed3I2C4stopEv)
    mbed::I2C::start()                       0x000033f9   Thumb Code    30  I2C.o(i._ZN4mbed3I2C5startEv)
    mbed::I2C::write(int)                    0x00003417   Thumb Code    36  I2C.o(i._ZN4mbed3I2C5writeEi)
    mbed::I2C::unlock()                      0x0000343d   Thumb Code    30  I2C.o(i._ZN4mbed3I2C6unlockEv)
    mbed::I2C::I2C(PinName, PinName)         0x00003469   Thumb Code    30  I2C.o(i._ZN4mbed3I2CC1E7PinNameS1_)
    mbed::I2C::I2C__sub_object(PinName, PinName) 0x00003469   Thumb Code     0  I2C.o(i._ZN4mbed3I2CC1E7PinNameS1_)
    mbed::I2C::~I2C()                        0x00003495   Thumb Code     2  main.o(i._ZN4mbed3I2CD1Ev)
    mbed::I2C::~I2C__sub_object()            0x00003495   Thumb Code     0  main.o(i._ZN4mbed3I2CD1Ev)
    mbed::FileBase::getPathType()            0x00003497   Thumb Code     4  FileBase.o(i._ZN4mbed8FileBase11getPathTypeEv)
    mbed::FileBase::lookup(const char*, unsigned) 0x0000349d   Thumb Code    90  FileBase.o(i._ZN4mbed8FileBase6lookupEPKcj)
    mbed::FilePath::fileSystem()             0x00003509   Thumb Code    24  FilePath.o(i._ZN4mbed8FilePath10fileSystemEv)
    mbed::FilePath::file()                   0x00003521   Thumb Code    28  FilePath.o(i._ZN4mbed8FilePath4fileEv)
    mbed::FilePath::exists()                 0x0000353d   Thumb Code    10  FilePath.o(i._ZN4mbed8FilePath6existsEv)
    mbed::FilePath::isFile()                 0x00003547   Thumb Code    24  FilePath.o(i._ZN4mbed8FilePath6isFileEv)
    mbed::FilePath::fileName()               0x0000355f   Thumb Code     4  FilePath.o(i._ZN4mbed8FilePath8fileNameEv)
    mbed::FilePath::FilePath(const char*)    0x00003563   Thumb Code    64  FilePath.o(i._ZN4mbed8FilePathC1EPKc)
    mbed::FilePath::FilePath__sub_object(const char*) 0x00003563   Thumb Code     0  FilePath.o(i._ZN4mbed8FilePathC1EPKc)
    __ARM_fpclassify                         0x000035a3   Thumb Code    48  fpclassify.o(i.__ARM_fpclassify)
    __NVIC_SetVector                         0x000035d5   Thumb Code    42  cmsis_nvic.o(i.__NVIC_SetVector)
    __reserved_stack_size                    0x00003605   Thumb Code     4  sys_helper.o(i.__reserved_stack_size)
    __user_setup_stackheap                   0x00003739   Thumb Code    24  sys.o(i.__user_setup_stackheap)
    _is_digit                                0x00003755   Thumb Code    14  __printf_wp.o(i._is_digit)
    _sys_close                               0x00003765   Thumb Code    40  retarget.o(i._sys_close)
    _sys_flen                                0x00003791   Thumb Code    34  retarget.o(i._sys_flen)
    _sys_istty                               0x000037b9   Thumb Code    34  retarget.o(i._sys_istty)
    _sys_open                                0x000037e1   Thumb Code   436  retarget.o(i._sys_open)
    _sys_seek                                0x000039bd   Thumb Code    36  retarget.o(i._sys_seek)
    _sys_write                               0x000039e5   Thumb Code    92  retarget.o(i._sys_write)
    core_util_critical_section_enter         0x00003a4d   Thumb Code    70  mbed_critical.o(i.core_util_critical_section_enter)
    core_util_critical_section_exit          0x00003ad9   Thumb Code    60  mbed_critical.o(i.core_util_critical_section_exit)
    error                                    0x00003b31   Thumb Code    18  mbed_error.o(i.error)
    exit                                     0x00003b45   Thumb Code    24  retarget.o(i.exit)
    fputc                                    0x00003b65   Thumb Code    26  fputc.o(i.fputc)
    gpio_dir                                 0x00003b81   Thumb Code    56  gpio_api.o(i.gpio_dir)
    gpio_init                                0x00003bd5   Thumb Code    66  gpio_api.o(i.gpio_init)
    gpio_init_in                             0x00003c17   Thumb Code    40  mbed_gpio.o(i.gpio_init_in)
    gpio_init_out                            0x00003c41   Thumb Code    66  mbed_gpio.o(i.gpio_init_out)
    gpio_init_out_ex                         0x00003c8d   Thumb Code    78  mbed_gpio.o(i.gpio_init_out_ex)
    gpio_mode                                0x00003cf9   Thumb Code     8  gpio_api.o(i.gpio_mode)
    i2c_byte_read                            0x00003d01   Thumb Code    56  i2c_api.o(i.i2c_byte_read)
    i2c_byte_write                           0x00003d3d   Thumb Code    68  i2c_api.o(i.i2c_byte_write)
    i2c_init                                 0x00003d85   Thumb Code   196  i2c_api.o(i.i2c_init)
    i2c_start                                0x00003e75   Thumb Code    80  i2c_api.o(i.i2c_start)
    i2c_stop                                 0x00003ec9   Thumb Code    52  i2c_api.o(i.i2c_stop)
    $Super$$main                             0x00003f01   Thumb Code   540  main.o(i.main)
    mbed_assert_internal                     0x0000413d   Thumb Code    32  mbed_assert.o(i.mbed_assert_internal)
    mbed_die                                 0x00004191   Thumb Code   262  mbed_board.o(i.mbed_die)
    mbed_error_printf                        0x000042b5   Thumb Code    74  mbed_board.o(i.mbed_error_printf)
    mbed_error_vfprintf                      0x00004309   Thumb Code    68  mbed_board.o(i.mbed_error_vfprintf)
    mbed_main                                0x00004355   Thumb Code     2  retarget.o(i.mbed_main)
    mbed_sdk_init                            0x00004357   Thumb Code     2  retarget.o(i.mbed_sdk_init)
    pin_function                             0x00004359   Thumb Code    38  pinmap.o(i.pin_function)
    pin_mode                                 0x0000439d   Thumb Code    58  pinmap.o(i.pin_mode)
    pinmap_merge                             0x000043f5   Thumb Code    38  mbed_pinmap_common.o(i.pinmap_merge)
    pinmap_peripheral                        0x00004431   Thumb Code    62  mbed_pinmap_common.o(i.pinmap_peripheral)
    pinmap_pinout                            0x00004491   Thumb Code    72  mbed_pinmap_common.o(i.pinmap_pinout)
    serial_baud                              0x000044ed   Thumb Code   260  serial_api.o(i.serial_baud)
    serial_init                              0x000045f5   Thumb Code   348  serial_api.o(i.serial_init)
    serial_putc                              0x0000477d   Thumb Code    14  serial_api.o(i.serial_putc)
    ticker_irq_handler                       0x0000478b   Thumb Code    78  mbed_ticker_api.o(i.ticker_irq_handler)
    us_ticker_clear_interrupt                0x000047d9   Thumb Code     8  us_ticker.o(i.us_ticker_clear_interrupt)
    us_ticker_disable_interrupt              0x000047e5   Thumb Code    12  us_ticker.o(i.us_ticker_disable_interrupt)
    us_ticker_init                           0x000047f5   Thumb Code    74  us_ticker.o(i.us_ticker_init)
    us_ticker_irq_handler                    0x00004859   Thumb Code     6  mbed_us_ticker_api.o(i.us_ticker_irq_handler)
    us_ticker_read                           0x00004865   Thumb Code    72  us_ticker.o(i.us_ticker_read)
    us_ticker_set_interrupt                  0x000048c5   Thumb Code    14  us_ticker.o(i.us_ticker_set_interrupt)
    wait                                     0x000048d9   Thumb Code    36  mbed_wait_api.o(i.wait)
    wait_ms                                  0x00004901   Thumb Code    28  mbed_wait_api.o(i.wait_ms)
    _get_lc_numeric                          0x0000491d   Thumb Code    44  lc_numeric_c.o(locale$$code)
    _get_lc_ctype                            0x00004949   Thumb Code    44  lc_ctype_c.o(locale$$code)
    SingletonPtr<PlatformMutex>::operator ->() 0x00004975   Thumb Code    36  FileBase.o(t._ZN12SingletonPtrI13PlatformMutexEptEv)
    __aeabi_d2f                              0x000049a1   Thumb Code     0  d2f.o(x$fpl$d2f)
    _d2f                                     0x000049a1   Thumb Code    98  d2f.o(x$fpl$d2f)
    __aeabi_dadd                             0x00004a05   Thumb Code     0  daddsub_clz.o(x$fpl$dadd)
    _dadd                                    0x00004a05   Thumb Code   332  daddsub_clz.o(x$fpl$dadd)
    __aeabi_i2d                              0x00004b55   Thumb Code     0  dflt_clz.o(x$fpl$dflt)
    _dflt                                    0x00004b55   Thumb Code    46  dflt_clz.o(x$fpl$dflt)
    __aeabi_dmul                             0x00004b85   Thumb Code     0  dmul.o(x$fpl$dmul)
    _dmul                                    0x00004b85   Thumb Code   332  dmul.o(x$fpl$dmul)
    __fpl_dnaninf                            0x00004cd9   Thumb Code   156  dnaninf.o(x$fpl$dnaninf)
    __fpl_dretinf                            0x00004d75   Thumb Code    12  dretinf.o(x$fpl$dretinf)
    __aeabi_dsub                             0x00004d81   Thumb Code     0  daddsub_clz.o(x$fpl$dsub)
    _dsub                                    0x00004d81   Thumb Code   464  daddsub_clz.o(x$fpl$dsub)
    _fp_init                                 0x00004f55   Thumb Code    10  fpinit.o(x$fpl$fpinit)
    __fplib_config_fpu_vfp                   0x00004f5d   Thumb Code     0  fpinit.o(x$fpl$fpinit)
    __fplib_config_pureend_doubles           0x00004f5d   Thumb Code     0  fpinit.o(x$fpl$fpinit)
    __fpl_fretinf                            0x00004f5f   Thumb Code    10  fretinf.o(x$fpl$fretinf)
    _printf_fp_dec                           0x00004f69   Thumb Code     4  printf1.o(x$fpl$printf1)
    _printf_fp_hex                           0x00004f6d   Thumb Code     4  printf2.o(x$fpl$printf2)
    __I$use$fp                               0x00004f70   Number         0  usenofp.o(x$fpl$usenofp)
    __stdin_name                             0x00004f70   Data           7  retarget.o(.constdata)
    __stdout_name                            0x00004f77   Data           8  retarget.o(.constdata)
    __stderr_name                            0x00004f7f   Data           8  retarget.o(.constdata)
    vtable for mbed::I2C                     0x00006018   Data          24  I2C.o(.constdata__ZTVN4mbed3I2CE)
    SingletonPtr<PlatformMutex>::get()::string 0x00006030   Data          20  retarget.o(.constdata__ZZN12SingletonPtrI13PlatformMutexE3getEvEs)
    SingletonPtr<PlatformMutex>::get()::string (instance 2) 0x00006044   Data          69  retarget.o(.constdata__ZZN12SingletonPtrI13PlatformMutexE3getEvEs_0)
    Region$$Table$$Base                      0x000062e4   Number         0  anon$$obj.o(Region$$Table)
    Region$$Table$$Limit                     0x00006304   Number         0  anon$$obj.o(Region$$Table)
    __ctype                                  0x0000632d   Data           0  lc_ctype_c.o(locale$$data)
    SHT$$INIT_ARRAY$$Base                    0x00006430   Number         0  main.o(.init_array)
    SHT$$INIT_ARRAY$$Limit                   0x00006434   Number         0  init_aeabi.o(.init_array)
    SystemCoreClock                          0x100000f0   Data           4  system_LPC407x_8x_177x_8x.o(.data)
    PeripheralClock                          0x100000f4   Data           4  system_LPC407x_8x_177x_8x.o(.data)
    EMCClock                                 0x100000f8   Data           4  system_LPC407x_8x_177x_8x.o(.data)
    USBClock                                 0x100000fc   Data           4  system_LPC407x_8x_177x_8x.o(.data)
    stdio_uart_inited                        0x10000100   Data           4  serial_api.o(.data)
    stdio_uart                               0x10000108   Data           8  serial_api.o(.data)
    mbed::I2C::_owner                        0x10000110   Data           4  I2C.o(.data)
    mbed::I2C::_mutex                        0x10000114   Data           8  I2C.o(.data)
    us_ticker_inited                         0x10000124   Data           4  us_ticker.o(.data)
    mbed::FileBase::_head                    0x10000128   Data           4  FileBase.o(.data)
    mbed::FileBase::_mutex                   0x1000012c   Data           8  FileBase.o(.data)
    __aeabi_stdin                            0x1000013c   Data           4  stdio_streams.o(.data)
    __aeabi_stdout                           0x10000140   Data           4  stdio_streams.o(.data)
    __aeabi_stderr                           0x10000144   Data           4  stdio_streams.o(.data)
    CLK                                      0x1000018c   Data          24  main.o(.bss)
    CLR                                      0x100001a4   Data          24  main.o(.bss)
    DATA                                     0x100001bc   Data          24  main.o(.bss)
    R1                                       0x100001d4   Data          24  main.o(.bss)
    R2                                       0x100001ec   Data          24  main.o(.bss)
    R3                                       0x10000204   Data          24  main.o(.bss)
    R4                                       0x1000021c   Data          24  main.o(.bss)
    C1                                       0x10000234   Data          24  main.o(.bss)
    C2                                       0x1000024c   Data          24  main.o(.bss)
    C3                                       0x10000264   Data          24  main.o(.bss)
    C4                                       0x1000027c   Data          24  main.o(.bss)
    i2c                                      0x10000294   Data          12  main.o(.bss)
    __stdin                                  0x100002a0   Data          84  stdio_streams.o(.bss)
    __stdout                                 0x100002f4   Data          84  stdio_streams.o(.bss)
    __stderr                                 0x10000348   Data          84  stdio_streams.o(.bss)
    Image$$RW_IRAM1$$ZI$$Limit               0x100003bc   Number         0  anon$$obj.o ABSOLUTE



==============================================================================

Memory Map of the image

  Image Entry point : 0x000000e5

  Load Region LR_IROM1 (Base: 0x00000000, Size: 0x00006498, Max: 0x00080000, ABSOLUTE)

    Execution Region ER_IROM1 (Exec base: 0x00000000, Load base: 0x00000000, Size: 0x00006434, Max: 0x00080000, ABSOLUTE)

    Exec Addr    Load Addr    Size         Type   Attr      Idx    E Section Name        Object

    0x00000000   0x00000000   0x000000e4   Data   RO          168    RESET               startup_LPC407x_8x_177x_8x.o
    0x000000e4   0x000000e4   0x00000008   Code   RO         1243  * !!!main             c_w.l(__main.o)
    0x000000ec   0x000000ec   0x00000034   Code   RO         1845    !!!scatter          c_w.l(__scatter.o)
    0x00000120   0x00000120   0x0000001a   Code   RO         1847    !!handler_copy      c_w.l(__scatter_copy.o)
    0x0000013a   0x0000013a   0x00000002   PAD
    0x0000013c   0x0000013c   0x0000001c   Code   RO         1849    !!handler_zi        c_w.l(__scatter_zi.o)
    0x00000158   0x00000158   0x00000000   Code   RO         1200    .ARM.Collect$$_printf_percent$$00000000  c_w.l(_printf_percent.o)
    0x00000158   0x00000158   0x00000006   Code   RO         1459    .ARM.Collect$$_printf_percent$$00000001  c_w.l(_printf_n.o)
    0x0000015e   0x0000015e   0x00000006   Code   RO         1461    .ARM.Collect$$_printf_percent$$00000002  c_w.l(_printf_p.o)
    0x00000164   0x00000164   0x00000006   Code   RO         1465    .ARM.Collect$$_printf_percent$$00000003  c_w.l(_printf_f.o)
    0x0000016a   0x0000016a   0x00000006   Code   RO         1466    .ARM.Collect$$_printf_percent$$00000004  c_w.l(_printf_e.o)
    0x00000170   0x00000170   0x00000006   Code   RO         1467    .ARM.Collect$$_printf_percent$$00000005  c_w.l(_printf_g.o)
    0x00000176   0x00000176   0x00000006   Code   RO         1468    .ARM.Collect$$_printf_percent$$00000006  c_w.l(_printf_a.o)
    0x0000017c   0x0000017c   0x0000000a   Code   RO         1473    .ARM.Collect$$_printf_percent$$00000007  c_w.l(_printf_ll.o)
    0x00000186   0x00000186   0x00000006   Code   RO         1463    .ARM.Collect$$_printf_percent$$00000008  c_w.l(_printf_i.o)
    0x0000018c   0x0000018c   0x00000006   Code   RO         1199    .ARM.Collect$$_printf_percent$$00000009  c_w.l(_printf_d.o)
    0x00000192   0x00000192   0x00000006   Code   RO         1464    .ARM.Collect$$_printf_percent$$0000000A  c_w.l(_printf_u.o)
    0x00000198   0x00000198   0x00000006   Code   RO         1462    .ARM.Collect$$_printf_percent$$0000000B  c_w.l(_printf_o.o)
    0x0000019e   0x0000019e   0x00000006   Code   RO         1460    .ARM.Collect$$_printf_percent$$0000000C  c_w.l(_printf_x.o)
    0x000001a4   0x000001a4   0x00000006   Code   RO         1470    .ARM.Collect$$_printf_percent$$0000000D  c_w.l(_printf_lli.o)
    0x000001aa   0x000001aa   0x00000006   Code   RO         1471    .ARM.Collect$$_printf_percent$$0000000E  c_w.l(_printf_lld.o)
    0x000001b0   0x000001b0   0x00000006   Code   RO         1472    .ARM.Collect$$_printf_percent$$0000000F  c_w.l(_printf_llu.o)
    0x000001b6   0x000001b6   0x00000006   Code   RO         1477    .ARM.Collect$$_printf_percent$$00000010  c_w.l(_printf_llo.o)
    0x000001bc   0x000001bc   0x00000006   Code   RO         1478    .ARM.Collect$$_printf_percent$$00000011  c_w.l(_printf_llx.o)
    0x000001c2   0x000001c2   0x0000000a   Code   RO         1474    .ARM.Collect$$_printf_percent$$00000012  c_w.l(_printf_l.o)
    0x000001cc   0x000001cc   0x00000006   Code   RO         1457    .ARM.Collect$$_printf_percent$$00000013  c_w.l(_printf_c.o)
    0x000001d2   0x000001d2   0x00000006   Code   RO         1458    .ARM.Collect$$_printf_percent$$00000014  c_w.l(_printf_s.o)
    0x000001d8   0x000001d8   0x00000006   Code   RO         1475    .ARM.Collect$$_printf_percent$$00000015  c_w.l(_printf_lc.o)
    0x000001de   0x000001de   0x00000006   Code   RO         1476    .ARM.Collect$$_printf_percent$$00000016  c_w.l(_printf_ls.o)
    0x000001e4   0x000001e4   0x00000004   Code   RO         1469    .ARM.Collect$$_printf_percent$$00000017  c_w.l(_printf_percent_end.o)
    0x000001e8   0x000001e8   0x00000002   Code   RO         1791    .ARM.Collect$$libinit$$00000000  c_w.l(libinit.o)
    0x000001ea   0x000001ea   0x00000004   Code   RO         1515    .ARM.Collect$$libinit$$00000001  c_w.l(libinit2.o)
    0x000001ee   0x000001ee   0x00000000   Code   RO         1518    .ARM.Collect$$libinit$$00000004  c_w.l(libinit2.o)
    0x000001ee   0x000001ee   0x00000008   Code   RO         1519    .ARM.Collect$$libinit$$00000005  c_w.l(libinit2.o)
    0x000001f6   0x000001f6   0x00000000   Code   RO         1521    .ARM.Collect$$libinit$$0000000A  c_w.l(libinit2.o)
    0x000001f6   0x000001f6   0x00000000   Code   RO         1523    .ARM.Collect$$libinit$$0000000C  c_w.l(libinit2.o)
    0x000001f6   0x000001f6   0x00000000   Code   RO         1525    .ARM.Collect$$libinit$$0000000E  c_w.l(libinit2.o)
    0x000001f6   0x000001f6   0x00000006   Code   RO         1526    .ARM.Collect$$libinit$$0000000F  c_w.l(libinit2.o)
    0x000001fc   0x000001fc   0x00000000   Code   RO         1528    .ARM.Collect$$libinit$$00000011  c_w.l(libinit2.o)
    0x000001fc   0x000001fc   0x0000000c   Code   RO         1529    .ARM.Collect$$libinit$$00000012  c_w.l(libinit2.o)
    0x00000208   0x00000208   0x00000000   Code   RO         1530    .ARM.Collect$$libinit$$00000013  c_w.l(libinit2.o)
    0x00000208   0x00000208   0x00000000   Code   RO         1532    .ARM.Collect$$libinit$$00000015  c_w.l(libinit2.o)
    0x00000208   0x00000208   0x0000000a   Code   RO         1533    .ARM.Collect$$libinit$$00000016  c_w.l(libinit2.o)
    0x00000212   0x00000212   0x00000000   Code   RO         1534    .ARM.Collect$$libinit$$00000017  c_w.l(libinit2.o)
    0x00000212   0x00000212   0x00000000   Code   RO         1536    .ARM.Collect$$libinit$$00000019  c_w.l(libinit2.o)
    0x00000212   0x00000212   0x00000000   Code   RO         1538    .ARM.Collect$$libinit$$0000001B  c_w.l(libinit2.o)
    0x00000212   0x00000212   0x00000000   Code   RO         1540    .ARM.Collect$$libinit$$0000001D  c_w.l(libinit2.o)
    0x00000212   0x00000212   0x00000000   Code   RO         1542    .ARM.Collect$$libinit$$0000001F  c_w.l(libinit2.o)
    0x00000212   0x00000212   0x00000000   Code   RO         1544    .ARM.Collect$$libinit$$00000021  c_w.l(libinit2.o)
    0x00000212   0x00000212   0x00000000   Code   RO         1546    .ARM.Collect$$libinit$$00000023  c_w.l(libinit2.o)
    0x00000212   0x00000212   0x00000004   Code   RO         1547    .ARM.Collect$$libinit$$00000024  c_w.l(libinit2.o)
    0x00000216   0x00000216   0x00000000   Code   RO         1548    .ARM.Collect$$libinit$$00000025  c_w.l(libinit2.o)
    0x00000216   0x00000216   0x00000000   Code   RO         1552    .ARM.Collect$$libinit$$0000002C  c_w.l(libinit2.o)
    0x00000216   0x00000216   0x00000000   Code   RO         1554    .ARM.Collect$$libinit$$0000002E  c_w.l(libinit2.o)
    0x00000216   0x00000216   0x00000000   Code   RO         1556    .ARM.Collect$$libinit$$00000030  c_w.l(libinit2.o)
    0x00000216   0x00000216   0x00000004   Code   RO         1557    .ARM.Collect$$libinit$$00000031  c_w.l(libinit2.o)
    0x0000021a   0x0000021a   0x00000000   Code   RO         1558    .ARM.Collect$$libinit$$00000032  c_w.l(libinit2.o)
    0x0000021a   0x0000021a   0x00000002   Code   RO         1559    .ARM.Collect$$libinit$$00000033  c_w.l(libinit2.o)
    0x0000021c   0x0000021c   0x00000000   Code   RO         1687    .ARM.Collect$$libshutdown$$00000004  c_w.l(libshutdown2.o)
    0x0000021c   0x0000021c   0x00000000   Code   RO         1689    .ARM.Collect$$libshutdown$$00000006  c_w.l(libshutdown2.o)
    0x0000021c   0x0000021c   0x00000000   Code   RO         1378    .ARM.Collect$$rtentry$$00000000  c_w.l(__rtentry.o)
    0x0000021c   0x0000021c   0x00000000   Code   RO         1594    .ARM.Collect$$rtentry$$00000002  c_w.l(__rtentry2.o)
    0x0000021c   0x0000021c   0x00000006   Code   RO         1606    .ARM.Collect$$rtentry$$00000004  c_w.l(__rtentry4.o)
    0x00000222   0x00000222   0x00000000   Code   RO         1596    .ARM.Collect$$rtentry$$00000009  c_w.l(__rtentry2.o)
    0x00000222   0x00000222   0x00000004   Code   RO         1597    .ARM.Collect$$rtentry$$0000000A  c_w.l(__rtentry2.o)
    0x00000226   0x00000226   0x00000000   Code   RO         1599    .ARM.Collect$$rtentry$$0000000C  c_w.l(__rtentry2.o)
    0x00000226   0x00000226   0x00000008   Code   RO         1600    .ARM.Collect$$rtentry$$0000000D  c_w.l(__rtentry2.o)
    0x0000022e   0x0000022e   0x00000002   PAD
    0x00000230   0x00000230   0x00000000   Code   RO         1612    .emb_text           c_w.l(maybetermalloc1.o)
    0x00000230   0x00000230   0x00000024   Code   RO          170    .text               startup_LPC407x_8x_177x_8x.o
    0x00000254   0x00000254   0x0000005e   Code   RO         1111    .text               c_w.l(h1_alloc.o)
    0x000002b2   0x000002b2   0x00000002   PAD
    0x000002b4   0x000002b4   0x00000024   Code   RO         1169    .text               c_w.l(vsprintf.o)
    0x000002d8   0x000002d8   0x00000018   Code   RO         1171    .text               c_w.l(__2printf.o)
    0x000002f0   0x000002f0   0x00000008   Code   RO         1379    .text               c_w.l(rt_heap_descriptor.o)
    0x000002f8   0x000002f8   0x00000004   Code   RO         1389    .text               c_w.l(hguard.o)
    0x000002fc   0x000002fc   0x00000004   Code   RO          169    .ARM.__at_0x02FC    startup_LPC407x_8x_177x_8x.o
    0x00000300   0x00000300   0x0000004e   Code   RO         1113    .text               c_w.l(h1_free.o)
    0x0000034e   0x0000034e   0x00000002   PAD
    0x00000350   0x00000350   0x00000078   Code   RO         1177    .text               c_w.l(_printf_dec.o)
    0x000003c8   0x000003c8   0x00000188   Code   RO         1196    .text               c_w.l(__printf_flags_ss_wp.o)
    0x00000550   0x00000550   0x0000003c   Code   RO         1201    .text               c_w.l(__0sscanf.o)
    0x0000058c   0x0000058c   0x0000014c   Code   RO         1203    .text               c_w.l(_scanf_int.o)
    0x000006d8   0x000006d8   0x00000064   Code   RO         1205    .text               c_w.l(fflush.o)
    0x0000073c   0x0000073c   0x0000002e   Code   RO         1228    .text               c_w.l(aeabi_atexit.o)
    0x0000076a   0x0000076a   0x0000003e   Code   RO         1231    .text               c_w.l(strlen.o)
    0x000007a8   0x000007a8   0x00000096   Code   RO         1233    .text               c_w.l(strncmp.o)
    0x0000083e   0x0000083e   0x00000064   Code   RO         1235    .text               c_w.l(rt_memcpy_w.o)
    0x000008a2   0x000008a2   0x0000004e   Code   RO         1237    .text               c_w.l(rt_memclr_w.o)
    0x000008f0   0x000008f0   0x00000080   Code   RO         1241    .text               c_w.l(strcmpv7m.o)
    0x00000970   0x00000970   0x00000024   Code   RO         1248    .text               c_w.l(init_aeabi.o)
    0x00000994   0x00000994   0x00000008   Code   RO         1384    .text               c_w.l(rt_ddtor_pointer_addr.o)
    0x0000099c   0x0000099c   0x0000008a   Code   RO         1391    .text               c_w.l(init_alloc.o)
    0x00000a26   0x00000a26   0x0000000e   Code   RO         1395    .text               c_w.l(h1_init.o)
    0x00000a34   0x00000a34   0x0000004e   Code   RO         1409    .text               c_w.l(_printf_pad.o)
    0x00000a82   0x00000a82   0x00000024   Code   RO         1411    .text               c_w.l(_printf_truncate.o)
    0x00000aa6   0x00000aa6   0x00000052   Code   RO         1413    .text               c_w.l(_printf_str.o)
    0x00000af8   0x00000af8   0x000000b2   Code   RO         1415    .text               c_w.l(_printf_intcommon.o)
    0x00000baa   0x00000baa   0x00000028   Code   RO         1417    .text               c_w.l(_printf_charcount.o)
    0x00000bd2   0x00000bd2   0x00000002   PAD
    0x00000bd4   0x00000bd4   0x00000030   Code   RO         1419    .text               c_w.l(_printf_char_common.o)
    0x00000c04   0x00000c04   0x0000000a   Code   RO         1421    .text               c_w.l(_sputc.o)
    0x00000c0e   0x00000c0e   0x00000002   PAD
    0x00000c10   0x00000c10   0x00000024   Code   RO         1423    .text               c_w.l(_printf_char_file.o)
    0x00000c34   0x00000c34   0x000000bc   Code   RO         1425    .text               c_w.l(_printf_wctomb.o)
    0x00000cf0   0x00000cf0   0x0000007c   Code   RO         1428    .text               c_w.l(_printf_longlong_dec.o)
    0x00000d6c   0x00000d6c   0x00000070   Code   RO         1434    .text               c_w.l(_printf_oct_int_ll.o)
    0x00000ddc   0x00000ddc   0x00000094   Code   RO         1454    .text               c_w.l(_printf_hex_int_ll_ptr.o)
    0x00000e70   0x00000e70   0x0000001c   Code   RO         1479    .text               c_w.l(_chval.o)
    0x00000e8c   0x00000e8c   0x0000002c   Code   RO         1481    .text               c_w.l(scanf_char.o)
    0x00000eb8   0x00000eb8   0x00000040   Code   RO         1483    .text               c_w.l(_sgetc.o)
    0x00000ef8   0x00000ef8   0x00000008   Code   RO         1485    .text               c_w.l(ferror.o)
    0x00000f00   0x00000f00   0x000000f8   Code   RO         1489    .text               c_w.l(fseek.o)
    0x00000ff8   0x00000ff8   0x00000046   Code   RO         1491    .text               c_w.l(setvbuf.o)
    0x0000103e   0x0000103e   0x00000002   PAD
    0x00001040   0x00001040   0x000000f0   Code   RO         1493    .text               c_w.l(stdio.o)
    0x00001130   0x00001130   0x00000138   Code   RO         1496    .text               c_w.l(initio.o)
    0x00001268   0x00001268   0x00000042   Code   RO         1504    .text               c_w.l(cxa_finalize.o)
    0x000012aa   0x000012aa   0x00000034   Code   RO         1614    .text               c_w.l(h1_extend.o)
    0x000012de   0x000012de   0x0000008a   Code   RO         1618    .text               c_w.l(lludiv10.o)
    0x00001368   0x00001368   0x00000012   Code   RO         1620    .text               c_w.l(isspace.o)
    0x0000137a   0x0000137a   0x0000041e   Code   RO         1622    .text               c_w.l(_printf_fp_dec.o)
    0x00001798   0x00001798   0x000002fc   Code   RO         1624    .text               c_w.l(_printf_fp_hex.o)
    0x00001a94   0x00001a94   0x0000002c   Code   RO         1629    .text               c_w.l(_printf_char.o)
    0x00001ac0   0x00001ac0   0x0000002c   Code   RO         1631    .text               c_w.l(_printf_wchar.o)
    0x00001aec   0x00001aec   0x00000374   Code   RO         1633    .text               c_w.l(_scanf.o)
    0x00001e60   0x00001e60   0x00000042   Code   RO         1639    .text               c_w.l(ftell.o)
    0x00001ea2   0x00001ea2   0x00000002   PAD
    0x00001ea4   0x00001ea4   0x000000ec   Code   RO         1645    .text               c_w.l(fopen.o)
    0x00001f90   0x00001f90   0x0000004c   Code   RO         1647    .text               c_w.l(fclose.o)
    0x00001fdc   0x00001fdc   0x00000040   Code   RO         1663    .text               c_w.l(_wcrtomb.o)
    0x0000201c   0x0000201c   0x0000000a   Code   RO         1665    .text               c_w.l(defsig_exit.o)
    0x00002026   0x00002026   0x0000000e   Code   RO         1667    .text               c_w.l(defsig_rtred_outer.o)
    0x00002034   0x00002034   0x0000000e   Code   RO         1671    .text               c_w.l(defsig_rtmem_outer.o)
    0x00002042   0x00002042   0x00000002   PAD
    0x00002044   0x00002044   0x00000050   Code   RO         1677    .text               c_w.l(heapauxa.o)
    0x00002094   0x00002094   0x0000000c   Code   RO         1717    .text               c_w.l(sys_exit.o)
    0x000020a0   0x000020a0   0x00000010   Code   RO         1719    .text               c_w.l(rt_ctype_table.o)
    0x000020b0   0x000020b0   0x00000008   Code   RO         1721    .text               c_w.l(rt_locale.o)
    0x000020b8   0x000020b8   0x00000008   Code   RO         1731    .text               c_w.l(rt_errno_addr.o)
    0x000020c0   0x000020c0   0x00000080   Code   RO         1738    .text               c_w.l(_printf_fp_infnan.o)
    0x00002140   0x00002140   0x000000e4   Code   RO         1740    .text               c_w.l(bigflt0.o)
    0x00002224   0x00002224   0x000001d6   Code   RO         1765    .text               c_w.l(flsbuf.o)
    0x000023fa   0x000023fa   0x00000032   Code   RO         1774    .text               c_w.l(defsig_general.o)
    0x0000242c   0x0000242c   0x00000034   Code   RO         1776    .text               c_w.l(defsig_rtred_inner.o)
    0x00002460   0x00002460   0x00000050   Code   RO         1778    .text               c_w.l(defsig_rtmem_inner.o)
    0x000024b0   0x000024b0   0x0000000e   Code   RO         1801    .text               c_w.l(sys_wrch.o)
    0x000024be   0x000024be   0x00000002   Code   RO         1803    .text               c_w.l(use_no_semi.o)
    0x000024c0   0x000024c0   0x00000000   Code   RO         1805    .text               c_w.l(indicate_semi.o)
    0x000024c0   0x000024c0   0x0000003e   Code   RO         1743    CL$$btod_d2e        c_w.l(btod.o)
    0x000024fe   0x000024fe   0x00000046   Code   RO         1745    CL$$btod_d2e_denorm_low  c_w.l(btod.o)
    0x00002544   0x00002544   0x00000060   Code   RO         1744    CL$$btod_d2e_norm_op1  c_w.l(btod.o)
    0x000025a4   0x000025a4   0x00000338   Code   RO         1753    CL$$btod_div_common  c_w.l(btod.o)
    0x000028dc   0x000028dc   0x000000dc   Code   RO         1750    CL$$btod_e2e        c_w.l(btod.o)
    0x000029b8   0x000029b8   0x0000002a   Code   RO         1747    CL$$btod_ediv       c_w.l(btod.o)
    0x000029e2   0x000029e2   0x0000002a   Code   RO         1746    CL$$btod_emul       c_w.l(btod.o)
    0x00002a0c   0x00002a0c   0x00000244   Code   RO         1752    CL$$btod_mult_common  c_w.l(btod.o)
    0x00002c50   0x00002c50   0x00000012   Code   RO           27    i.$Sub$$main        retarget.o
    0x00002c62   0x00002c62   0x00000002   PAD
    0x00002c64   0x00002c64   0x000001dc   Code   RO          181    i.SystemCoreClockUpdate  system_LPC407x_8x_177x_8x.o
    0x00002e40   0x00002e40   0x000000f8   Code   RO          182    i.SystemInit        system_LPC407x_8x_177x_8x.o
    0x00002f38   0x00002f38   0x00000130   Code   RO          200    i._Z11convertTempi  main.o
    0x00003068   0x00003068   0x00000204   Code   RO          204    i._Z3RTCv           main.o
    0x0000326c   0x0000326c   0x00000042   Code   RO          206    i._Z5roundf         main.o
    0x000032ae   0x000032ae   0x00000002   PAD
    0x000032b0   0x000032b0   0x000000cc   Code   RO          211    i._Z8loadBitsPi     main.o
    0x0000337c   0x0000337c   0x0000002c   Code   RO          807    i._ZN4mbed3I2C4lockEv  mbed.ar(I2C.o)
    0x000033a8   0x000033a8   0x00000032   Code   RO          808    i._ZN4mbed3I2C4readEi  mbed.ar(I2C.o)
    0x000033da   0x000033da   0x0000001e   Code   RO          810    i._ZN4mbed3I2C4stopEv  mbed.ar(I2C.o)
    0x000033f8   0x000033f8   0x0000001e   Code   RO          811    i._ZN4mbed3I2C5startEv  mbed.ar(I2C.o)
    0x00003416   0x00003416   0x00000024   Code   RO          812    i._ZN4mbed3I2C5writeEi  mbed.ar(I2C.o)
    0x0000343a   0x0000343a   0x00000002   PAD
    0x0000343c   0x0000343c   0x0000002c   Code   RO          815    i._ZN4mbed3I2C6unlockEv  mbed.ar(I2C.o)
    0x00003468   0x00003468   0x0000002c   Code   RO          817    i._ZN4mbed3I2CC1E7PinNameS1_  mbed.ar(I2C.o)
    0x00003494   0x00003494   0x00000002   Code   RO          340    i._ZN4mbed3I2CD1Ev  main.o
    0x00003496   0x00003496   0x00000004   Code   RO         1024    i._ZN4mbed8FileBase11getPathTypeEv  mbed.ar(FileBase.o)
    0x0000349a   0x0000349a   0x00000002   PAD
    0x0000349c   0x0000349c   0x0000006c   Code   RO         1026    i._ZN4mbed8FileBase6lookupEPKcj  mbed.ar(FileBase.o)
    0x00003508   0x00003508   0x00000018   Code   RO          708    i._ZN4mbed8FilePath10fileSystemEv  mbed.ar(FilePath.o)
    0x00003520   0x00003520   0x0000001c   Code   RO          710    i._ZN4mbed8FilePath4fileEv  mbed.ar(FilePath.o)
    0x0000353c   0x0000353c   0x0000000a   Code   RO          711    i._ZN4mbed8FilePath6existsEv  mbed.ar(FilePath.o)
    0x00003546   0x00003546   0x00000018   Code   RO          712    i._ZN4mbed8FilePath6isFileEv  mbed.ar(FilePath.o)
    0x0000355e   0x0000355e   0x00000004   Code   RO          713    i._ZN4mbed8FilePath8fileNameEv  mbed.ar(FilePath.o)
    0x00003562   0x00003562   0x00000040   Code   RO          714    i._ZN4mbed8FilePathC1EPKc  mbed.ar(FilePath.o)
    0x000035a2   0x000035a2   0x00000030   Code   RO         1799    i.__ARM_fpclassify  m_wm.l(fpclassify.o)
    0x000035d2   0x000035d2   0x00000002   PAD
    0x000035d4   0x000035d4   0x00000030   Code   RO            5    i.__NVIC_SetVector  cmsis_nvic.o
    0x00003604   0x00003604   0x00000004   Code   RO          175    i.__reserved_stack_size  sys_helper.o
    0x00003608   0x00003608   0x00000130   Code   RO          213    i.__sti___8_main_cpp_CLK  main.o
    0x00003738   0x00003738   0x0000001c   Code   RO          172    i.__user_setup_stackheap  sys.o
    0x00003754   0x00003754   0x0000000e   Code   RO         1189    i._is_digit         c_w.l(__printf_wp.o)
    0x00003762   0x00003762   0x00000002   PAD
    0x00003764   0x00003764   0x0000002c   Code   RO           37    i._sys_close        retarget.o
    0x00003790   0x00003790   0x00000028   Code   RO           40    i._sys_flen         retarget.o
    0x000037b8   0x000037b8   0x00000028   Code   RO           41    i._sys_istty        retarget.o
    0x000037e0   0x000037e0   0x000001dc   Code   RO           42    i._sys_open         retarget.o
    0x000039bc   0x000039bc   0x00000028   Code   RO           44    i._sys_seek         retarget.o
    0x000039e4   0x000039e4   0x00000068   Code   RO           45    i._sys_write        retarget.o
    0x00003a4c   0x00003a4c   0x0000008c   Code   RO          891    i.core_util_critical_section_enter  mbed.ar(mbed_critical.o)
    0x00003ad8   0x00003ad8   0x00000058   Code   RO          892    i.core_util_critical_section_exit  mbed.ar(mbed_critical.o)
    0x00003b30   0x00003b30   0x00000012   Code   RO          870    i.error             mbed.ar(mbed_error.o)
    0x00003b42   0x00003b42   0x00000002   PAD
    0x00003b44   0x00003b44   0x00000020   Code   RO           47    i.exit              retarget.o
    0x00003b64   0x00003b64   0x0000001a   Code   RO         1636    i.fputc             c_w.l(fputc.o)
    0x00003b7e   0x00003b7e   0x00000002   PAD
    0x00003b80   0x00003b80   0x00000054   Code   RO          981    i.gpio_dir          mbed.ar(gpio_api.o)
    0x00003bd4   0x00003bd4   0x00000042   Code   RO          982    i.gpio_init         mbed.ar(gpio_api.o)
    0x00003c16   0x00003c16   0x00000028   Code   RO          916    i.gpio_init_in      mbed.ar(mbed_gpio.o)
    0x00003c3e   0x00003c3e   0x00000002   PAD
    0x00003c40   0x00003c40   0x0000004c   Code   RO          919    i.gpio_init_out     mbed.ar(mbed_gpio.o)
    0x00003c8c   0x00003c8c   0x0000006c   Code   RO          920    i.gpio_init_out_ex  mbed.ar(mbed_gpio.o)
    0x00003cf8   0x00003cf8   0x00000008   Code   RO          983    i.gpio_mode         mbed.ar(gpio_api.o)
    0x00003d00   0x00003d00   0x0000003c   Code   RO          945    i.i2c_byte_read     mbed.ar(i2c_api.o)
    0x00003d3c   0x00003d3c   0x00000048   Code   RO          946    i.i2c_byte_write    mbed.ar(i2c_api.o)
    0x00003d84   0x00003d84   0x000000f0   Code   RO          948    i.i2c_init          mbed.ar(i2c_api.o)
    0x00003e74   0x00003e74   0x00000054   Code   RO          974    i.i2c_start         mbed.ar(i2c_api.o)
    0x00003ec8   0x00003ec8   0x00000038   Code   RO          976    i.i2c_stop          mbed.ar(i2c_api.o)
    0x00003f00   0x00003f00   0x0000023c   Code   RO          214    i.main              main.o
    0x0000413c   0x0000413c   0x00000054   Code   RO          862    i.mbed_assert_internal  mbed.ar(mbed_assert.o)
    0x00004190   0x00004190   0x00000124   Code   RO           14    i.mbed_die          mbed_board.o
    0x000042b4   0x000042b4   0x00000054   Code   RO           15    i.mbed_error_printf  mbed_board.o
    0x00004308   0x00004308   0x0000004c   Code   RO           16    i.mbed_error_vfprintf  mbed_board.o
    0x00004354   0x00004354   0x00000002   Code   RO           48    i.mbed_main         retarget.o
    0x00004356   0x00004356   0x00000002   Code   RO           49    i.mbed_sdk_init     retarget.o
    0x00004358   0x00004358   0x00000044   Code   RO          996    i.pin_function      mbed.ar(pinmap.o)
    0x0000439c   0x0000439c   0x00000058   Code   RO          997    i.pin_mode          mbed.ar(pinmap.o)
    0x000043f4   0x000043f4   0x0000003c   Code   RO         1062    i.pinmap_merge      mbed.ar(mbed_pinmap_common.o)
    0x00004430   0x00004430   0x00000060   Code   RO         1063    i.pinmap_peripheral  mbed.ar(mbed_pinmap_common.o)
    0x00004490   0x00004490   0x0000005c   Code   RO         1064    i.pinmap_pinout     mbed.ar(mbed_pinmap_common.o)
    0x000044ec   0x000044ec   0x00000108   Code   RO          660    i.serial_baud       mbed.ar(serial_api.o)
    0x000045f4   0x000045f4   0x00000188   Code   RO          667    i.serial_init       mbed.ar(serial_api.o)
    0x0000477c   0x0000477c   0x0000000e   Code   RO          671    i.serial_putc       mbed.ar(serial_api.o)
    0x0000478a   0x0000478a   0x0000004e   Code   RO         1092    i.ticker_irq_handler  mbed.ar(mbed_ticker_api.o)
    0x000047d8   0x000047d8   0x0000000c   Code   RO         1007    i.us_ticker_clear_interrupt  mbed.ar(us_ticker.o)
    0x000047e4   0x000047e4   0x00000010   Code   RO         1008    i.us_ticker_disable_interrupt  mbed.ar(us_ticker.o)
    0x000047f4   0x000047f4   0x00000064   Code   RO         1009    i.us_ticker_init    mbed.ar(us_ticker.o)
    0x00004858   0x00004858   0x0000000c   Code   RO         1078    i.us_ticker_irq_handler  mbed.ar(mbed_us_ticker_api.o)
    0x00004864   0x00004864   0x00000060   Code   RO         1010    i.us_ticker_read    mbed.ar(us_ticker.o)
    0x000048c4   0x000048c4   0x00000014   Code   RO         1011    i.us_ticker_set_interrupt  mbed.ar(us_ticker.o)
    0x000048d8   0x000048d8   0x00000028   Code   RO          933    i.wait              mbed.ar(mbed_wait_api.o)
    0x00004900   0x00004900   0x0000001c   Code   RO          934    i.wait_ms           mbed.ar(mbed_wait_api.o)
    0x0000491c   0x0000491c   0x0000002c   Code   RO         1768    locale$$code        c_w.l(lc_numeric_c.o)
    0x00004948   0x00004948   0x0000002c   Code   RO         1817    locale$$code        c_w.l(lc_ctype_c.o)
    0x00004974   0x00004974   0x0000002c   Code   RO         1051    t._ZN12SingletonPtrI13PlatformMutexEptEv  mbed.ar(FileBase.o)
    0x000049a0   0x000049a0   0x00000062   Code   RO         1360    x$fpl$d2f           fz_wm.l(d2f.o)
    0x00004a02   0x00004a02   0x00000002   PAD
    0x00004a04   0x00004a04   0x00000150   Code   RO         1362    x$fpl$dadd          fz_wm.l(daddsub_clz.o)
    0x00004b54   0x00004b54   0x0000002e   Code   RO         1369    x$fpl$dflt          fz_wm.l(dflt_clz.o)
    0x00004b82   0x00004b82   0x00000002   PAD
    0x00004b84   0x00004b84   0x00000154   Code   RO         1374    x$fpl$dmul          fz_wm.l(dmul.o)
    0x00004cd8   0x00004cd8   0x0000009c   Code   RO         1575    x$fpl$dnaninf       fz_wm.l(dnaninf.o)
    0x00004d74   0x00004d74   0x0000000c   Code   RO         1577    x$fpl$dretinf       fz_wm.l(dretinf.o)
    0x00004d80   0x00004d80   0x000001d4   Code   RO         1364    x$fpl$dsub          fz_wm.l(daddsub_clz.o)
    0x00004f54   0x00004f54   0x0000000a   Code   RO         1715    x$fpl$fpinit        fz_wm.l(fpinit.o)
    0x00004f5e   0x00004f5e   0x0000000a   Code   RO         1579    x$fpl$fretinf       fz_wm.l(fretinf.o)
    0x00004f68   0x00004f68   0x00000004   Code   RO         1581    x$fpl$printf1       fz_wm.l(printf1.o)
    0x00004f6c   0x00004f6c   0x00000004   Code   RO         1583    x$fpl$printf2       fz_wm.l(printf2.o)
    0x00004f70   0x00004f70   0x00000000   Code   RO         1589    x$fpl$usenofp       fz_wm.l(usenofp.o)
    0x00004f70   0x00004f70   0x00000017   Data   RO           94    .constdata          retarget.o
    0x00004f87   0x00004f87   0x00000001   PAD
    0x00004f88   0x00004f88   0x00000d20   Data   RO          237    .constdata          main.o
    0x00005ca8   0x00005ca8   0x0000012c   Data   RO          680    .constdata          mbed.ar(serial_api.o)
    0x00005dd4   0x00005dd4   0x00000128   Data   RO          957    .constdata          mbed.ar(i2c_api.o)
    0x00005efc   0x00005efc   0x00000014   Data   RO         1079    .constdata          mbed.ar(mbed_us_ticker_api.o)
    0x00005f10   0x00005f10   0x00000008   Data   RO         1080    .constdata          mbed.ar(mbed_us_ticker_api.o)
    0x00005f18   0x00005f18   0x00000011   Data   RO         1197    .constdata          c_w.l(__printf_flags_ss_wp.o)
    0x00005f29   0x00005f29   0x00000003   PAD
    0x00005f2c   0x00005f2c   0x00000008   Data   RO         1426    .constdata          c_w.l(_printf_wctomb.o)
    0x00005f34   0x00005f34   0x00000028   Data   RO         1455    .constdata          c_w.l(_printf_hex_int_ll_ptr.o)
    0x00005f5c   0x00005f5c   0x00000026   Data   RO         1625    .constdata          c_w.l(_printf_fp_hex.o)
    0x00005f82   0x00005f82   0x00000002   PAD
    0x00005f84   0x00005f84   0x00000094   Data   RO         1741    .constdata          c_w.l(bigflt0.o)
    0x00006018   0x00006018   0x00000018   Data   RO          853    .constdata__ZTVN4mbed3I2CE  mbed.ar(I2C.o)
    0x00006030   0x00006030   0x00000014   Data   RO          154    .constdata__ZZN12SingletonPtrI13PlatformMutexE3getEvEs  retarget.o
    0x00006044   0x00006044   0x00000045   Data   RO          155    .constdata__ZZN12SingletonPtrI13PlatformMutexE3getEvEs_0  retarget.o
    0x00006089   0x00006089   0x00000003   PAD
    0x0000608c   0x0000608c   0x0000006d   Data   RO           17    .conststring        mbed_board.o
    0x000060f9   0x000060f9   0x00000003   PAD
    0x000060fc   0x000060fc   0x00000070   Data   RO          681    .conststring        mbed.ar(serial_api.o)
    0x0000616c   0x0000616c   0x00000045   Data   RO          893    .conststring        mbed.ar(mbed_critical.o)
    0x000061b1   0x000061b1   0x00000003   PAD
    0x000061b4   0x000061b4   0x0000006d   Data   RO          958    .conststring        mbed.ar(i2c_api.o)
    0x00006221   0x00006221   0x00000003   PAD
    0x00006224   0x00006224   0x0000005f   Data   RO          985    .conststring        mbed.ar(gpio_api.o)
    0x00006283   0x00006283   0x00000001   PAD
    0x00006284   0x00006284   0x0000005d   Data   RO          998    .conststring        mbed.ar(pinmap.o)
    0x000062e1   0x000062e1   0x00000003   PAD
    0x000062e4   0x000062e4   0x00000020   Data   RO         1843    Region$$Table       anon$$obj.o
    0x00006304   0x00006304   0x0000001c   Data   RO         1767    locale$$data        c_w.l(lc_numeric_c.o)
    0x00006320   0x00006320   0x00000110   Data   RO         1816    locale$$data        c_w.l(lc_ctype_c.o)
    0x00006430   0x00006430   0x00000004   Data   RO          238    .init_array         main.o
    0x00006434   0x00006430   0x00000000   Data   RO         1246    .init_array         c_w.l(init_aeabi.o)


    Execution Region RW_IRAM1 (Exec base: 0x100000e8, Load base: 0x00006434, Size: 0x000002d4, Max: 0x0000ff18, ABSOLUTE)

    Exec Addr    Load Addr    Size         Type   Attr      Idx    E Section Name        Object

    0x100000e8   0x00006434   0x00000008   Data   RW           97    .data               retarget.o
    0x100000f0   0x0000643c   0x00000010   Data   RW          184    .data               system_LPC407x_8x_177x_8x.o
    0x10000100   0x0000644c   0x00000010   Data   RW          682    .data               mbed.ar(serial_api.o)
    0x10000110   0x0000645c   0x0000000c   Data   RW          829    .data               mbed.ar(I2C.o)
    0x1000011c   0x00006468   0x00000008   Data   RW          894    .data               mbed.ar(mbed_critical.o)
    0x10000124   0x00006470   0x00000004   Data   RW         1012    .data               mbed.ar(us_ticker.o)
    0x10000128   0x00006474   0x0000000c   Data   RW         1038    .data               mbed.ar(FileBase.o)
    0x10000134   0x00006480   0x00000008   Data   RW         1081    .data               mbed.ar(mbed_us_ticker_api.o)
    0x1000013c   0x00006488   0x00000004   Data   RW         1218    .data               c_w.l(stdio_streams.o)
    0x10000140   0x0000648c   0x00000004   Data   RW         1219    .data               c_w.l(stdio_streams.o)
    0x10000144   0x00006490   0x00000004   Data   RW         1220    .data               c_w.l(stdio_streams.o)
    0x10000148   0x00006494   0x00000004   Data   RW         1678    .data               c_w.l(heapauxa.o)
    0x1000014c        -       0x00000040   Zero   RW           93    .bss                retarget.o
    0x1000018c        -       0x00000114   Zero   RW          236    .bss                main.o
    0x100002a0        -       0x00000054   Zero   RW         1215    .bss                c_w.l(stdio_streams.o)
    0x100002f4        -       0x00000054   Zero   RW         1216    .bss                c_w.l(stdio_streams.o)
    0x10000348        -       0x00000054   Zero   RW         1217    .bss                c_w.l(stdio_streams.o)
    0x1000039c        -       0x00000004   Zero   RW         1380    .bss                c_w.l(rt_heap_descriptor.o)
    0x100003a0        -       0x00000004   Zero   RW         1385    .bss                c_w.l(rt_ddtor_pointer_addr.o)
    0x100003a4        -       0x00000014   Zero   RW         1722    .bss                c_w.l(rt_locale.o)
    0x100003b8        -       0x00000004   Zero   RW         1732    .bss                c_w.l(rt_errno_addr.o)


    Execution Region RW_IRAM2 (Exec base: 0x20000000, Load base: 0x00006498, Size: 0x00000000, Max: 0x00004000, ABSOLUTE)

    **** No section assigned to this execution region ****


    Execution Region RW_IRAM3 (Exec base: 0x20004000, Load base: 0x00006498, Size: 0x00000000, Max: 0x00004000, ABSOLUTE)

    **** No section assigned to this execution region ****



  Load Region LR_IROM2 (Base: 0x28000000, Size: 0x00000000, Max: 0x01000000, ABSOLUTE)

    Execution Region ER_IROM2 (Exec base: 0x28000000, Load base: 0x28000000, Size: 0x00000000, Max: 0x01000000, ABSOLUTE)

    **** No section assigned to this execution region ****


==============================================================================

Image component sizes


      Code (inc. data)   RO Data    RW Data    ZI Data      Debug   Object Name

        48          6          0          0          0        132   cmsis_nvic.o
      1968        266       3364          0        276      48181   main.o
       452         48        109          0          0        404   mbed_board.o
       798         80        112          8         64       1256   retarget.o
        40         12        228          0          0        276   startup_LPC407x_8x_177x_8x.o
        28          4          0          0          0        128   sys.o
         4          0          0          0          0        116   sys_helper.o
       724         38          0         16          0        268   system_LPC407x_8x_177x_8x.o

    ----------------------------------------------------------------------
      4066        454       3852         24        340      50761   Object Totals
         0          0         32          0          0          0   (incl. Generated)
         4          0          7          0          0          0   (incl. Padding)

    ----------------------------------------------------------------------

      Code (inc. data)   RO Data    RW Data    ZI Data      Debug   Library Member Name

        60          8          0          0          0         84   __0sscanf.o
        24          4          0          0          0         84   __2printf.o
         8          0          0          0          0         68   __main.o
       392          4         17          0          0         92   __printf_flags_ss_wp.o
        14          0          0          0          0         68   __printf_wp.o
         0          0          0          0          0          0   __rtentry.o
        12          0          0          0          0          0   __rtentry2.o
         6          0          0          0          0          0   __rtentry4.o
        52          8          0          0          0          0   __scatter.o
        26          0          0          0          0          0   __scatter_copy.o
        28          0          0          0          0          0   __scatter_zi.o
        28          0          0          0          0         68   _chval.o
         6          0          0          0          0          0   _printf_a.o
         6          0          0          0          0          0   _printf_c.o
        44          0          0          0          0        108   _printf_char.o
        48          6          0          0          0         96   _printf_char_common.o
        36          4          0          0          0         80   _printf_char_file.o
        40          0          0          0          0         68   _printf_charcount.o
         6          0          0          0          0          0   _printf_d.o
       120         16          0          0          0         92   _printf_dec.o
         6          0          0          0          0          0   _printf_e.o
         6          0          0          0          0          0   _printf_f.o
      1054          0          0          0          0        216   _printf_fp_dec.o
       764          8         38          0          0        100   _printf_fp_hex.o
       128         16          0          0          0         84   _printf_fp_infnan.o
         6          0          0          0          0          0   _printf_g.o
       148          4         40          0          0        160   _printf_hex_int_ll_ptr.o
         6          0          0          0          0          0   _printf_i.o
       178          0          0          0          0         88   _printf_intcommon.o
        10          0          0          0          0          0   _printf_l.o
         6          0          0          0          0          0   _printf_lc.o
        10          0          0          0          0          0   _printf_ll.o
         6          0          0          0          0          0   _printf_lld.o
         6          0          0          0          0          0   _printf_lli.o
         6          0          0          0          0          0   _printf_llo.o
         6          0          0          0          0          0   _printf_llu.o
         6          0          0          0          0          0   _printf_llx.o
       124         16          0          0          0         92   _printf_longlong_dec.o
         6          0          0          0          0          0   _printf_ls.o
         6          0          0          0          0          0   _printf_n.o
         6          0          0          0          0          0   _printf_o.o
       112         10          0          0          0        124   _printf_oct_int_ll.o
         6          0          0          0          0          0   _printf_p.o
        78          0          0          0          0        108   _printf_pad.o
         0          0          0          0          0          0   _printf_percent.o
         4          0          0          0          0          0   _printf_percent_end.o
         6          0          0          0          0          0   _printf_s.o
        82          0          0          0          0         80   _printf_str.o
        36          0          0          0          0         84   _printf_truncate.o
         6          0          0          0          0          0   _printf_u.o
        44          0          0          0          0        108   _printf_wchar.o
       188          6          8          0          0         92   _printf_wctomb.o
         6          0          0          0          0          0   _printf_x.o
       884          4          0          0          0        100   _scanf.o
       332          0          0          0          0         96   _scanf_int.o
        64          0          0          0          0         84   _sgetc.o
        10          0          0          0          0         68   _sputc.o
        64          0          0          0          0         92   _wcrtomb.o
        46          0          0          0          0         84   aeabi_atexit.o
       228          4        148          0          0         96   bigflt0.o
      1936        128          0          0          0        672   btod.o
        66          0          0          0          0         84   cxa_finalize.o
        10          0          0          0          0         68   defsig_exit.o
        50          0          0          0          0         88   defsig_general.o
        80         58          0          0          0         76   defsig_rtmem_inner.o
        14          0          0          0          0         80   defsig_rtmem_outer.o
        52         38          0          0          0         76   defsig_rtred_inner.o
        14          0          0          0          0         80   defsig_rtred_outer.o
        76          0          0          0          0         88   fclose.o
         8          0          0          0          0         68   ferror.o
       100          4          0          0          0        120   fflush.o
       470          0          0          0          0         88   flsbuf.o
       236          4          0          0          0        128   fopen.o
        26          0          0          0          0         68   fputc.o
       248          6          0          0          0         84   fseek.o
        66          0          0          0          0         76   ftell.o
        94          0          0          0          0         80   h1_alloc.o
        52          0          0          0          0         68   h1_extend.o
        78          0          0          0          0         80   h1_free.o
        14          0          0          0          0         84   h1_init.o
        80          6          0          4          0         96   heapauxa.o
         4          0          0          0          0        136   hguard.o
         0          0          0          0          0          0   indicate_semi.o
        36         10          0          0          0         80   init_aeabi.o
       138          0          0          0          0        168   init_alloc.o
       312         46          0          0          0        112   initio.o
        18          0          0          0          0         76   isspace.o
        44         10        272          0          0         76   lc_ctype_c.o
        44         10         28          0          0         76   lc_numeric_c.o
         2          0          0          0          0          0   libinit.o
        50          0          0          0          0          0   libinit2.o
         0          0          0          0          0          0   libshutdown2.o
       138          0          0          0          0         80   lludiv10.o
         0          0          0          0          0          0   maybetermalloc1.o
        16          4          0          0          0         76   rt_ctype_table.o
         8          4          0          0          4         68   rt_ddtor_pointer_addr.o
         8          4          0          0          4         68   rt_errno_addr.o
         8          4          0          0          4         68   rt_heap_descriptor.o
         8          4          0          0         20         68   rt_locale.o
        78          0          0          0          0         80   rt_memclr_w.o
       100          0          0          0          0         80   rt_memcpy_w.o
        44          8          0          0          0         84   scanf_char.o
        70          0          0          0          0         80   setvbuf.o
       240          6          0          0          0        156   stdio.o
         0          0          0         12        252          0   stdio_streams.o
       128          0          0          0          0         68   strcmpv7m.o
        62          0          0          0          0         76   strlen.o
       150          0          0          0          0         80   strncmp.o
        12          4          0          0          0         68   sys_exit.o
        14          0          0          0          0         76   sys_wrch.o
         2          0          0          0          0         68   use_no_semi.o
        36          4          0          0          0         76   vsprintf.o
        98          4          0          0          0        140   d2f.o
       804         16          0          0          0        368   daddsub_clz.o
        46          0          0          0          0        116   dflt_clz.o
       340         12          0          0          0        152   dmul.o
       156          4          0          0          0        140   dnaninf.o
        12          0          0          0          0        116   dretinf.o
        10          0          0          0          0        116   fpinit.o
        10          0          0          0          0        116   fretinf.o
         4          0          0          0          0        116   printf1.o
         4          0          0          0          0        116   printf2.o
         0          0          0          0          0          0   usenofp.o
        48          0          0          0          0        124   fpclassify.o
       156         26          0         12          0        368   FileBase.o
       154          0          0          0          0        728   FilePath.o
       278         42         24         12          0        868   I2C.o
       158         28         95          0          0        372   gpio_api.o
       512         60        405          0          0        608   i2c_api.o
        84         52          0          0          0        136   mbed_assert.o
       228         98         69          8          0        252   mbed_critical.o
        18          0          0          0          0        128   mbed_error.o
       224         40          0          0          0        412   mbed_gpio.o
       248         76          0          0          0        384   mbed_pinmap_common.o
        78          0          0          0          0        136   mbed_ticker_api.o
        12          6         28          8          0        116   mbed_us_ticker_api.o
        68          4          0          0          0        256   mbed_wait_api.o
       156         60         93          0          0        256   pinmap.o
       670         48        412         16          0        396   serial_api.o
       244         64          0          4          0        596   us_ticker.o

    ----------------------------------------------------------------------
     16042       1120       1692         76        284      14992   Library Totals
        36          0         15          0          0          0   (incl. Padding)

    ----------------------------------------------------------------------

      Code (inc. data)   RO Data    RW Data    ZI Data      Debug   Library Name

     11186        480        551         16        284       7360   c_w.l
      1484         36          0          0          0       1496   fz_wm.l
        48          0          0          0          0        124   m_wm.l
      3288        604       1126         60          0       6012   mbed.ar

    ----------------------------------------------------------------------
     16042       1120       1692         76        284      14992   Library Totals

    ----------------------------------------------------------------------

==============================================================================


      Code (inc. data)   RO Data    RW Data    ZI Data      Debug   

     20108       1574       5544        100        624      53893   Grand Totals
     20108       1574       5544        100        624      53893   ELF Image Totals
     20108       1574       5544        100          0          0   ROM Totals

==============================================================================

    Total RO  Size (Code + RO Data)                25652 (  25.05kB)
    Total RW  Size (RW Data + ZI Data)               724 (   0.71kB)
    Total ROM Size (Code + RO Data + RW Data)      25752 (  25.15kB)

==============================================================================

