Component: ARM Compiler 5.06 update 7 (build 960) Tool: armlink [4d3601]

==============================================================================

Section Cross References

    cmsis_nvic.o(i.__NVIC_SetVector) refers to rt_memcpy_w.o(.text) for __aeabi_memcpy4
    mbed_board.o(i.mbed_die) refers to mbed_critical.o(i.core_util_critical_section_enter) for core_util_critical_section_enter
    mbed_board.o(i.mbed_die) refers to mbed_gpio.o(i.gpio_init_out) for gpio_init_out
    mbed_board.o(i.mbed_die) refers to mbed_assert.o(i.mbed_assert_internal) for mbed_assert_internal
    mbed_board.o(i.mbed_die) refers to mbed_wait_api.o(i.wait_ms) for wait_ms
    mbed_board.o(i.mbed_die) refers to mbed_board.o(.conststring) for .conststring
    mbed_board.o(i.mbed_error_printf) refers to mbed_critical.o(i.core_util_critical_section_enter) for core_util_critical_section_enter
    mbed_board.o(i.mbed_error_printf) refers to vsprintf.o(.text) for vsprintf
    mbed_board.o(i.mbed_error_printf) refers to serial_api.o(i.serial_init) for serial_init
    mbed_board.o(i.mbed_error_printf) refers to serial_api.o(i.serial_putc) for serial_putc
    mbed_board.o(i.mbed_error_printf) refers to mbed_critical.o(i.core_util_critical_section_exit) for core_util_critical_section_exit
    mbed_board.o(i.mbed_error_printf) refers to serial_api.o(.data) for stdio_uart_inited
    mbed_board.o(i.mbed_error_vfprintf) refers to mbed_critical.o(i.core_util_critical_section_enter) for core_util_critical_section_enter
    mbed_board.o(i.mbed_error_vfprintf) refers to vsprintf.o(.text) for vsprintf
    mbed_board.o(i.mbed_error_vfprintf) refers to serial_api.o(i.serial_init) for serial_init
    mbed_board.o(i.mbed_error_vfprintf) refers to serial_api.o(i.serial_putc) for serial_putc
    mbed_board.o(i.mbed_error_vfprintf) refers to mbed_critical.o(i.core_util_critical_section_exit) for core_util_critical_section_exit
    mbed_board.o(i.mbed_error_vfprintf) refers to serial_api.o(.data) for stdio_uart_inited
    retarget.o(i.$Sub$$main) refers to retarget.o(i.mbed_sdk_init) for mbed_sdk_init
    retarget.o(i.$Sub$$main) refers to retarget.o(i.mbed_main) for mbed_main
    retarget.o(i.$Sub$$main) refers to main.o(i.main) for $Super$$main
    retarget.o(i._ZN4mbed10FileHandleD0Ev) refers to mbed_assert.o(i.mbed_assert_internal) for mbed_assert_internal
    retarget.o(i._ZN4mbed10FileHandleD0Ev) refers to h1_free.o(.text) for free
    retarget.o(i._ZN4mbed10FileHandleD0Ev) refers to retarget.o(.constdata__ZTVN4mbed10FileHandleE) for vtable for mbed::FileHandle
    retarget.o(i._ZN4mbed10FileHandleD0Ev) refers to retarget.o(.data) for .data
    retarget.o(i._ZN4mbed10FileHandleD0Ev) refers to retarget.o(.constdata__ZZN12SingletonPtrI13PlatformMutexE3getEvEs_0) for SingletonPtr<PlatformMutex>::get()::string (instance 2)
    retarget.o(i._ZN4mbed10FileHandleD0Ev) refers to retarget.o(.constdata__ZZN12SingletonPtrI13PlatformMutexE3getEvEs) for SingletonPtr<PlatformMutex>::get()::string
    retarget.o(i._ZN4mbed10FileHandleD0Ev) refers to retarget.o(.bss) for .bss
    retarget.o(i._ZN4mbed10FileHandleD2Ev) refers to mbed_assert.o(i.mbed_assert_internal) for mbed_assert_internal
    retarget.o(i._ZN4mbed10FileHandleD2Ev) refers to retarget.o(.constdata__ZTVN4mbed10FileHandleE) for vtable for mbed::FileHandle
    retarget.o(i._ZN4mbed10FileHandleD2Ev) refers to retarget.o(.data) for .data
    retarget.o(i._ZN4mbed10FileHandleD2Ev) refers to retarget.o(.constdata__ZZN12SingletonPtrI13PlatformMutexE3getEvEs_0) for SingletonPtr<PlatformMutex>::get()::string (instance 2)
    retarget.o(i._ZN4mbed10FileHandleD2Ev) refers to retarget.o(.constdata__ZZN12SingletonPtrI13PlatformMutexE3getEvEs) for SingletonPtr<PlatformMutex>::get()::string
    retarget.o(i._ZN4mbed10FileHandleD2Ev) refers to retarget.o(.bss) for .bss
    retarget.o(i._ZN4mbed26mbed_set_unbuffered_streamEPSt6__FILE) refers to setbuf.o(.text) for setbuf
    retarget.o(i._ZN4mbed9mbed_getcEPSt6__FILE) refers to fgetc.o(i.fgetc) for fgetc
    retarget.o(i._ZN4mbed9mbed_getsEPciPSt6__FILE) refers to fgets.o(.text) for fgets
    retarget.o(i._ZdaPv) refers to h1_free.o(.text) for free
    retarget.o(i._ZdlPv) refers to h1_free.o(.text) for free
    retarget.o(i._Znaj) refers to h1_alloc.o(.text) for malloc
    retarget.o(i._Znaj) refers to mbed_error.o(i.error) for error
    retarget.o(i._Znwj) refers to h1_alloc.o(.text) for malloc
    retarget.o(i._Znwj) refers to mbed_error.o(i.error) for error
    retarget.o(i._sys_close) refers to retarget.o(.bss) for .bss
    retarget.o(i._sys_ensure) refers to retarget.o(.bss) for .bss
    retarget.o(i._sys_flen) refers to retarget.o(.bss) for .bss
    retarget.o(i._sys_istty) refers to retarget.o(.bss) for .bss
    retarget.o(i._sys_open) refers to _scanf_int.o(.text) for _scanf_int
    retarget.o(i._sys_open) refers to strcmpv7m.o(.text) for strcmp
[...]
    i.pin_mode                               0x000042f8   Section        0  pinmap.o(i.pin_mode)
    i.pinmap_merge                           0x00004350   Section        0  mbed_pinmap_common.o(i.pinmap_merge)
    i.pinmap_peripheral                      0x0000438c   Section        0  mbed_pinmap_common.o(i.pinmap_peripheral)
    i.pinmap_pinout                          0x000043ec   Section        0  mbed_pinmap_common.o(i.pinmap_pinout)
    i.serial_baud                            0x00004448   Section        0  serial_api.o(i.serial_baud)
    i.serial_init                            0x00004550   Section        0  serial_api.o(i.serial_init)
    i.serial_putc                            0x000046d8   Section        0  serial_api.o(i.serial_putc)
    i.ticker_irq_handler                     0x000046e6   Section        0  mbed_ticker_api.o(i.ticker_irq_handler)
    i.us_ticker_clear_interrupt              0x00004734   Section        0  us_ticker.o(i.us_ticker_clear_interrupt)
    i.us_ticker_disable_interrupt            0x00004740   Section        0  us_ticker.o(i.us_ticker_disable_interrupt)
    i.us_ticker_init                         0x00004750   Section        0  us_ticker.o(i.us_ticker_init)
    i.us_ticker_irq_handler                  0x000047b4   Section        0  mbed_us_ticker_api.o(i.us_ticker_irq_handler)
    i.us_ticker_read                         0x000047c0   Section        0  us_ticker.o(i.us_ticker_read)
    i.us_ticker_set_interrupt                0x00004820   Section        0  us_ticker.o(i.us_ticker_set_interrupt)
    i.wait                                   0x00004834   Section        0  mbed_wait_api.o(i.wait)
    i.wait_ms                                0x0000485c   Section        0  mbed_wait_api.o(i.wait_ms)
    locale$$code                             0x00004878   Section       44  lc_numeric_c.o(locale$$code)
    locale$$code                             0x000048a4   Section       44  lc_ctype_c.o(locale$$code)
    t._ZN12SingletonPtrI13PlatformMutexEptEv 0x000048d0   Section        0  FileBase.o(t._ZN12SingletonPtrI13PlatformMutexEptEv)
    x$fpl$fpinit                             0x000048fc   Section       10  fpinit.o(x$fpl$fpinit)
    $v0                                      0x000048fc   Number         0  fpinit.o(x$fpl$fpinit)
    x$fpl$printf1                            0x00004906   Section        4  printf1.o(x$fpl$printf1)
    $v0                                      0x00004906   Number         0  printf1.o(x$fpl$printf1)
    x$fpl$printf2                            0x0000490a   Section        4  printf2.o(x$fpl$printf2)
    $v0                                      0x0000490a   Number         0  printf2.o(x$fpl$printf2)
    .constdata                               0x0000490e   Section       23  retarget.o(.constdata)
    x$fpl$usenofp                            0x0000490e   Section        0  usenofp.o(x$fpl$usenofp)
    .constdata                               0x00004928   Section      300  serial_api.o(.constdata)
    PinMap_UART_TX                           0x00004928   Data         156  serial_api.o(.constdata)
    PinMap_UART_RX                           0x000049c4   Data         144  serial_api.o(.constdata)
    .constdata                               0x00004a54   Section       20  mbed_us_ticker_api.o(.constdata)
    us_interface                             0x00004a54   Data          20  mbed_us_ticker_api.o(.constdata)
    .constdata                               0x00004a68   Section        8  mbed_us_ticker_api.o(.constdata)
    us_data                                  0x00004a68   Data           8  mbed_us_ticker_api.o(.constdata)
    .constdata                               0x00004a70   Section        8  _printf_wctomb.o(.constdata)
    initial_mbstate                          0x00004a70   Data           8  _printf_wctomb.o(.constdata)
    .constdata                               0x00004a78   Section       40  _printf_hex_int_ll_ptr.o(.constdata)
    uc_hextab                                0x00004a78   Data          20  _printf_hex_int_ll_ptr.o(.constdata)
    lc_hextab                                0x00004a8c   Data          20  _printf_hex_int_ll_ptr.o(.constdata)
    .constdata                               0x00004aa0   Section       17  __printf_flags_ss_wp.o(.constdata)
    maptable                                 0x00004aa0   Data          17  __printf_flags_ss_wp.o(.constdata)
    .constdata                               0x00004ab1   Section       38  _printf_fp_hex.o(.constdata)
    lc_hextab                                0x00004ab1   Data          19  _printf_fp_hex.o(.constdata)
    uc_hextab                                0x00004ac4   Data          19  _printf_fp_hex.o(.constdata)
    .constdata                               0x00004ad8   Section      148  bigflt0.o(.constdata)
    tenpwrs_x                                0x00004ad8   Data          60  bigflt0.o(.constdata)
    tenpwrs_i                                0x00004b14   Data          64  bigflt0.o(.constdata)
    .constdata__ZZN12SingletonPtrI13PlatformMutexE3getEvEs 0x00004b6c   Section       20  retarget.o(.constdata__ZZN12SingletonPtrI13PlatformMutexE3getEvEs)
    .constdata__ZZN12SingletonPtrI13PlatformMutexE3getEvEs_0 0x00004b80   Section       69  retarget.o(.constdata__ZZN12SingletonPtrI13PlatformMutexE3getEvEs_0)
    .conststring                             0x00004bc8   Section      109  mbed_board.o(.conststring)
    .conststring                             0x00004c38   Section      112  serial_api.o(.conststring)
    .conststring                             0x00004ca8   Section       69  mbed_critical.o(.conststring)
    .conststring                             0x00004cf0   Section       95  gpio_api.o(.conststring)
    .conststring                             0x00004d50   Section       93  pinmap.o(.conststring)
    locale$$data                             0x00004dd0   Section       28  lc_numeric_c.o(locale$$data)
    __lcnum_c_name                           0x00004dd4   Data           2  lc_numeric_c.o(locale$$data)
    __lcnum_c_start                          0x00004ddc   Data           0  lc_numeric_c.o(locale$$data)
    __lcnum_c_point                          0x00004de8   Data           0  lc_numeric_c.o(locale$$data)
    __lcnum_c_thousands                      0x00004dea   Data           0  lc_numeric_c.o(locale$$data)
    __lcnum_c_grouping                       0x00004deb   Data           0  lc_numeric_c.o(locale$$data)
    locale$$data                             0x00004dec   Section      272  lc_ctype_c.o(locale$$data)
    __lcnum_c_end                            0x00004dec   Data           0  lc_numeric_c.o(locale$$data)
    __lcctype_c_name                         0x00004df0   Data           2  lc_ctype_c.o(locale$$data)
    __lcctype_c_start                        0x00004df8   Data           0  lc_ctype_c.o(locale$$data)
    .init_array                              0x00004efc   Section        4  main.o(.init_array)
    __lcctype_c_end                          0x00004efc   Data           0  lc_ctype_c.o(locale$$data)
    .init_array                              0x00004f00   Section        0  init_aeabi.o(.init_array)
    .data                                    0x100000e8   Section        8  retarget.o(.data)
    filehandle_mutex                         0x100000e8   Data           8  retarget.o(.data)
    .data                                    0x100000f0   Section       16  system_LPC407x_8x_177x_8x.o(.data)
    .data                                    0x10000100   Section      580  main.o(.data)
    Operation                                0x10000100   Data           4  main.o(.data)
    Equal_Operator                           0x10000104   Data           4  main.o(.data)
    index_Operand1                           0x10000108   Data           4  main.o(.data)
    index_Operand2                           0x1000010c   Data           4  main.o(.data)
    state_of_Operation                       0x10000110   Data           4  main.o(.data)
    first_Operand                            0x10000114   Data           8  main.o(.data)
    second_Operand                           0x1000011c   Data           8  main.o(.data)
    .data                                    0x10000344   Section       16  serial_api.o(.data)
    irq_handler                              0x10000348   Data           4  serial_api.o(.data)
    .data                                    0x10000354   Section        8  mbed_critical.o(.data)
    critical_interrupts_disabled             0x10000354   Data           1  mbed_critical.o(.data)
    interrupt_enable_counter                 0x10000358   Data           4  mbed_critical.o(.data)
    .data                                    0x1000035c   Section        4  us_ticker.o(.data)
    .data                                    0x10000360   Section       12  FileBase.o(.data)
    .data                                    0x1000036c   Section        8  mbed_us_ticker_api.o(.data)
    events                                   0x1000036c   Data           8  mbed_us_ticker_api.o(.data)
    .data                                    0x10000374   Section        4  stdio_streams.o(.data)
    .data                                    0x10000378   Section        4  stdio_streams.o(.data)
    .data                                    0x1000037c   Section        4  stdio_streams.o(.data)
    .data                                    0x10000380   Section        4  heapauxa.o(.data)
    __rt_heap_escrow_base                    0x10000380   Data           4  heapauxa.o(.data)
    .bss                                     0x10000384   Section       64  retarget.o(.bss)
    filehandles                              0x10000384   Data          64  retarget.o(.bss)
    .bss                                     0x100003c4   Section      264  main.o(.bss)
    .bss                                     0x100004cc   Section       84  stdio_streams.o(.bss)
    .bss                                     0x10000520   Section       84  stdio_streams.o(.bss)
    .bss                                     0x10000574   Section       84  stdio_streams.o(.bss)
    .bss                                     0x100005c8   Section        4  rt_heap_descriptor.o(.bss)
    __rt_heap_descriptor_data                0x100005c8   Data           4  rt_heap_descriptor.o(.bss)
    .bss                                     0x100005cc   Section       20  rt_locale.o(.bss)
    __rt_locale_data                         0x100005cc   Data          20  rt_locale.o(.bss)
    .bss                                     0x100005e0   Section        4  rt_errno_addr.o(.bss)
    __aeabi_errno_addr_data                  0x100005e0   Data           4  rt_errno_addr.o(.bss)

    Global Symbols

    Symbol Name                              Value     Ov Type        Size  Object(Section)

    BuildAttributes$$THM_ISAv4$E$P$D$K$B$S$7EM$VFPi3$EXTD16$VFPS$VFMA$PE$A:L22UL41UL21$X:L11$S22US41US21$IEEE1$IW$USESV6$~STKCKD$USESV7$~SHL$OTIME$ROPI$IEEEJ$EBA8$UX$STANDARDLIB$REQ8$PRES8$EABIv2 0x00000000   Number         0  anon$$obj.o ABSOLUTE
    __ARM_use_no_argv                        0x00000000   Number         0  main.o ABSOLUTE
    __Vectors                                0x00000000   Data           4  startup_LPC407x_8x_177x_8x.o(RESET)
    _printf_flags                            0x00000000   Number         0  printf_stubs.o ABSOLUTE
    _printf_return_value                     0x00000000   Number         0  printf_stubs.o ABSOLUTE
    _printf_sizespec                         0x00000000   Number         0  printf_stubs.o ABSOLUTE
    _printf_widthprec                        0x00000000   Number         0  printf_stubs.o ABSOLUTE
    __ARM::default_unexpected_handler()       - Undefined Weak Reference
    __ARM_exceptions_buffer_required          - Undefined Weak Reference
    __ARM_exceptions_init                     - Undefined Weak Reference
    __alloca_initialize                       - Undefined Weak Reference
    __arm_fini_                               - Undefined Weak Reference
    __arm_preinit_                            - Undefined Weak Reference
    __cxa_finalize                            - Undefined Weak Reference
    __rt_lib_shutdown                         - Undefined Weak Reference
    __sigvec_lookup                           - Undefined Weak Reference
    __user_heap_extent                        - Undefined Weak Reference
    _atexit_init                              - Undefined Weak Reference
    _clock_init                               - Undefined Weak Reference
    _fp_trap_init                             - Undefined Weak Reference
    _fp_trap_shutdown                         - Undefined Weak Reference
    _get_lc_collate                           - Undefined Weak Reference
    _get_lc_monetary                          - Undefined Weak Reference
    _get_lc_time                              - Undefined Weak Reference
    _getenv_init                              - Undefined Weak Reference
    _handle_redirection                       - Undefined Weak Reference
    _mutex_acquire                            - Undefined Weak Reference
    _mutex_free                               - Undefined Weak Reference
    _mutex_release                            - Undefined Weak Reference
    _printf_mbtowc                            - Undefined Weak Reference
    _printf_wc                                - Undefined Weak Reference
    _rand_init                                - Undefined Weak Reference
    _scanf_longlong                           - Undefined Weak Reference
    _scanf_mbtowc                             - Undefined Weak Reference
    _scanf_real                               - Undefined Weak Reference
    _scanf_string                             - Undefined Weak Reference
    _scanf_wctomb                             - Undefined Weak Reference
    _scanf_wstring                            - Undefined Weak Reference
    _signal_finish                            - Undefined Weak Reference
    _signal_init                              - Undefined Weak Reference
    __main                                   0x000000e5   Thumb Code     8  __main.o(!!!main)
    __scatterload                            0x000000ed   Thumb Code     0  __scatter.o(!!!scatter)
    __scatterload_rt2                        0x000000ed   Thumb Code    44  __scatter.o(!!!scatter)
    __scatterload_rt2_thumb_only             0x000000ed   Thumb Code     0  __scatter.o(!!!scatter)
    __scatterload_null                       0x000000fb   Thumb Code     0  __scatter.o(!!!scatter)
    __decompress                             0x00000121   Thumb Code    90  __dczerorl2.o(!!dczerorl2)
    __decompress1                            0x00000121   Thumb Code     0  __dczerorl2.o(!!dczerorl2)
    __scatterload_zeroinit                   0x0000017d   Thumb Code    28  __scatter_zi.o(!!handler_zi)
    _printf_n                                0x00000199   Thumb Code     0  _printf_n.o(.ARM.Collect$$_printf_percent$$00000001)
    _printf_percent                          0x00000199   Thumb Code     0  _printf_percent.o(.ARM.Collect$$_printf_percent$$00000000)
    _printf_p                                0x0000019f   Thumb Code     0  _printf_p.o(.ARM.Collect$$_printf_percent$$00000002)
    _printf_f                                0x000001a5   Thumb Code     0  _printf_f.o(.ARM.Collect$$_printf_percent$$00000003)
    _printf_e                                0x000001ab   Thumb Code     0  _printf_e.o(.ARM.Collect$$_printf_percent$$00000004)
    _printf_g                                0x000001b1   Thumb Code     0  _printf_g.o(.ARM.Collect$$_printf_percent$$00000005)
    _printf_a                                0x000001b7   Thumb Code     0  _printf_a.o(.ARM.Collect$$_printf_percent$$00000006)
    _printf_ll                               0x000001bd   Thumb Code     0  _printf_ll.o(.ARM.Collect$$_printf_percent$$00000007)
    _printf_i                                0x000001c7   Thumb Code     0  _printf_i.o(.ARM.Collect$$_printf_percent$$00000008)
    _printf_d                                0x000001cd   Thumb Code     0  _printf_d.o(.ARM.Collect$$_printf_percent$$00000009)
    _printf_u                                0x000001d3   Thumb Code     0  _printf_u.o(.ARM.Collect$$_printf_percent$$0000000A)
    _printf_o                                0x000001d9   Thumb Code     0  _printf_o.o(.ARM.Collect$$_printf_percent$$0000000B)
    _printf_x                                0x000001df   Thumb Code     0  _printf_x.o(.ARM.Collect$$_printf_percent$$0000000C)
    _printf_lli                              0x000001e5   Thumb Code     0  _printf_lli.o(.ARM.Collect$$_printf_percent$$0000000D)
    _printf_lld                              0x000001eb   Thumb Code     0  _printf_lld.o(.ARM.Collect$$_printf_percent$$0000000E)
    _printf_llu                              0x000001f1   Thumb Code     0  _printf_llu.o(.ARM.Collect$$_printf_percent$$0000000F)
    _printf_llo                              0x000001f7   Thumb Code     0  _printf_llo.o(.ARM.Collect$$_printf_percent$$00000010)
    _printf_llx                              0x000001fd   Thumb Code     0  _printf_llx.o(.ARM.Collect$$_printf_percent$$00000011)
    _printf_l                                0x00000203   Thumb Code     0  _printf_l.o(.ARM.Collect$$_printf_percent$$00000012)
    _printf_c                                0x0000020d   Thumb Code     0  _printf_c.o(.ARM.Collect$$_printf_percent$$00000013)
    _printf_s                                0x00000213   Thumb Code     0  _printf_s.o(.ARM.Collect$$_printf_percent$$00000014)
    _printf_lc                               0x00000219   Thumb Code     0  _printf_lc.o(.ARM.Collect$$_printf_percent$$00000015)
    _printf_ls                               0x0000021f   Thumb Code     0  _printf_ls.o(.ARM.Collect$$_printf_percent$$00000016)
    _printf_percent_end                      0x00000225   Thumb Code     0  _printf_percent_end.o(.ARM.Collect$$_printf_percent$$00000017)
    __rt_lib_init                            0x00000229   Thumb Code     0  libinit.o(.ARM.Collect$$libinit$$00000000)
    __rt_lib_init_fp_1                       0x0000022b   Thumb Code     0  libinit2.o(.ARM.Collect$$libinit$$00000001)
    __rt_lib_init_heap_2                     0x0000022f   Thumb Code     0  libinit2.o(.ARM.Collect$$libinit$$00000005)
    __rt_lib_init_preinit_1                  0x0000022f   Thumb Code     0  libinit2.o(.ARM.Collect$$libinit$$00000004)
    __rt_lib_init_heap_1                     0x00000237   Thumb Code     0  libinit2.o(.ARM.Collect$$libinit$$0000000A)
    __rt_lib_init_lc_common                  0x00000237   Thumb Code     0  libinit2.o(.ARM.Collect$$libinit$$0000000F)
    __rt_lib_init_rand_1                     0x00000237   Thumb Code     0  libinit2.o(.ARM.Collect$$libinit$$0000000E)
    __rt_lib_init_user_alloc_1               0x00000237   Thumb Code     0  libinit2.o(.ARM.Collect$$libinit$$0000000C)
    __rt_lib_init_lc_collate_1               0x0000023d   Thumb Code     0  libinit2.o(.ARM.Collect$$libinit$$00000011)
    __rt_lib_init_lc_ctype_2                 0x0000023d   Thumb Code     0  libinit2.o(.ARM.Collect$$libinit$$00000012)
    __rt_lib_init_lc_ctype_1                 0x00000249   Thumb Code     0  libinit2.o(.ARM.Collect$$libinit$$00000013)
    __rt_lib_init_lc_monetary_1              0x00000249   Thumb Code     0  libinit2.o(.ARM.Collect$$libinit$$00000015)
    __rt_lib_init_lc_numeric_2               0x00000249   Thumb Code     0  libinit2.o(.ARM.Collect$$libinit$$00000016)
    __rt_lib_init_atexit_1                   0x00000253   Thumb Code     0  libinit2.o(.ARM.Collect$$libinit$$0000001B)
    __rt_lib_init_clock_1                    0x00000253   Thumb Code     0  libinit2.o(.ARM.Collect$$libinit$$00000021)
    __rt_lib_init_fp_trap_1                  0x00000253   Thumb Code     0  libinit2.o(.ARM.Collect$$libinit$$0000001F)
    __rt_lib_init_getenv_1                   0x00000253   Thumb Code     0  libinit2.o(.ARM.Collect$$libinit$$00000023)
    __rt_lib_init_lc_numeric_1               0x00000253   Thumb Code     0  libinit2.o(.ARM.Collect$$libinit$$00000017)
    __rt_lib_init_lc_time_1                  0x00000253   Thumb Code     0  libinit2.o(.ARM.Collect$$libinit$$00000019)
    __rt_lib_init_signal_1                   0x00000253   Thumb Code     0  libinit2.o(.ARM.Collect$$libinit$$0000001D)
    __rt_lib_init_stdio_2                    0x00000253   Thumb Code     0  libinit2.o(.ARM.Collect$$libinit$$00000024)
    __rt_lib_init_alloca_1                   0x00000257   Thumb Code     0  libinit2.o(.ARM.Collect$$libinit$$0000002E)
    __rt_lib_init_argv_1                     0x00000257   Thumb Code     0  libinit2.o(.ARM.Collect$$libinit$$0000002C)
    __rt_lib_init_cpp_2                      0x00000257   Thumb Code     0  libinit2.o(.ARM.Collect$$libinit$$00000031)
    __rt_lib_init_exceptions_1               0x00000257   Thumb Code     0  libinit2.o(.ARM.Collect$$libinit$$00000030)
    __rt_lib_init_stdio_1                    0x00000257   Thumb Code     0  libinit2.o(.ARM.Collect$$libinit$$00000025)
    __rt_lib_init_cpp_1                      0x0000025b   Thumb Code     0  libinit2.o(.ARM.Collect$$libinit$$00000032)
    __rt_lib_init_return                     0x0000025b   Thumb Code     0  libinit2.o(.ARM.Collect$$libinit$$00000033)
    __rt_entry                               0x0000025d   Thumb Code     0  __rtentry.o(.ARM.Collect$$rtentry$$00000000)
    __rt_entry_presh_1                       0x0000025d   Thumb Code     0  __rtentry2.o(.ARM.Collect$$rtentry$$00000002)
    __rt_entry_sh                            0x0000025d   Thumb Code     0  __rtentry4.o(.ARM.Collect$$rtentry$$00000004)
    __rt_lib_shutdown_stdio_2                0x0000025d   Thumb Code     0  libshutdown2.o(.ARM.Collect$$libshutdown$$00000006)
    __rt_entry_li                            0x00000263   Thumb Code     0  __rtentry2.o(.ARM.Collect$$rtentry$$0000000A)
    __rt_entry_postsh_1                      0x00000263   Thumb Code     0  __rtentry2.o(.ARM.Collect$$rtentry$$00000009)
    __rt_entry_main                          0x00000267   Thumb Code     0  __rtentry2.o(.ARM.Collect$$rtentry$$0000000D)
    __rt_entry_postli_1                      0x00000267   Thumb Code     0  __rtentry2.o(.ARM.Collect$$rtentry$$0000000C)
    Reset_Handler                            0x00000271   Thumb Code     8  startup_LPC407x_8x_177x_8x.o(.text)
    _maybe_terminate_alloc                   0x00000271   Thumb Code     0  maybetermalloc1.o(.emb_text)
    NMI_Handler                              0x00000279   Thumb Code     2  startup_LPC407x_8x_177x_8x.o(.text)
    HardFault_Handler                        0x0000027b   Thumb Code     2  startup_LPC407x_8x_177x_8x.o(.text)
    MemManage_Handler                        0x0000027d   Thumb Code     2  startup_LPC407x_8x_177x_8x.o(.text)
    BusFault_Handler                         0x0000027f   Thumb Code     2  startup_LPC407x_8x_177x_8x.o(.text)
    UsageFault_Handler                       0x00000281   Thumb Code     2  startup_LPC407x_8x_177x_8x.o(.text)
    SVC_Handler                              0x00000283   Thumb Code     2  startup_LPC407x_8x_177x_8x.o(.text)
    DebugMon_Handler                         0x00000285   Thumb Code     2  startup_LPC407x_8x_177x_8x.o(.text)
    PendSV_Handler                           0x00000287   Thumb Code     2  startup_LPC407x_8x_177x_8x.o(.text)
    SysTick_Handler                          0x00000289   Thumb Code     2  startup_LPC407x_8x_177x_8x.o(.text)
    ADC_IRQHandler                           0x0000028b   Thumb Code     0  startup_LPC407x_8x_177x_8x.o(.text)
    BOD_IRQHandler                           0x0000028b   Thumb Code     0  startup_LPC407x_8x_177x_8x.o(.text)
    CANActivity_IRQHandler                   0x0000028b   Thumb Code     0  startup_LPC407x_8x_177x_8x.o(.text)
    CAN_IRQHandler                           0x0000028b   Thumb Code     0  startup_LPC407x_8x_177x_8x.o(.text)
    DMA_IRQHandler                           0x0000028b   Thumb Code     0  startup_LPC407x_8x_177x_8x.o(.text)
    EEPROM_IRQHandler                        0x0000028b   Thumb Code     0  startup_LPC407x_8x_177x_8x.o(.text)
    EINT0_IRQHandler                         0x0000028b   Thumb Code     0  startup_LPC407x_8x_177x_8x.o(.text)
    EINT1_IRQHandler                         0x0000028b   Thumb Code     0  startup_LPC407x_8x_177x_8x.o(.text)
    EINT2_IRQHandler                         0x0000028b   Thumb Code     0  startup_LPC407x_8x_177x_8x.o(.text)
    EINT3_IRQHandler                         0x0000028b   Thumb Code     0  startup_LPC407x_8x_177x_8x.o(.text)
    ENET_IRQHandler                          0x0000028b   Thumb Code     0  startup_LPC407x_8x_177x_8x.o(.text)
    GPIO_IRQHandler                          0x0000028b   Thumb Code     0  startup_LPC407x_8x_177x_8x.o(.text)
    I2C0_IRQHandler                          0x0000028b   Thumb Code     0  startup_LPC407x_8x_177x_8x.o(.text)
    I2C1_IRQHandler                          0x0000028b   Thumb Code     0  startup_LPC407x_8x_177x_8x.o(.text)
    I2C2_IRQHandler                          0x0000028b   Thumb Code     0  startup_LPC407x_8x_177x_8x.o(.text)
    I2S_IRQHandler                           0x0000028b   Thumb Code     0  startup_LPC407x_8x_177x_8x.o(.text)
    LCD_IRQHandler                           0x0000028b   Thumb Code     0  startup_LPC407x_8x_177x_8x.o(.text)
    MCI_IRQHandler                           0x0000028b   Thumb Code     0  startup_LPC407x_8x_177x_8x.o(.text)
    MCPWM_IRQHandler                         0x0000028b   Thumb Code     0  startup_LPC407x_8x_177x_8x.o(.text)
    PLL0_IRQHandler                          0x0000028b   Thumb Code     0  startup_LPC407x_8x_177x_8x.o(.text)
    PLL1_IRQHandler                          0x0000028b   Thumb Code     0  startup_LPC407x_8x_177x_8x.o(.text)
    PWM0_IRQHandler                          0x0000028b   Thumb Code     0  startup_LPC407x_8x_177x_8x.o(.text)
    PWM1_IRQHandler                          0x0000028b   Thumb Code     0  startup_LPC407x_8x_177x_8x.o(.text)
    QEI_IRQHandler                           0x0000028b   Thumb Code     0  startup_LPC407x_8x_177x_8x.o(.text)
    RTC_IRQHandler                           0x0000028b   Thumb Code     0  startup_LPC407x_8x_177x_8x.o(.text)
    SSP0_IRQHandler                          0x0000028b   Thumb Code     0  startup_LPC407x_8x_177x_8x.o(.text)
    SSP1_IRQHandler                          0x0000028b   Thumb Code     0  startup_LPC407x_8x_177x_8x.o(.text)
    SSP2_IRQHandler                          0x0000028b   Thumb Code     0  startup_LPC407x_8x_177x_8x.o(.text)
    TIMER0_IRQHandler                        0x0000028b   Thumb Code     0  startup_LPC407x_8x_177x_8x.o(.text)
    TIMER1_IRQHandler                        0x0000028b   Thumb Code     0  startup_LPC407x_8x_177x_8x.o(.text)
    TIMER2_IRQHandler                        0x0000028b   Thumb Code     0  startup_LPC407x_8x_177x_8x.o(.text)
    TIMER3_IRQHandler                        0x0000028b   Thumb Code     0  startup_LPC407x_8x_177x_8x.o(.text)
    UART0_IRQHandler                         0x0000028b   Thumb Code     0  startup_LPC407x_8x_177x_8x.o(.text)
    UART1_IRQHandler                         0x0000028b   Thumb Code     0  startup_LPC407x_8x_177x_8x.o(.text)
    UART2_IRQHandler                         0x0000028b   Thumb Code     0  startup_LPC407x_8x_177x_8x.o(.text)
    UART3_IRQHandler                         0x0000028b   Thumb Code     0  startup_LPC407x_8x_177x_8x.o(.text)
    UART4_IRQHandler                         0x0000028b   Thumb Code     0  startup_LPC407x_8x_177x_8x.o(.text)
    USBActivity_IRQHandler                   0x0000028b   Thumb Code     0  startup_LPC407x_8x_177x_8x.o(.text)
    USB_IRQHandler                           0x0000028b   Thumb Code     0  startup_LPC407x_8x_177x_8x.o(.text)
    WDT_IRQHandler                           0x0000028b   Thumb Code     0  startup_LPC407x_8x_177x_8x.o(.text)
    malloc                                   0x00000295   Thumb Code    94  h1_alloc.o(.text)
    __rt_heap_descriptor                     0x000002f5   Thumb Code     8  rt_heap_descriptor.o(.text)
    free                                     0x00000301   Thumb Code    78  h1_free.o(.text)
    vsprintf                                 0x00000351   Thumb Code    32  vsprintf.o(.text)
    __0sscanf                                0x00000375   Thumb Code    52  __0sscanf.o(.text)
    _scanf_int                               0x000003b1   Thumb Code   332  _scanf_int.o(.text)
    _do_fflush                               0x000004fd   Thumb Code    54  fflush.o(.text)
    fflush                                   0x00000533   Thumb Code    42  fflush.o(.text)
    strlen                                   0x00000561   Thumb Code    62  strlen.o(.text)
    strncmp                                  0x0000059f   Thumb Code   150  strncmp.o(.text)
    __aeabi_memcpy4                          0x00000635   Thumb Code     0  rt_memcpy_w.o(.text)
    __aeabi_memcpy8                          0x00000635   Thumb Code     0  rt_memcpy_w.o(.text)
    __rt_memcpy_w                            0x00000635   Thumb Code   100  rt_memcpy_w.o(.text)
    _memcpy_lastbytes_aligned                0x0000067d   Thumb Code     0  rt_memcpy_w.o(.text)
    __aeabi_memclr4                          0x00000699   Thumb Code     0  rt_memclr_w.o(.text)
    __aeabi_memclr8                          0x00000699   Thumb Code     0  rt_memclr_w.o(.text)
    __rt_memclr_w                            0x00000699   Thumb Code    78  rt_memclr_w.o(.text)
    _memset_w                                0x0000069d   Thumb Code     0  rt_memclr_w.o(.text)
    strcmp                                   0x000006e9   Thumb Code   128  strcmpv7m.o(.text)
    __cpp_initialize__aeabi_                 0x00000769   Thumb Code    26  init_aeabi.o(.text)
    __use_no_heap                            0x0000078d   Thumb Code     2  hguard.o(.text)
    __heap$guard                             0x0000078f   Thumb Code     2  hguard.o(.text)
    _terminate_user_alloc                    0x00000791   Thumb Code     2  init_alloc.o(.text)
    _init_user_alloc                         0x00000793   Thumb Code     2  init_alloc.o(.text)
    __Heap_Full                              0x00000795   Thumb Code    34  init_alloc.o(.text)
    __Heap_Broken                            0x000007b7   Thumb Code     6  init_alloc.o(.text)
    _init_alloc                              0x000007bd   Thumb Code    94  init_alloc.o(.text)
    __Heap_Initialize                        0x0000081b   Thumb Code    10  h1_init.o(.text)
    __Heap_DescSize                          0x00000825   Thumb Code     4  h1_init.o(.text)
    _printf_pre_padding                      0x00000829   Thumb Code    44  _printf_pad.o(.text)
    _printf_post_padding                     0x00000855   Thumb Code    34  _printf_pad.o(.text)
    _printf_truncate_signed                  0x00000877   Thumb Code    18  _printf_truncate.o(.text)
    _printf_truncate_unsigned                0x00000889   Thumb Code    18  _printf_truncate.o(.text)
    _printf_str                              0x0000089b   Thumb Code    82  _printf_str.o(.text)
    _printf_int_dec                          0x000008ed   Thumb Code   104  _printf_dec.o(.text)
    _printf_charcount                        0x00000965   Thumb Code    40  _printf_charcount.o(.text)
    _printf_char_common                      0x00000997   Thumb Code    32  _printf_char_common.o(.text)
    _sputc                                   0x000009bd   Thumb Code    10  _sputc.o(.text)
    _printf_wctomb                           0x000009c9   Thumb Code   182  _printf_wctomb.o(.text)
    _printf_longlong_dec                     0x00000a85   Thumb Code   108  _printf_longlong_dec.o(.text)
    _printf_longlong_oct                     0x00000b01   Thumb Code    66  _printf_oct_int_ll.o(.text)
    _printf_int_oct                          0x00000b43   Thumb Code    24  _printf_oct_int_ll.o(.text)
    _printf_ll_oct                           0x00000b5b   Thumb Code    12  _printf_oct_int_ll.o(.text)
    _printf_longlong_hex                     0x00000b71   Thumb Code    86  _printf_hex_int_ll_ptr.o(.text)
    _printf_int_hex                          0x00000bc7   Thumb Code    28  _printf_hex_int_ll_ptr.o(.text)
    _printf_ll_hex                           0x00000be3   Thumb Code    12  _printf_hex_int_ll_ptr.o(.text)
    _printf_hex_ptr                          0x00000bef   Thumb Code    18  _printf_hex_int_ll_ptr.o(.text)
    __printf                                 0x00000c05   Thumb Code   388  __printf_flags_ss_wp.o(.text)
    _chval                                   0x00000d8d   Thumb Code    28  _chval.o(.text)
    __vfscanf_char                           0x00000db5   Thumb Code    24  scanf_char.o(.text)
    _sgetc                                   0x00000dd5   Thumb Code    30  _sgetc.o(.text)
    _sbackspace                              0x00000df3   Thumb Code    34  _sgetc.o(.text)
    _fseek                                   0x00000e15   Thumb Code   242  fseek.o(.text)
    fseek                                    0x00000e15   Thumb Code     0  fseek.o(.text)
    setvbuf                                  0x00000f0d   Thumb Code    70  setvbuf.o(.text)
    _seterr                                  0x00000f55   Thumb Code    20  stdio.o(.text)
    _writebuf                                0x00000f69   Thumb Code    84  stdio.o(.text)
    _fflush                                  0x00000fbd   Thumb Code    70  stdio.o(.text)
    _deferredlazyseek                        0x00001003   Thumb Code    60  stdio.o(.text)
    _initio                                  0x00001045   Thumb Code   210  initio.o(.text)
    _terminateio                             0x00001117   Thumb Code    56  initio.o(.text)
    __Heap_ProvideMemory                     0x0000117d   Thumb Code    52  h1_extend.o(.text)
    _ll_udiv10                               0x000011b1   Thumb Code   138  lludiv10.o(.text)
    isspace                                  0x0000123b   Thumb Code    18  isspace.o(.text)
    _printf_int_common                       0x0000124d   Thumb Code   178  _printf_intcommon.o(.text)
    __lib_sel_fp_printf                      0x000012ff   Thumb Code     2  _printf_fp_dec.o(.text)
    _printf_fp_dec_real                      0x000014b1   Thumb Code   620  _printf_fp_dec.o(.text)
    _printf_fp_hex_real                      0x0000171d   Thumb Code   756  _printf_fp_hex.o(.text)
    _printf_cs_common                        0x00001a19   Thumb Code    20  _printf_char.o(.text)
    _printf_char                             0x00001a2d   Thumb Code    16  _printf_char.o(.text)
    _printf_string                           0x00001a3d   Thumb Code     8  _printf_char.o(.text)
    _printf_lcs_common                       0x00001a45   Thumb Code    20  _printf_wchar.o(.text)
    _printf_wchar                            0x00001a59   Thumb Code    16  _printf_wchar.o(.text)
    _printf_wstring                          0x00001a69   Thumb Code     8  _printf_wchar.o(.text)
    __vfscanf                                0x00001a71   Thumb Code   880  _scanf.o(.text)
    _ftell_internal                          0x00001de5   Thumb Code    66  ftell.o(.text)
    ftell                                    0x00001de5   Thumb Code     0  ftell.o(.text)
    freopen                                  0x00001e29   Thumb Code   158  fopen.o(.text)
    fopen                                    0x00001ec7   Thumb Code    74  fopen.o(.text)
    _fclose_internal                         0x00001f15   Thumb Code    76  fclose.o(.text)
    fclose                                   0x00001f15   Thumb Code     0  fclose.o(.text)
    _wcrtomb                                 0x00001f61   Thumb Code    64  _wcrtomb.o(.text)
    __sig_exit                               0x00001fa1   Thumb Code    10  defsig_exit.o(.text)
    __rt_SIGRTRED                            0x00001fab   Thumb Code    14  defsig_rtred_outer.o(.text)
    __rt_SIGRTMEM                            0x00001fb9   Thumb Code    14  defsig_rtmem_outer.o(.text)
    __rt_heap_escrow                         0x00001fc9   Thumb Code    22  heapauxa.o(.text)
    __rt_heap_expand                         0x00001fdf   Thumb Code    52  heapauxa.o(.text)
    _sys_exit                                0x00002019   Thumb Code     8  sys_exit.o(.text)
    __rt_ctype_table                         0x00002025   Thumb Code    16  rt_ctype_table.o(.text)
    __rt_locale                              0x00002035   Thumb Code     8  rt_locale.o(.text)
    __aeabi_errno_addr                       0x0000203d   Thumb Code     8  rt_errno_addr.o(.text)
    __errno                                  0x0000203d   Thumb Code     0  rt_errno_addr.o(.text)
    __rt_errno_addr                          0x0000203d   Thumb Code     0  rt_errno_addr.o(.text)
    _printf_fp_infnan                        0x00002045   Thumb Code   112  _printf_fp_infnan.o(.text)
    _btod_etento                             0x000020c5   Thumb Code   224  bigflt0.o(.text)
    __default_signal_display                 0x000021a9   Thumb Code    50  defsig_general.o(.text)
    __rt_SIGRTRED_inner                      0x000021dd   Thumb Code    14  defsig_rtred_inner.o(.text)
    __rt_SIGRTMEM_inner                      0x00002211   Thumb Code    22  defsig_rtmem_inner.o(.text)
    _ttywrch                                 0x00002261   Thumb Code    14  sys_wrch.o(.text)
    __I$use$semihosting                      0x0000226f   Thumb Code     0  use_no_semi.o(.text)
    __use_no_semihosting_swi                 0x0000226f   Thumb Code     2  use_no_semi.o(.text)
    __semihosting_library_function           0x00002271   Thumb Code     0  indicate_semi.o(.text)
    _btod_d2e                                0x00002271   Thumb Code    62  btod.o(CL$$btod_d2e)
    _d2e_denorm_low                          0x000022af   Thumb Code    70  btod.o(CL$$btod_d2e_denorm_low)
    _d2e_norm_op1                            0x000022f5   Thumb Code    96  btod.o(CL$$btod_d2e_norm_op1)
    __btod_div_common                        0x00002355   Thumb Code   696  btod.o(CL$$btod_div_common)
    _e2e                                     0x0000268d   Thumb Code   220  btod.o(CL$$btod_e2e)
    _btod_ediv                               0x00002769   Thumb Code    42  btod.o(CL$$btod_ediv)
    _btod_emul                               0x00002793   Thumb Code    42  btod.o(CL$$btod_emul)
    __btod_mult_common                       0x000027bd   Thumb Code   580  btod.o(CL$$btod_mult_common)
    main                                     0x00002a01   Thumb Code    18  retarget.o(i.$Sub$$main)
    SystemCoreClockUpdate                    0x00002a15   Thumb Code   462  system_LPC407x_8x_177x_8x.o(i.SystemCoreClockUpdate)
    SystemInit                               0x00002bf1   Thumb Code   224  system_LPC407x_8x_177x_8x.o(i.SystemInit)
    displayVal(int)                          0x00002ce9   Thumb Code    74  main.o(i._Z10displayVali)
    CalculatorInput(int)                     0x00002d45   Thumb Code   336  main.o(i._Z15CalculatorInputi)
    readPad(int, int, int, int, int, int, int, int) 0x00002ea5   Thumb Code   200  main.o(i._Z7readPadiiiiiiii)
    EdgeClock()                              0x00002f6d   Thumb Code    88  main.o(i._Z9EdgeClockv)
    mbed::FileBase::getPathType()            0x00003021   Thumb Code     4  FileBase.o(i._ZN4mbed8FileBase11getPathTypeEv)
    mbed::FileBase::lookup(const char*, unsigned) 0x00003025   Thumb Code    90  FileBase.o(i._ZN4mbed8FileBase6lookupEPKcj)
    mbed::FilePath::fileSystem()             0x00003091   Thumb Code    24  FilePath.o(i._ZN4mbed8FilePath10fileSystemEv)
    mbed::FilePath::file()                   0x000030a9   Thumb Code    28  FilePath.o(i._ZN4mbed8FilePath4fileEv)
    mbed::FilePath::exists()                 0x000030c5   Thumb Code    10  FilePath.o(i._ZN4mbed8FilePath6existsEv)
    mbed::FilePath::isFile()                 0x000030cf   Thumb Code    24  FilePath.o(i._ZN4mbed8FilePath6isFileEv)
    mbed::FilePath::fileName()               0x000030e7   Thumb Code     4  FilePath.o(i._ZN4mbed8FilePath8fileNameEv)
    mbed::FilePath::FilePath(const char*)    0x000030eb   Thumb Code    64  FilePath.o(i._ZN4mbed8FilePathC1EPKc)
    mbed::FilePath::FilePath__sub_object(const char*) 0x000030eb   Thumb Code     0  FilePath.o(i._ZN4mbed8FilePathC1EPKc)
    __ARM_fpclassify                         0x0000312b   Thumb Code    48  fpclassify.o(i.__ARM_fpclassify)
    __NVIC_SetVector                         0x0000315d   Thumb Code    42  cmsis_nvic.o(i.__NVIC_SetVector)
    __reserved_stack_size                    0x0000318d   Thumb Code     4  sys_helper.o(i.__reserved_stack_size)
    __user_setup_stackheap                   0x000032a1   Thumb Code    24  sys.o(i.__user_setup_stackheap)
    _is_digit                                0x000032bd   Thumb Code    14  __printf_wp.o(i._is_digit)
    _sys_close                               0x000032cd   Thumb Code    40  retarget.o(i._sys_close)
    _sys_flen                                0x000032f9   Thumb Code    34  retarget.o(i._sys_flen)
    _sys_istty                               0x00003321   Thumb Code    34  retarget.o(i._sys_istty)
    _sys_open                                0x00003349   Thumb Code   436  retarget.o(i._sys_open)
    _sys_seek                                0x00003525   Thumb Code    36  retarget.o(i._sys_seek)
    _sys_write                               0x0000354d   Thumb Code    92  retarget.o(i._sys_write)
    core_util_critical_section_enter         0x000035b5   Thumb Code    70  mbed_critical.o(i.core_util_critical_section_enter)
    core_util_critical_section_exit          0x00003641   Thumb Code    60  mbed_critical.o(i.core_util_critical_section_exit)
    error                                    0x00003699   Thumb Code    18  mbed_error.o(i.error)
    exit                                     0x000036ad   Thumb Code    24  retarget.o(i.exit)
    gpio_dir                                 0x000036cd   Thumb Code    56  gpio_api.o(i.gpio_dir)
    gpio_init                                0x00003721   Thumb Code    66  gpio_api.o(i.gpio_init)
    gpio_init_in                             0x00003763   Thumb Code    40  mbed_gpio.o(i.gpio_init_in)
    gpio_init_out                            0x0000378d   Thumb Code    66  mbed_gpio.o(i.gpio_init_out)
    gpio_init_out_ex                         0x000037d9   Thumb Code    78  mbed_gpio.o(i.gpio_init_out_ex)
    gpio_mode                                0x00003845   Thumb Code     8  gpio_api.o(i.gpio_mode)
    $Super$$main                             0x0000384d   Thumb Code  2124  main.o(i.main)
    mbed_assert_internal                     0x00004099   Thumb Code    32  mbed_assert.o(i.mbed_assert_internal)
    mbed_die                                 0x000040ed   Thumb Code   262  mbed_board.o(i.mbed_die)
    mbed_error_printf                        0x00004211   Thumb Code    74  mbed_board.o(i.mbed_error_printf)
    mbed_error_vfprintf                      0x00004265   Thumb Code    68  mbed_board.o(i.mbed_error_vfprintf)
    mbed_main                                0x000042b1   Thumb Code     2  retarget.o(i.mbed_main)
    mbed_sdk_init                            0x000042b3   Thumb Code     2  retarget.o(i.mbed_sdk_init)
    pin_function                             0x000042b5   Thumb Code    38  pinmap.o(i.pin_function)
    pin_mode                                 0x000042f9   Thumb Code    58  pinmap.o(i.pin_mode)
    pinmap_merge                             0x00004351   Thumb Code    38  mbed_pinmap_common.o(i.pinmap_merge)
    pinmap_peripheral                        0x0000438d   Thumb Code    62  mbed_pinmap_common.o(i.pinmap_peripheral)
    pinmap_pinout                            0x000043ed   Thumb Code    72  mbed_pinmap_common.o(i.pinmap_pinout)
    serial_baud                              0x00004449   Thumb Code   260  serial_api.o(i.serial_baud)
    serial_init                              0x00004551   Thumb Code   348  serial_api.o(i.serial_init)
    serial_putc                              0x000046d9   Thumb Code    14  serial_api.o(i.serial_putc)
    ticker_irq_handler                       0x000046e7   Thumb Code    78  mbed_ticker_api.o(i.ticker_irq_handler)
    us_ticker_clear_interrupt                0x00004735   Thumb Code     8  us_ticker.o(i.us_ticker_clear_interrupt)
    us_ticker_disable_interrupt              0x00004741   Thumb Code    12  us_ticker.o(i.us_ticker_disable_interrupt)
    us_ticker_init                           0x00004751   Thumb Code    74  us_ticker.o(i.us_ticker_init)
    us_ticker_irq_handler                    0x000047b5   Thumb Code     6  mbed_us_ticker_api.o(i.us_ticker_irq_handler)
    us_ticker_read                           0x000047c1   Thumb Code    72  us_ticker.o(i.us_ticker_read)
    us_ticker_set_interrupt                  0x00004821   Thumb Code    14  us_ticker.o(i.us_ticker_set_interrupt)
    wait                                     0x00004835   Thumb Code    36  mbed_wait_api.o(i.wait)
    wait_ms                                  0x0000485d   Thumb Code    28  mbed_wait_api.o(i.wait_ms)
    _get_lc_numeric                          0x00004879   Thumb Code    44  lc_numeric_c.o(locale$$code)
    _get_lc_ctype                            0x000048a5   Thumb Code    44  lc_ctype_c.o(locale$$code)
    SingletonPtr<PlatformMutex>::operator ->() 0x000048d1   Thumb Code    36  FileBase.o(t._ZN12SingletonPtrI13PlatformMutexEptEv)
    _fp_init                                 0x000048fd   Thumb Code    10  fpinit.o(x$fpl$fpinit)
    __fplib_config_fpu_vfp                   0x00004905   Thumb Code     0  fpinit.o(x$fpl$fpinit)
    __fplib_config_pureend_doubles           0x00004905   Thumb Code     0  fpinit.o(x$fpl$fpinit)
    _printf_fp_dec                           0x00004907   Thumb Code     4  printf1.o(x$fpl$printf1)
    _printf_fp_hex                           0x0000490b   Thumb Code     4  printf2.o(x$fpl$printf2)
    __I$use$fp                               0x0000490e   Number         0  usenofp.o(x$fpl$usenofp)
    __stdin_name                             0x0000490e   Data           7  retarget.o(.constdata)
    __stdout_name                            0x00004915   Data           8  retarget.o(.constdata)
    __stderr_name                            0x0000491d   Data           8  retarget.o(.constdata)
    SingletonPtr<PlatformMutex>::get()::string 0x00004b6c   Data          20  retarget.o(.constdata__ZZN12SingletonPtrI13PlatformMutexE3getEvEs)
    SingletonPtr<PlatformMutex>::get()::string (instance 2) 0x00004b80   Data          69  retarget.o(.constdata__ZZN12SingletonPtrI13PlatformMutexE3getEvEs_0)
    Region$$Table$$Base                      0x00004db0   Number         0  anon$$obj.o(Region$$Table)
    Region$$Table$$Limit                     0x00004dd0   Number         0  anon$$obj.o(Region$$Table)
    __ctype                                  0x00004df9   Data           0  lc_ctype_c.o(locale$$data)
    SHT$$INIT_ARRAY$$Base                    0x00004efc   Number         0  main.o(.init_array)
    SHT$$INIT_ARRAY$$Limit                   0x00004f00   Number         0  init_aeabi.o(.init_array)
    SystemCoreClock                          0x100000f0   Data           4  system_LPC407x_8x_177x_8x.o(.data)
    PeripheralClock                          0x100000f4   Data           4  system_LPC407x_8x_177x_8x.o(.data)
    EMCClock                                 0x100000f8   Data           4  system_LPC407x_8x_177x_8x.o(.data)
    USBClock                                 0x100000fc   Data           4  system_LPC407x_8x_177x_8x.o(.data)
    arr                                      0x10000124   Data         544  main.o(.data)
    stdio_uart_inited                        0x10000344   Data           4  serial_api.o(.data)
    stdio_uart                               0x1000034c   Data           8  serial_api.o(.data)
    us_ticker_inited                         0x1000035c   Data           4  us_ticker.o(.data)
    mbed::FileBase::_head                    0x10000360   Data           4  FileBase.o(.data)
    mbed::FileBase::_mutex                   0x10000364   Data           8  FileBase.o(.data)
    __aeabi_stdin                            0x10000374   Data           4  stdio_streams.o(.data)
    __aeabi_stdout                           0x10000378   Data           4  stdio_streams.o(.data)
    __aeabi_stderr                           0x1000037c   Data           4  stdio_streams.o(.data)
    clk                                      0x100003c4   Data          24  main.o(.bss)
    rst                                      0x100003dc   Data          24  main.o(.bss)
    data                                     0x100003f4   Data          24  main.o(.bss)
    row1                                     0x1000040c   Data          24  main.o(.bss)
    row2                                     0x10000424   Data          24  main.o(.bss)
    row3                                     0x1000043c   Data          24  main.o(.bss)
    row4                                     0x10000454   Data          24  main.o(.bss)
    col1                                     0x1000046c   Data          24  main.o(.bss)
    col2                                     0x10000484   Data          24  main.o(.bss)
    col3                                     0x1000049c   Data          24  main.o(.bss)
    col4                                     0x100004b4   Data          24  main.o(.bss)
    __stdin                                  0x100004cc   Data          84  stdio_streams.o(.bss)
    __stdout                                 0x10000520   Data          84  stdio_streams.o(.bss)
    __stderr                                 0x10000574   Data          84  stdio_streams.o(.bss)
    Image$$RW_IRAM1$$ZI$$Limit               0x100005e4   Number         0  anon$$obj.o ABSOLUTE



==============================================================================

Memory Map of the image

  Image Entry point : 0x000000e5

  Load Region LR_IROM1 (Base: 0x00000000, Size: 0x0000519c, Max: 0x00080000, ABSOLUTE, COMPRESSED[0x00004f5c])

    Execution Region ER_IROM1 (Exec base: 0x00000000, Load base: 0x00000000, Size: 0x00004f00, Max: 0x00080000, ABSOLUTE)

    Exec Addr    Load Addr    Size         Type   Attr      Idx    E Section Name        Object

    0x00000000   0x00000000   0x000000e4   Data   RO          168    RESET               startup_LPC407x_8x_177x_8x.o
    0x000000e4   0x000000e4   0x00000008   Code   RO         1033  * !!!main             c_w.l(__main.o)
    0x000000ec   0x000000ec   0x00000034   Code   RO         1609    !!!scatter          c_w.l(__scatter.o)
    0x00000120   0x00000120   0x0000005a   Code   RO         1607    !!dczerorl2         c_w.l(__dczerorl2.o)
    0x0000017a   0x0000017a   0x00000002   PAD
    0x0000017c   0x0000017c   0x0000001c   Code   RO         1611    !!handler_zi        c_w.l(__scatter_zi.o)
    0x00000198   0x00000198   0x00000000   Code   RO         1259    .ARM.Collect$$_printf_percent$$00000000  c_w.l(_printf_percent.o)
    0x00000198   0x00000198   0x00000006   Code   RO         1248    .ARM.Collect$$_printf_percent$$00000001  c_w.l(_printf_n.o)
    0x0000019e   0x0000019e   0x00000006   Code   RO         1250    .ARM.Collect$$_printf_percent$$00000002  c_w.l(_printf_p.o)
    0x000001a4   0x000001a4   0x00000006   Code   RO         1255    .ARM.Collect$$_printf_percent$$00000003  c_w.l(_printf_f.o)
    0x000001aa   0x000001aa   0x00000006   Code   RO         1256    .ARM.Collect$$_printf_percent$$00000004  c_w.l(_printf_e.o)
    0x000001b0   0x000001b0   0x00000006   Code   RO         1257    .ARM.Collect$$_printf_percent$$00000005  c_w.l(_printf_g.o)
    0x000001b6   0x000001b6   0x00000006   Code   RO         1258    .ARM.Collect$$_printf_percent$$00000006  c_w.l(_printf_a.o)
    0x000001bc   0x000001bc   0x0000000a   Code   RO         1263    .ARM.Collect$$_printf_percent$$00000007  c_w.l(_printf_ll.o)
    0x000001c6   0x000001c6   0x00000006   Code   RO         1252    .ARM.Collect$$_printf_percent$$00000008  c_w.l(_printf_i.o)
    0x000001cc   0x000001cc   0x00000006   Code   RO         1253    .ARM.Collect$$_printf_percent$$00000009  c_w.l(_printf_d.o)
    0x000001d2   0x000001d2   0x00000006   Code   RO         1254    .ARM.Collect$$_printf_percent$$0000000A  c_w.l(_printf_u.o)
    0x000001d8   0x000001d8   0x00000006   Code   RO         1251    .ARM.Collect$$_printf_percent$$0000000B  c_w.l(_printf_o.o)
    0x000001de   0x000001de   0x00000006   Code   RO         1249    .ARM.Collect$$_printf_percent$$0000000C  c_w.l(_printf_x.o)
    0x000001e4   0x000001e4   0x00000006   Code   RO         1260    .ARM.Collect$$_printf_percent$$0000000D  c_w.l(_printf_lli.o)
    0x000001ea   0x000001ea   0x00000006   Code   RO         1261    .ARM.Collect$$_printf_percent$$0000000E  c_w.l(_printf_lld.o)
    0x000001f0   0x000001f0   0x00000006   Code   RO         1262    .ARM.Collect$$_printf_percent$$0000000F  c_w.l(_printf_llu.o)
    0x000001f6   0x000001f6   0x00000006   Code   RO         1267    .ARM.Collect$$_printf_percent$$00000010  c_w.l(_printf_llo.o)
    0x000001fc   0x000001fc   0x00000006   Code   RO         1268    .ARM.Collect$$_printf_percent$$00000011  c_w.l(_printf_llx.o)
    0x00000202   0x00000202   0x0000000a   Code   RO         1264    .ARM.Collect$$_printf_percent$$00000012  c_w.l(_printf_l.o)
    0x0000020c   0x0000020c   0x00000006   Code   RO         1246    .ARM.Collect$$_printf_percent$$00000013  c_w.l(_printf_c.o)
    0x00000212   0x00000212   0x00000006   Code   RO         1247    .ARM.Collect$$_printf_percent$$00000014  c_w.l(_printf_s.o)
    0x00000218   0x00000218   0x00000006   Code   RO         1265    .ARM.Collect$$_printf_percent$$00000015  c_w.l(_printf_lc.o)
    0x0000021e   0x0000021e   0x00000006   Code   RO         1266    .ARM.Collect$$_printf_percent$$00000016  c_w.l(_printf_ls.o)
    0x00000224   0x00000224   0x00000004   Code   RO         1415    .ARM.Collect$$_printf_percent$$00000017  c_w.l(_printf_percent_end.o)
    0x00000228   0x00000228   0x00000002   Code   RO         1566    .ARM.Collect$$libinit$$00000000  c_w.l(libinit.o)
    0x0000022a   0x0000022a   0x00000004   Code   RO         1302    .ARM.Collect$$libinit$$00000001  c_w.l(libinit2.o)
    0x0000022e   0x0000022e   0x00000000   Code   RO         1305    .ARM.Collect$$libinit$$00000004  c_w.l(libinit2.o)
    0x0000022e   0x0000022e   0x00000008   Code   RO         1306    .ARM.Collect$$libinit$$00000005  c_w.l(libinit2.o)
    0x00000236   0x00000236   0x00000000   Code   RO         1308    .ARM.Collect$$libinit$$0000000A  c_w.l(libinit2.o)
    0x00000236   0x00000236   0x00000000   Code   RO         1310    .ARM.Collect$$libinit$$0000000C  c_w.l(libinit2.o)
    0x00000236   0x00000236   0x00000000   Code   RO         1312    .ARM.Collect$$libinit$$0000000E  c_w.l(libinit2.o)
    0x00000236   0x00000236   0x00000006   Code   RO         1313    .ARM.Collect$$libinit$$0000000F  c_w.l(libinit2.o)
    0x0000023c   0x0000023c   0x00000000   Code   RO         1315    .ARM.Collect$$libinit$$00000011  c_w.l(libinit2.o)
    0x0000023c   0x0000023c   0x0000000c   Code   RO         1316    .ARM.Collect$$libinit$$00000012  c_w.l(libinit2.o)
    0x00000248   0x00000248   0x00000000   Code   RO         1317    .ARM.Collect$$libinit$$00000013  c_w.l(libinit2.o)
    0x00000248   0x00000248   0x00000000   Code   RO         1319    .ARM.Collect$$libinit$$00000015  c_w.l(libinit2.o)
    0x00000248   0x00000248   0x0000000a   Code   RO         1320    .ARM.Collect$$libinit$$00000016  c_w.l(libinit2.o)
    0x00000252   0x00000252   0x00000000   Code   RO         1321    .ARM.Collect$$libinit$$00000017  c_w.l(libinit2.o)
    0x00000252   0x00000252   0x00000000   Code   RO         1323    .ARM.Collect$$libinit$$00000019  c_w.l(libinit2.o)
    0x00000252   0x00000252   0x00000000   Code   RO         1325    .ARM.Collect$$libinit$$0000001B  c_w.l(libinit2.o)
    0x00000252   0x00000252   0x00000000   Code   RO         1327    .ARM.Collect$$libinit$$0000001D  c_w.l(libinit2.o)
    0x00000252   0x00000252   0x00000000   Code   RO         1329    .ARM.Collect$$libinit$$0000001F  c_w.l(libinit2.o)
    0x00000252   0x00000252   0x00000000   Code   RO         1331    .ARM.Collect$$libinit$$00000021  c_w.l(libinit2.o)
    0x00000252   0x00000252   0x00000000   Code   RO         1333    .ARM.Collect$$libinit$$00000023  c_w.l(libinit2.o)
    0x00000252   0x00000252   0x00000004   Code   RO         1334    .ARM.Collect$$libinit$$00000024  c_w.l(libinit2.o)
    0x00000256   0x00000256   0x00000000   Code   RO         1335    .ARM.Collect$$libinit$$00000025  c_w.l(libinit2.o)
    0x00000256   0x00000256   0x00000000   Code   RO         1339    .ARM.Collect$$libinit$$0000002C  c_w.l(libinit2.o)
    0x00000256   0x00000256   0x00000000   Code   RO         1341    .ARM.Collect$$libinit$$0000002E  c_w.l(libinit2.o)
    0x00000256   0x00000256   0x00000000   Code   RO         1343    .ARM.Collect$$libinit$$00000030  c_w.l(libinit2.o)
    0x00000256   0x00000256   0x00000004   Code   RO         1344    .ARM.Collect$$libinit$$00000031  c_w.l(libinit2.o)
    0x0000025a   0x0000025a   0x00000000   Code   RO         1345    .ARM.Collect$$libinit$$00000032  c_w.l(libinit2.o)
    0x0000025a   0x0000025a   0x00000002   Code   RO         1346    .ARM.Collect$$libinit$$00000033  c_w.l(libinit2.o)
    0x0000025c   0x0000025c   0x00000000   Code   RO         1466    .ARM.Collect$$libshutdown$$00000006  c_w.l(libshutdown2.o)
    0x0000025c   0x0000025c   0x00000000   Code   RO         1152    .ARM.Collect$$rtentry$$00000000  c_w.l(__rtentry.o)
    0x0000025c   0x0000025c   0x00000000   Code   RO         1374    .ARM.Collect$$rtentry$$00000002  c_w.l(__rtentry2.o)
    0x0000025c   0x0000025c   0x00000006   Code   RO         1386    .ARM.Collect$$rtentry$$00000004  c_w.l(__rtentry4.o)
    0x00000262   0x00000262   0x00000000   Code   RO         1376    .ARM.Collect$$rtentry$$00000009  c_w.l(__rtentry2.o)
    0x00000262   0x00000262   0x00000004   Code   RO         1377    .ARM.Collect$$rtentry$$0000000A  c_w.l(__rtentry2.o)
    0x00000266   0x00000266   0x00000000   Code   RO         1379    .ARM.Collect$$rtentry$$0000000C  c_w.l(__rtentry2.o)
    0x00000266   0x00000266   0x00000008   Code   RO         1380    .ARM.Collect$$rtentry$$0000000D  c_w.l(__rtentry2.o)
    0x0000026e   0x0000026e   0x00000002   PAD
    0x00000270   0x00000270   0x00000000   Code   RO         1392    .emb_text           c_w.l(maybetermalloc1.o)
    0x00000270   0x00000270   0x00000024   Code   RO          170    .text               startup_LPC407x_8x_177x_8x.o
    0x00000294   0x00000294   0x0000005e   Code   RO          937    .text               c_w.l(h1_alloc.o)
    0x000002f2   0x000002f2   0x00000002   PAD
    0x000002f4   0x000002f4   0x00000008   Code   RO         1153    .text               c_w.l(rt_heap_descriptor.o)
    0x000002fc   0x000002fc   0x00000004   Code   RO          169    .ARM.__at_0x02FC    startup_LPC407x_8x_177x_8x.o
    0x00000300   0x00000300   0x0000004e   Code   RO          939    .text               c_w.l(h1_free.o)
    0x0000034e   0x0000034e   0x00000002   PAD
    0x00000350   0x00000350   0x00000024   Code   RO          995    .text               c_w.l(vsprintf.o)
    0x00000374   0x00000374   0x0000003c   Code   RO          997    .text               c_w.l(__0sscanf.o)
    0x000003b0   0x000003b0   0x0000014c   Code   RO          999    .text               c_w.l(_scanf_int.o)
    0x000004fc   0x000004fc   0x00000064   Code   RO         1001    .text               c_w.l(fflush.o)
    0x00000560   0x00000560   0x0000003e   Code   RO         1021    .text               c_w.l(strlen.o)
    0x0000059e   0x0000059e   0x00000096   Code   RO         1023    .text               c_w.l(strncmp.o)
    0x00000634   0x00000634   0x00000064   Code   RO         1025    .text               c_w.l(rt_memcpy_w.o)
    0x00000698   0x00000698   0x0000004e   Code   RO         1027    .text               c_w.l(rt_memclr_w.o)
    0x000006e6   0x000006e6   0x00000002   PAD
    0x000006e8   0x000006e8   0x00000080   Code   RO         1031    .text               c_w.l(strcmpv7m.o)
    0x00000768   0x00000768   0x00000024   Code   RO         1038    .text               c_w.l(init_aeabi.o)
    0x0000078c   0x0000078c   0x00000004   Code   RO         1158    .text               c_w.l(hguard.o)
    0x00000790   0x00000790   0x0000008a   Code   RO         1160    .text               c_w.l(init_alloc.o)
    0x0000081a   0x0000081a   0x0000000e   Code   RO         1164    .text               c_w.l(h1_init.o)
    0x00000828   0x00000828   0x0000004e   Code   RO         1180    .text               c_w.l(_printf_pad.o)
    0x00000876   0x00000876   0x00000024   Code   RO         1182    .text               c_w.l(_printf_truncate.o)
    0x0000089a   0x0000089a   0x00000052   Code   RO         1184    .text               c_w.l(_printf_str.o)
    0x000008ec   0x000008ec   0x00000078   Code   RO         1186    .text               c_w.l(_printf_dec.o)
    0x00000964   0x00000964   0x00000028   Code   RO         1188    .text               c_w.l(_printf_charcount.o)
    0x0000098c   0x0000098c   0x00000030   Code   RO         1190    .text               c_w.l(_printf_char_common.o)
    0x000009bc   0x000009bc   0x0000000a   Code   RO         1192    .text               c_w.l(_sputc.o)
    0x000009c6   0x000009c6   0x00000002   PAD
    0x000009c8   0x000009c8   0x000000bc   Code   RO         1194    .text               c_w.l(_printf_wctomb.o)
    0x00000a84   0x00000a84   0x0000007c   Code   RO         1197    .text               c_w.l(_printf_longlong_dec.o)
    0x00000b00   0x00000b00   0x00000070   Code   RO         1203    .text               c_w.l(_printf_oct_int_ll.o)
    0x00000b70   0x00000b70   0x00000094   Code   RO         1223    .text               c_w.l(_printf_hex_int_ll_ptr.o)
    0x00000c04   0x00000c04   0x00000188   Code   RO         1243    .text               c_w.l(__printf_flags_ss_wp.o)
    0x00000d8c   0x00000d8c   0x0000001c   Code   RO         1269    .text               c_w.l(_chval.o)
    0x00000da8   0x00000da8   0x0000002c   Code   RO         1271    .text               c_w.l(scanf_char.o)
    0x00000dd4   0x00000dd4   0x00000040   Code   RO         1273    .text               c_w.l(_sgetc.o)
    0x00000e14   0x00000e14   0x000000f8   Code   RO         1279    .text               c_w.l(fseek.o)
    0x00000f0c   0x00000f0c   0x00000046   Code   RO         1281    .text               c_w.l(setvbuf.o)
    0x00000f52   0x00000f52   0x00000002   PAD
    0x00000f54   0x00000f54   0x000000f0   Code   RO         1283    .text               c_w.l(stdio.o)
    0x00001044   0x00001044   0x00000138   Code   RO         1286    .text               c_w.l(initio.o)
    0x0000117c   0x0000117c   0x00000034   Code   RO         1394    .text               c_w.l(h1_extend.o)
    0x000011b0   0x000011b0   0x0000008a   Code   RO         1398    .text               c_w.l(lludiv10.o)
    0x0000123a   0x0000123a   0x00000012   Code   RO         1400    .text               c_w.l(isspace.o)
    0x0000124c   0x0000124c   0x000000b2   Code   RO         1402    .text               c_w.l(_printf_intcommon.o)
    0x000012fe   0x000012fe   0x0000041e   Code   RO         1404    .text               c_w.l(_printf_fp_dec.o)
    0x0000171c   0x0000171c   0x000002fc   Code   RO         1406    .text               c_w.l(_printf_fp_hex.o)
    0x00001a18   0x00001a18   0x0000002c   Code   RO         1411    .text               c_w.l(_printf_char.o)
    0x00001a44   0x00001a44   0x0000002c   Code   RO         1413    .text               c_w.l(_printf_wchar.o)
    0x00001a70   0x00001a70   0x00000374   Code   RO         1416    .text               c_w.l(_scanf.o)
    0x00001de4   0x00001de4   0x00000042   Code   RO         1418    .text               c_w.l(ftell.o)
    0x00001e26   0x00001e26   0x00000002   PAD
    0x00001e28   0x00001e28   0x000000ec   Code   RO         1424    .text               c_w.l(fopen.o)
    0x00001f14   0x00001f14   0x0000004c   Code   RO         1426    .text               c_w.l(fclose.o)
    0x00001f60   0x00001f60   0x00000040   Code   RO         1440    .text               c_w.l(_wcrtomb.o)
    0x00001fa0   0x00001fa0   0x0000000a   Code   RO         1442    .text               c_w.l(defsig_exit.o)
    0x00001faa   0x00001faa   0x0000000e   Code   RO         1444    .text               c_w.l(defsig_rtred_outer.o)
    0x00001fb8   0x00001fb8   0x0000000e   Code   RO         1448    .text               c_w.l(defsig_rtmem_outer.o)
    0x00001fc6   0x00001fc6   0x00000002   PAD
    0x00001fc8   0x00001fc8   0x00000050   Code   RO         1454    .text               c_w.l(heapauxa.o)
    0x00002018   0x00002018   0x0000000c   Code   RO         1494    .text               c_w.l(sys_exit.o)
    0x00002024   0x00002024   0x00000010   Code   RO         1496    .text               c_w.l(rt_ctype_table.o)
    0x00002034   0x00002034   0x00000008   Code   RO         1498    .text               c_w.l(rt_locale.o)
    0x0000203c   0x0000203c   0x00000008   Code   RO         1508    .text               c_w.l(rt_errno_addr.o)
    0x00002044   0x00002044   0x00000080   Code   RO         1515    .text               c_w.l(_printf_fp_infnan.o)
    0x000020c4   0x000020c4   0x000000e4   Code   RO         1517    .text               c_w.l(bigflt0.o)
    0x000021a8   0x000021a8   0x00000032   Code   RO         1549    .text               c_w.l(defsig_general.o)
    0x000021da   0x000021da   0x00000002   PAD
    0x000021dc   0x000021dc   0x00000034   Code   RO         1551    .text               c_w.l(defsig_rtred_inner.o)
    0x00002210   0x00002210   0x00000050   Code   RO         1553    .text               c_w.l(defsig_rtmem_inner.o)
    0x00002260   0x00002260   0x0000000e   Code   RO         1575    .text               c_w.l(sys_wrch.o)
    0x0000226e   0x0000226e   0x00000002   Code   RO         1577    .text               c_w.l(use_no_semi.o)
    0x00002270   0x00002270   0x00000000   Code   RO         1579    .text               c_w.l(indicate_semi.o)
    0x00002270   0x00002270   0x0000003e   Code   RO         1520    CL$$btod_d2e        c_w.l(btod.o)
    0x000022ae   0x000022ae   0x00000046   Code   RO         1522    CL$$btod_d2e_denorm_low  c_w.l(btod.o)
    0x000022f4   0x000022f4   0x00000060   Code   RO         1521    CL$$btod_d2e_norm_op1  c_w.l(btod.o)
    0x00002354   0x00002354   0x00000338   Code   RO         1530    CL$$btod_div_common  c_w.l(btod.o)
    0x0000268c   0x0000268c   0x000000dc   Code   RO         1527    CL$$btod_e2e        c_w.l(btod.o)
    0x00002768   0x00002768   0x0000002a   Code   RO         1524    CL$$btod_ediv       c_w.l(btod.o)
    0x00002792   0x00002792   0x0000002a   Code   RO         1523    CL$$btod_emul       c_w.l(btod.o)
    0x000027bc   0x000027bc   0x00000244   Code   RO         1529    CL$$btod_mult_common  c_w.l(btod.o)
    0x00002a00   0x00002a00   0x00000012   Code   RO           27    i.$Sub$$main        retarget.o
    0x00002a12   0x00002a12   0x00000002   PAD
    0x00002a14   0x00002a14   0x000001dc   Code   RO          181    i.SystemCoreClockUpdate  system_LPC407x_8x_177x_8x.o
    0x00002bf0   0x00002bf0   0x000000f8   Code   RO          182    i.SystemInit        system_LPC407x_8x_177x_8x.o
    0x00002ce8   0x00002ce8   0x0000005c   Code   RO          194    i._Z10displayVali   main.o
    0x00002d44   0x00002d44   0x00000160   Code   RO          196    i._Z15CalculatorInputi  main.o
    0x00002ea4   0x00002ea4   0x000000c8   Code   RO          197    i._Z7readPadiiiiiiii  main.o
    0x00002f6c   0x00002f6c   0x000000b4   Code   RO          199    i._Z9EdgeClockv     main.o
    0x00003020   0x00003020   0x00000004   Code   RO          850    i._ZN4mbed8FileBase11getPathTypeEv  mbed.ar(FileBase.o)
    0x00003024   0x00003024   0x0000006c   Code   RO          852    i._ZN4mbed8FileBase6lookupEPKcj  mbed.ar(FileBase.o)
    0x00003090   0x00003090   0x00000018   Code   RO          625    i._ZN4mbed8FilePath10fileSystemEv  mbed.ar(FilePath.o)
    0x000030a8   0x000030a8   0x0000001c   Code   RO          627    i._ZN4mbed8FilePath4fileEv  mbed.ar(FilePath.o)
    0x000030c4   0x000030c4   0x0000000a   Code   RO          628    i._ZN4mbed8FilePath6existsEv  mbed.ar(FilePath.o)
    0x000030ce   0x000030ce   0x00000018   Code   RO          629    i._ZN4mbed8FilePath6isFileEv  mbed.ar(FilePath.o)
    0x000030e6   0x000030e6   0x00000004   Code   RO          630    i._ZN4mbed8FilePath8fileNameEv  mbed.ar(FilePath.o)
    0x000030ea   0x000030ea   0x00000040   Code   RO          631    i._ZN4mbed8FilePathC1EPKc  mbed.ar(FilePath.o)
    0x0000312a   0x0000312a   0x00000030   Code   RO         1573    i.__ARM_fpclassify  m_wm.l(fpclassify.o)
    0x0000315a   0x0000315a   0x00000002   PAD
    0x0000315c   0x0000315c   0x00000030   Code   RO            5    i.__NVIC_SetVector  cmsis_nvic.o
    0x0000318c   0x0000318c   0x00000004   Code   RO          175    i.__reserved_stack_size  sys_helper.o
    0x00003190   0x00003190   0x00000110   Code   RO          200    i.__sti___8_main_cpp_clk  main.o
    0x000032a0   0x000032a0   0x0000001c   Code   RO          172    i.__user_setup_stackheap  sys.o
    0x000032bc   0x000032bc   0x0000000e   Code   RO         1236    i._is_digit         c_w.l(__printf_wp.o)
    0x000032ca   0x000032ca   0x00000002   PAD
    0x000032cc   0x000032cc   0x0000002c   Code   RO           37    i._sys_close        retarget.o
    0x000032f8   0x000032f8   0x00000028   Code   RO           40    i._sys_flen         retarget.o
    0x00003320   0x00003320   0x00000028   Code   RO           41    i._sys_istty        retarget.o
    0x00003348   0x00003348   0x000001dc   Code   RO           42    i._sys_open         retarget.o
    0x00003524   0x00003524   0x00000028   Code   RO           44    i._sys_seek         retarget.o
    0x0000354c   0x0000354c   0x00000068   Code   RO           45    i._sys_write        retarget.o
    0x000035b4   0x000035b4   0x0000008c   Code   RO          753    i.core_util_critical_section_enter  mbed.ar(mbed_critical.o)
    0x00003640   0x00003640   0x00000058   Code   RO          754    i.core_util_critical_section_exit  mbed.ar(mbed_critical.o)
    0x00003698   0x00003698   0x00000012   Code   RO          732    i.error             mbed.ar(mbed_error.o)
    0x000036aa   0x000036aa   0x00000002   PAD
    0x000036ac   0x000036ac   0x00000020   Code   RO           47    i.exit              retarget.o
    0x000036cc   0x000036cc   0x00000054   Code   RO          807    i.gpio_dir          mbed.ar(gpio_api.o)
    0x00003720   0x00003720   0x00000042   Code   RO          808    i.gpio_init         mbed.ar(gpio_api.o)
    0x00003762   0x00003762   0x00000028   Code   RO          778    i.gpio_init_in      mbed.ar(mbed_gpio.o)
    0x0000378a   0x0000378a   0x00000002   PAD
    0x0000378c   0x0000378c   0x0000004c   Code   RO          781    i.gpio_init_out     mbed.ar(mbed_gpio.o)
    0x000037d8   0x000037d8   0x0000006c   Code   RO          782    i.gpio_init_out_ex  mbed.ar(mbed_gpio.o)
    0x00003844   0x00003844   0x00000008   Code   RO          809    i.gpio_mode         mbed.ar(gpio_api.o)
    0x0000384c   0x0000384c   0x0000084c   Code   RO          201    i.main              main.o
    0x00004098   0x00004098   0x00000054   Code   RO          724    i.mbed_assert_internal  mbed.ar(mbed_assert.o)
    0x000040ec   0x000040ec   0x00000124   Code   RO           14    i.mbed_die          mbed_board.o
    0x00004210   0x00004210   0x00000054   Code   RO           15    i.mbed_error_printf  mbed_board.o
    0x00004264   0x00004264   0x0000004c   Code   RO           16    i.mbed_error_vfprintf  mbed_board.o
    0x000042b0   0x000042b0   0x00000002   Code   RO           48    i.mbed_main         retarget.o
    0x000042b2   0x000042b2   0x00000002   Code   RO           49    i.mbed_sdk_init     retarget.o
    0x000042b4   0x000042b4   0x00000044   Code   RO          822    i.pin_function      mbed.ar(pinmap.o)
    0x000042f8   0x000042f8   0x00000058   Code   RO          823    i.pin_mode          mbed.ar(pinmap.o)
    0x00004350   0x00004350   0x0000003c   Code   RO          888    i.pinmap_merge      mbed.ar(mbed_pinmap_common.o)
    0x0000438c   0x0000438c   0x00000060   Code   RO          889    i.pinmap_peripheral  mbed.ar(mbed_pinmap_common.o)
    0x000043ec   0x000043ec   0x0000005c   Code   RO          890    i.pinmap_pinout     mbed.ar(mbed_pinmap_common.o)
    0x00004448   0x00004448   0x00000108   Code   RO          577    i.serial_baud       mbed.ar(serial_api.o)
    0x00004550   0x00004550   0x00000188   Code   RO          584    i.serial_init       mbed.ar(serial_api.o)
    0x000046d8   0x000046d8   0x0000000e   Code   RO          588    i.serial_putc       mbed.ar(serial_api.o)
    0x000046e6   0x000046e6   0x0000004e   Code   RO          918    i.ticker_irq_handler  mbed.ar(mbed_ticker_api.o)
    0x00004734   0x00004734   0x0000000c   Code   RO          833    i.us_ticker_clear_interrupt  mbed.ar(us_ticker.o)
    0x00004740   0x00004740   0x00000010   Code   RO          834    i.us_ticker_disable_interrupt  mbed.ar(us_ticker.o)
    0x00004750   0x00004750   0x00000064   Code   RO          835    i.us_ticker_init    mbed.ar(us_ticker.o)
    0x000047b4   0x000047b4   0x0000000c   Code   RO          904    i.us_ticker_irq_handler  mbed.ar(mbed_us_ticker_api.o)
    0x000047c0   0x000047c0   0x00000060   Code   RO          836    i.us_ticker_read    mbed.ar(us_ticker.o)
    0x00004820   0x00004820   0x00000014   Code   RO          837    i.us_ticker_set_interrupt  mbed.ar(us_ticker.o)
    0x00004834   0x00004834   0x00000028   Code   RO          795    i.wait              mbed.ar(mbed_wait_api.o)
    0x0000485c   0x0000485c   0x0000001c   Code   RO          796    i.wait_ms           mbed.ar(mbed_wait_api.o)
    0x00004878   0x00004878   0x0000002c   Code   RO         1543    locale$$code        c_w.l(lc_numeric_c.o)
    0x000048a4   0x000048a4   0x0000002c   Code   RO         1585    locale$$code        c_w.l(lc_ctype_c.o)
    0x000048d0   0x000048d0   0x0000002c   Code   RO          877    t._ZN12SingletonPtrI13PlatformMutexEptEv  mbed.ar(FileBase.o)
    0x000048fc   0x000048fc   0x0000000a   Code   RO         1492    x$fpl$fpinit        fz_wm.l(fpinit.o)
    0x00004906   0x00004906   0x00000004   Code   RO         1362    x$fpl$printf1       fz_wm.l(printf1.o)
    0x0000490a   0x0000490a   0x00000004   Code   RO         1364    x$fpl$printf2       fz_wm.l(printf2.o)
    0x0000490e   0x0000490e   0x00000000   Code   RO         1572    x$fpl$usenofp       fz_wm.l(usenofp.o)
    0x0000490e   0x0000490e   0x00000017   Data   RO           94    .constdata          retarget.o
    0x00004925   0x00004925   0x00000003   PAD
    0x00004928   0x00004928   0x0000012c   Data   RO          597    .constdata          mbed.ar(serial_api.o)
    0x00004a54   0x00004a54   0x00000014   Data   RO          905    .constdata          mbed.ar(mbed_us_ticker_api.o)
    0x00004a68   0x00004a68   0x00000008   Data   RO          906    .constdata          mbed.ar(mbed_us_ticker_api.o)
    0x00004a70   0x00004a70   0x00000008   Data   RO         1195    .constdata          c_w.l(_printf_wctomb.o)
    0x00004a78   0x00004a78   0x00000028   Data   RO         1224    .constdata          c_w.l(_printf_hex_int_ll_ptr.o)
    0x00004aa0   0x00004aa0   0x00000011   Data   RO         1244    .constdata          c_w.l(__printf_flags_ss_wp.o)
    0x00004ab1   0x00004ab1   0x00000026   Data   RO         1407    .constdata          c_w.l(_printf_fp_hex.o)
    0x00004ad7   0x00004ad7   0x00000001   PAD
    0x00004ad8   0x00004ad8   0x00000094   Data   RO         1518    .constdata          c_w.l(bigflt0.o)
    0x00004b6c   0x00004b6c   0x00000014   Data   RO          154    .constdata__ZZN12SingletonPtrI13PlatformMutexE3getEvEs  retarget.o
    0x00004b80   0x00004b80   0x00000045   Data   RO          155    .constdata__ZZN12SingletonPtrI13PlatformMutexE3getEvEs_0  retarget.o
    0x00004bc5   0x00004bc5   0x00000003   PAD
    0x00004bc8   0x00004bc8   0x0000006d   Data   RO           17    .conststring        mbed_board.o
    0x00004c35   0x00004c35   0x00000003   PAD
    0x00004c38   0x00004c38   0x00000070   Data   RO          598    .conststring        mbed.ar(serial_api.o)
    0x00004ca8   0x00004ca8   0x00000045   Data   RO          755    .conststring        mbed.ar(mbed_critical.o)
    0x00004ced   0x00004ced   0x00000003   PAD
    0x00004cf0   0x00004cf0   0x0000005f   Data   RO          811    .conststring        mbed.ar(gpio_api.o)
    0x00004d4f   0x00004d4f   0x00000001   PAD
    0x00004d50   0x00004d50   0x0000005d   Data   RO          824    .conststring        mbed.ar(pinmap.o)
    0x00004dad   0x00004dad   0x00000003   PAD
    0x00004db0   0x00004db0   0x00000020   Data   RO         1605    Region$$Table       anon$$obj.o
    0x00004dd0   0x00004dd0   0x0000001c   Data   RO         1542    locale$$data        c_w.l(lc_numeric_c.o)
    0x00004dec   0x00004dec   0x00000110   Data   RO         1584    locale$$data        c_w.l(lc_ctype_c.o)
    0x00004efc   0x00004efc   0x00000004   Data   RO          212    .init_array         main.o
    0x00004f00   0x00004efc   0x00000000   Data   RO         1036    .init_array         c_w.l(init_aeabi.o)


    Execution Region RW_IRAM1 (Exec base: 0x100000e8, Load base: 0x00004f00, Size: 0x000004fc, Max: 0x0000ff18, ABSOLUTE, COMPRESSED[0x0000005c])

    Exec Addr    Load Addr    Size         Type   Attr      Idx    E Section Name        Object

    0x100000e8   COMPRESSED   0x00000008   Data   RW           97    .data               retarget.o
    0x100000f0   COMPRESSED   0x00000010   Data   RW          184    .data               system_LPC407x_8x_177x_8x.o
    0x10000100   COMPRESSED   0x00000244   Data   RW          211    .data               main.o
    0x10000344   COMPRESSED   0x00000010   Data   RW          599    .data               mbed.ar(serial_api.o)
    0x10000354   COMPRESSED   0x00000008   Data   RW          756    .data               mbed.ar(mbed_critical.o)
    0x1000035c   COMPRESSED   0x00000004   Data   RW          838    .data               mbed.ar(us_ticker.o)
    0x10000360   COMPRESSED   0x0000000c   Data   RW          864    .data               mbed.ar(FileBase.o)
    0x1000036c   COMPRESSED   0x00000008   Data   RW          907    .data               mbed.ar(mbed_us_ticker_api.o)
    0x10000374   COMPRESSED   0x00000004   Data   RW         1014    .data               c_w.l(stdio_streams.o)
    0x10000378   COMPRESSED   0x00000004   Data   RW         1015    .data               c_w.l(stdio_streams.o)
    0x1000037c   COMPRESSED   0x00000004   Data   RW         1016    .data               c_w.l(stdio_streams.o)
    0x10000380   COMPRESSED   0x00000004   Data   RW         1455    .data               c_w.l(heapauxa.o)
    0x10000384        -       0x00000040   Zero   RW           93    .bss                retarget.o
    0x100003c4        -       0x00000108   Zero   RW          210    .bss                main.o
    0x100004cc        -       0x00000054   Zero   RW         1011    .bss                c_w.l(stdio_streams.o)
    0x10000520        -       0x00000054   Zero   RW         1012    .bss                c_w.l(stdio_streams.o)
    0x10000574        -       0x00000054   Zero   RW         1013    .bss                c_w.l(stdio_streams.o)
    0x100005c8        -       0x00000004   Zero   RW         1154    .bss                c_w.l(rt_heap_descriptor.o)
    0x100005cc        -       0x00000014   Zero   RW         1499    .bss                c_w.l(rt_locale.o)
    0x100005e0        -       0x00000004   Zero   RW         1509    .bss                c_w.l(rt_errno_addr.o)


    Execution Region RW_IRAM2 (Exec base: 0x20000000, Load base: 0x00004f5c, Size: 0x00000000, Max: 0x00004000, ABSOLUTE)

    **** No section assigned to this execution region ****


    Execution Region RW_IRAM3 (Exec base: 0x20004000, Load base: 0x00004f5c, Size: 0x00000000, Max: 0x00004000, ABSOLUTE)

    **** No section assigned to this execution region ****



  Load Region LR_IROM2 (Base: 0x28000000, Size: 0x00000000, Max: 0x01000000, ABSOLUTE)

    Execution Region ER_IROM2 (Exec base: 0x28000000, Load base: 0x28000000, Size: 0x00000000, Max: 0x01000000, ABSOLUTE)

    **** No section assigned to this execution region ****


==============================================================================

Image component sizes


      Code (inc. data)   RO Data    RW Data    ZI Data      Debug   Object Name

        48          6          0          0          0        132   cmsis_nvic.o
      3220        260          4        580        264      24587   main.o
       452         48        109          0          0        404   mbed_board.o
       798         80        112          8         64       1256   retarget.o
        40         12        228          0          0        276   startup_LPC407x_8x_177x_8x.o
        28          4          0          0          0        128   sys.o
         4          0          0          0          0        116   sys_helper.o
       724         38          0         16          0        268   system_LPC407x_8x_177x_8x.o

    ----------------------------------------------------------------------
      5316        448        494        604        328      27167   Object Totals
         0          0         32          0          0          0   (incl. Generated)
         2          0          9          0          0          0   (incl. Padding)

    ----------------------------------------------------------------------

      Code (inc. data)   RO Data    RW Data    ZI Data      Debug   Library Member Name

        60          8          0          0          0         84   __0sscanf.o
        90          0          0          0          0          0   __dczerorl2.o
         8          0          0          0          0         68   __main.o
       392          4         17          0          0         92   __printf_flags_ss_wp.o
        14          0          0          0          0         68   __printf_wp.o
         0          0          0          0          0          0   __rtentry.o
        12          0          0          0          0          0   __rtentry2.o
         6          0          0          0          0          0   __rtentry4.o
        52          8          0          0          0          0   __scatter.o
        28          0          0          0          0          0   __scatter_zi.o
        28          0          0          0          0         68   _chval.o
         6          0          0          0          0          0   _printf_a.o
         6          0          0          0          0          0   _printf_c.o
        44          0          0          0          0        108   _printf_char.o
        48          6          0          0          0         96   _printf_char_common.o
        40          0          0          0          0         68   _printf_charcount.o
         6          0          0          0          0          0   _printf_d.o
       120         16          0          0          0         92   _printf_dec.o
         6          0          0          0          0          0   _printf_e.o
         6          0          0          0          0          0   _printf_f.o
      1054          0          0          0          0        216   _printf_fp_dec.o
       764          8         38          0          0        100   _printf_fp_hex.o
       128         16          0          0          0         84   _printf_fp_infnan.o
         6          0          0          0          0          0   _printf_g.o
       148          4         40          0          0        160   _printf_hex_int_ll_ptr.o
         6          0          0          0          0          0   _printf_i.o
       178          0          0          0          0         88   _printf_intcommon.o
        10          0          0          0          0          0   _printf_l.o
         6          0          0          0          0          0   _printf_lc.o
        10          0          0          0          0          0   _printf_ll.o
         6          0          0          0          0          0   _printf_lld.o
         6          0          0          0          0          0   _printf_lli.o
         6          0          0          0          0          0   _printf_llo.o
         6          0          0          0          0          0   _printf_llu.o
         6          0          0          0          0          0   _printf_llx.o
       124         16          0          0          0         92   _printf_longlong_dec.o
         6          0          0          0          0          0   _printf_ls.o
         6          0          0          0          0          0   _printf_n.o
         6          0          0          0          0          0   _printf_o.o
       112         10          0          0          0        124   _printf_oct_int_ll.o
         6          0          0          0          0          0   _printf_p.o
        78          0          0          0          0        108   _printf_pad.o
         0          0          0          0          0          0   _printf_percent.o
         4          0          0          0          0          0   _printf_percent_end.o
         6          0          0          0          0          0   _printf_s.o
        82          0          0          0          0         80   _printf_str.o
        36          0          0          0          0         84   _printf_truncate.o
         6          0          0          0          0          0   _printf_u.o
        44          0          0          0          0        108   _printf_wchar.o
       188          6          8          0          0         92   _printf_wctomb.o
         6          0          0          0          0          0   _printf_x.o
       884          4          0          0          0        100   _scanf.o
       332          0          0          0          0         96   _scanf_int.o
        64          0          0          0          0         84   _sgetc.o
        10          0          0          0          0         68   _sputc.o
        64          0          0          0          0         92   _wcrtomb.o
       228          4        148          0          0         96   bigflt0.o
      1936        128          0          0          0        672   btod.o
        10          0          0          0          0         68   defsig_exit.o
        50          0          0          0          0         88   defsig_general.o
        80         58          0          0          0         76   defsig_rtmem_inner.o
        14          0          0          0          0         80   defsig_rtmem_outer.o
        52         38          0          0          0         76   defsig_rtred_inner.o
        14          0          0          0          0         80   defsig_rtred_outer.o
        76          0          0          0          0         88   fclose.o
       100          4          0          0          0        120   fflush.o
       236          4          0          0          0        128   fopen.o
       248          6          0          0          0         84   fseek.o
        66          0          0          0          0         76   ftell.o
        94          0          0          0          0         80   h1_alloc.o
        52          0          0          0          0         68   h1_extend.o
        78          0          0          0          0         80   h1_free.o
        14          0          0          0          0         84   h1_init.o
        80          6          0          4          0         96   heapauxa.o
         4          0          0          0          0        136   hguard.o
         0          0          0          0          0          0   indicate_semi.o
        36         10          0          0          0         80   init_aeabi.o
       138          0          0          0          0        168   init_alloc.o
       312         46          0          0          0        112   initio.o
        18          0          0          0          0         76   isspace.o
        44         10        272          0          0         76   lc_ctype_c.o
        44         10         28          0          0         76   lc_numeric_c.o
         2          0          0          0          0          0   libinit.o
        50          0          0          0          0          0   libinit2.o
         0          0          0          0          0          0   libshutdown2.o
       138          0          0          0          0         80   lludiv10.o
         0          0          0          0          0          0   maybetermalloc1.o
        16          4          0          0          0         76   rt_ctype_table.o
         8          4          0          0          4         68   rt_errno_addr.o
         8          4          0          0          4         68   rt_heap_descriptor.o
         8          4          0          0         20         68   rt_locale.o
        78          0          0          0          0         80   rt_memclr_w.o
       100          0          0          0          0         80   rt_memcpy_w.o
        44          8          0          0          0         84   scanf_char.o
        70          0          0          0          0         80   setvbuf.o
       240          6          0          0          0        156   stdio.o
         0          0          0         12        252          0   stdio_streams.o
       128          0          0          0          0         68   strcmpv7m.o
        62          0          0          0          0         76   strlen.o
       150          0          0          0          0         80   strncmp.o
        12          4          0          0          0         68   sys_exit.o
        14          0          0          0          0         76   sys_wrch.o
         2          0          0          0          0         68   use_no_semi.o
        36          4          0          0          0         76   vsprintf.o
        10          0          0          0          0        116   fpinit.o
         4          0          0          0          0        116   printf1.o
         4          0          0          0          0        116   printf2.o
         0          0          0          0          0          0   usenofp.o
        48          0          0          0          0        124   fpclassify.o
       156         26          0         12          0        368   FileBase.o
       154          0          0          0          0        728   FilePath.o
       158         28         95          0          0        372   gpio_api.o
        84         52          0          0          0        136   mbed_assert.o
       228         98         69          8          0        252   mbed_critical.o
        18          0          0          0          0        128   mbed_error.o
       224         40          0          0          0        412   mbed_gpio.o
       248         76          0          0          0        384   mbed_pinmap_common.o
        78          0          0          0          0        136   mbed_ticker_api.o
        12          6         28          8          0        116   mbed_us_ticker_api.o
        68          4          0          0          0        256   mbed_wait_api.o
       156         60         93          0          0        256   pinmap.o
       670         48        412         16          0        396   serial_api.o
       244         64          0          4          0        596   us_ticker.o

    ----------------------------------------------------------------------
     13158        970       1256         64        280      11744   Library Totals
        28          0          8          0          0          0   (incl. Padding)

    ----------------------------------------------------------------------

      Code (inc. data)   RO Data    RW Data    ZI Data      Debug   Library Name

     10566        468        551         16        280       6736   c_w.l
        18          0          0          0          0        348   fz_wm.l
        48          0          0          0          0        124   m_wm.l
      2498        502        697         48          0       4536   mbed.ar

    ----------------------------------------------------------------------
     13158        970       1256         64        280      11744   Library Totals

    ----------------------------------------------------------------------

==============================================================================


      Code (inc. data)   RO Data    RW Data    ZI Data      Debug   

     18474       1418       1750        668        608      29367   Grand Totals
     18474       1418       1750         92        608      29367   ELF Image Totals (compressed)
     18474       1418       1750         92          0          0   ROM Totals

==============================================================================

    Total RO  Size (Code + RO Data)                20224 (  19.75kB)
    Total RW  Size (RW Data + ZI Data)              1276 (   1.25kB)
    Total ROM Size (Code + RO Data + RW Data)      20316 (  19.84kB)

==============================================================================

