Component: ARM Compiler 5.06 update 7 (build 960) Tool: armlink [4d3601]

==============================================================================

Section Cross References

    cmsis_nvic.o(i.__NVIC_SetVector) refers to rt_memcpy_w.o(.text) for __aeabi_memcpy4
    mbed_board.o(i.mbed_die) refers to mbed_critical.o(i.core_util_critical_section_enter) for core_util_critical_section_enter
    mbed_board.o(i.mbed_die) refers to mbed_gpio.o(i.gpio_init_out) for gpio_init_out
    mbed_board.o(i.mbed_die) refers to mbed_assert.o(i.mbed_assert_internal) for mbed_assert_internal
    mbed_board.o(i.mbed_die) refers to mbed_wait_api.o(i.wait_ms) for wait_ms
    mbed_board.o(i.mbed_die) refers to mbed_board.o(.conststring) for .conststring
    mbed_board.o(i.mbed_error_printf) refers to mbed_critical.o(i.core_util_critical_section_enter) for core_util_critical_section_enter
    mbed_board.o(i.mbed_error_printf) refers to vsprintf.o(.text) for vsprintf
    mbed_board.o(i.mbed_error_printf) refers to serial_api.o(i.serial_init) for serial_init
    mbed_board.o(i.mbed_error_printf) refers to serial_api.o(i.serial_putc) for serial_putc
    mbed_board.o(i.mbed_error_printf) refers to mbed_critical.o(i.core_util_critical_section_exit) for core_util_critical_section_exit
    mbed_board.o(i.mbed_error_printf) refers to serial_api.o(.data) for stdio_uart_inited
    mbed_board.o(i.mbed_error_vfprintf) refers to mbed_critical.o(i.core_util_critical_section_enter) for core_util_critical_section_enter
    mbed_board.o(i.mbed_error_vfprintf) refers to vsprintf.o(.text) for vsprintf
    mbed_board.o(i.mbed_error_vfprintf) refers to serial_api.o(i.serial_init) for serial_init
    mbed_board.o(i.mbed_error_vfprintf) refers to serial_api.o(i.serial_putc) for serial_putc
    mbed_board.o(i.mbed_error_vfprintf) refers to mbed_critical.o(i.core_util_critical_section_exit) for core_util_critical_section_exit
    mbed_board.o(i.mbed_error_vfprintf) refers to serial_api.o(.data) for stdio_uart_inited
    retarget.o(i.$Sub$$main) refers to retarget.o(i.mbed_sdk_init) for mbed_sdk_init
    retarget.o(i.$Sub$$main) refers to retarget.o(i.mbed_main) for mbed_main
    retarget.o(i.$Sub$$main) refers to main.o(i.main) for $Super$$main
    retarget.o(i._ZN4mbed10FileHandleD0Ev) refers to mbed_assert.o(i.mbed_assert_internal) for mbed_assert_internal
    retarget.o(i._ZN4mbed10FileHandleD0Ev) refers to h1_free.o(.text) for free
    retarget.o(i._ZN4mbed10FileHandleD0Ev) refers to retarget.o(.constdata__ZTVN4mbed10FileHandleE) for vtable for mbed::FileHandle
    retarget.o(i._ZN4mbed10FileHandleD0Ev) refers to retarget.o(.data) for .data
    retarget.o(i._ZN4mbed10FileHandleD0Ev) refers to retarget.o(.constdata__ZZN12SingletonPtrI13PlatformMutexE3getEvEs_0) for SingletonPtr<PlatformMutex>::get()::string (instance 2)
    retarget.o(i._ZN4mbed10FileHandleD0Ev) refers to retarget.o(.constdata__ZZN12SingletonPtrI13PlatformMutexE3getEvEs) for SingletonPtr<PlatformMutex>::get()::string
    retarget.o(i._ZN4mbed10FileHandleD0Ev) refers to retarget.o(.bss) for .bss
    retarget.o(i._ZN4mbed10FileHandleD2Ev) refers to mbed_assert.o(i.mbed_assert_internal) for mbed_assert_internal
    retarget.o(i._ZN4mbed10FileHandleD2Ev) refers to retarget.o(.constdata__ZTVN4mbed10FileHandleE) for vtable for mbed::FileHandle
    retarget.o(i._ZN4mbed10FileHandleD2Ev) refers to retarget.o(.data) for .data
    retarget.o(i._ZN4mbed10FileHandleD2Ev) refers to retarget.o(.constdata__ZZN12SingletonPtrI13PlatformMutexE3getEvEs_0) for SingletonPtr<PlatformMutex>::get()::string (instance 2)
    retarget.o(i._ZN4mbed10FileHandleD2Ev) refers to retarget.o(.constdata__ZZN12SingletonPtrI13PlatformMutexE3getEvEs) for SingletonPtr<PlatformMutex>::get()::string
    retarget.o(i._ZN4mbed10FileHandleD2Ev) refers to retarget.o(.bss) for .bss
    retarget.o(i._ZN4mbed26mbed_set_unbuffered_streamEPSt6__FILE) refers to setbuf.o(.text) for setbuf
    retarget.o(i._ZN4mbed9mbed_getcEPSt6__FILE) refers to fgetc.o(i.fgetc) for fgetc
    retarget.o(i._ZN4mbed9mbed_getsEPciPSt6__FILE) refers to fgets.o(.text) for fgets
    retarget.o(i._ZdaPv) refers to h1_free.o(.text) for free
    retarget.o(i._ZdlPv) refers to h1_free.o(.text) for free
    retarget.o(i._Znaj) refers to h1_alloc.o(.text) for malloc
    retarget.o(i._Znaj) refers to mbed_error.o(i.error) for error
    retarget.o(i._Znwj) refers to h1_alloc.o(.text) for malloc
    retarget.o(i._Znwj) refers to mbed_error.o(i.error) for error
    retarget.o(i._sys_close) refers to retarget.o(.bss) for .bss
    retarget.o(i._sys_ensure) refers to retarget.o(.bss) for .bss
    retarget.o(i._sys_flen) refers to retarget.o(.bss) for .bss
    retarget.o(i._sys_istty) refers to retarget.o(.bss) for .bss
    retarget.o(i._sys_open) refers to _scanf_int.o(.text) for _scanf_int
    retarget.o(i._sys_open) refers to strcmpv7m.o(.text) for strcmp
[...]
    i._sys_close                             0x00002f60   Section        0  retarget.o(i._sys_close)
    i._sys_flen                              0x00002f8c   Section        0  retarget.o(i._sys_flen)
    i._sys_istty                             0x00002fb4   Section        0  retarget.o(i._sys_istty)
    i._sys_open                              0x00002fdc   Section        0  retarget.o(i._sys_open)
    i._sys_seek                              0x000031b8   Section        0  retarget.o(i._sys_seek)
    i._sys_write                             0x000031e0   Section        0  retarget.o(i._sys_write)
    i.core_util_critical_section_enter       0x00003248   Section        0  mbed_critical.o(i.core_util_critical_section_enter)
    i.core_util_critical_section_exit        0x000032d4   Section        0  mbed_critical.o(i.core_util_critical_section_exit)
    i.error                                  0x0000332c   Section        0  mbed_error.o(i.error)
    i.exit                                   0x00003340   Section        0  retarget.o(i.exit)
    i.gpio_dir                               0x00003360   Section        0  gpio_api.o(i.gpio_dir)
    i.gpio_init                              0x000033b4   Section        0  gpio_api.o(i.gpio_init)
    i.gpio_init_out                          0x000033f8   Section        0  mbed_gpio.o(i.gpio_init_out)
    i.gpio_init_out_ex                       0x00003444   Section        0  mbed_gpio.o(i.gpio_init_out_ex)
    i.gpio_mode                              0x000034b0   Section        0  gpio_api.o(i.gpio_mode)
    i.main                                   0x000034b8   Section        0  main.o(i.main)
    i.mbed_assert_internal                   0x00003588   Section        0  mbed_assert.o(i.mbed_assert_internal)
    i.mbed_die                               0x000035dc   Section        0  mbed_board.o(i.mbed_die)
    i.mbed_error_printf                      0x00003700   Section        0  mbed_board.o(i.mbed_error_printf)
    i.mbed_error_vfprintf                    0x00003754   Section        0  mbed_board.o(i.mbed_error_vfprintf)
    i.mbed_main                              0x000037a0   Section        0  retarget.o(i.mbed_main)
    i.mbed_sdk_init                          0x000037a2   Section        0  retarget.o(i.mbed_sdk_init)
    i.pin_function                           0x000037a4   Section        0  pinmap.o(i.pin_function)
    i.pin_mode                               0x000037e8   Section        0  pinmap.o(i.pin_mode)
    i.pinmap_merge                           0x00003840   Section        0  mbed_pinmap_common.o(i.pinmap_merge)
    i.pinmap_peripheral                      0x0000387c   Section        0  mbed_pinmap_common.o(i.pinmap_peripheral)
    i.pinmap_pinout                          0x000038dc   Section        0  mbed_pinmap_common.o(i.pinmap_pinout)
    i.serial_baud                            0x00003938   Section        0  serial_api.o(i.serial_baud)
    i.serial_init                            0x00003a40   Section        0  serial_api.o(i.serial_init)
    i.serial_putc                            0x00003bc8   Section        0  serial_api.o(i.serial_putc)
    i.ticker_irq_handler                     0x00003bd6   Section        0  mbed_ticker_api.o(i.ticker_irq_handler)
    i.us_ticker_clear_interrupt              0x00003c24   Section        0  us_ticker.o(i.us_ticker_clear_interrupt)
    i.us_ticker_disable_interrupt            0x00003c30   Section        0  us_ticker.o(i.us_ticker_disable_interrupt)
    i.us_ticker_init                         0x00003c40   Section        0  us_ticker.o(i.us_ticker_init)
    i.us_ticker_irq_handler                  0x00003ca4   Section        0  mbed_us_ticker_api.o(i.us_ticker_irq_handler)
    i.us_ticker_read                         0x00003cb0   Section        0  us_ticker.o(i.us_ticker_read)
    i.us_ticker_set_interrupt                0x00003d10   Section        0  us_ticker.o(i.us_ticker_set_interrupt)
    i.wait                                   0x00003d24   Section        0  mbed_wait_api.o(i.wait)
    i.wait_ms                                0x00003d4c   Section        0  mbed_wait_api.o(i.wait_ms)
    locale$$code                             0x00003d68   Section       44  lc_numeric_c.o(locale$$code)
    locale$$code                             0x00003d94   Section       44  lc_ctype_c.o(locale$$code)
    t._ZN12SingletonPtrI13PlatformMutexEptEv 0x00003dc0   Section        0  FileBase.o(t._ZN12SingletonPtrI13PlatformMutexEptEv)
    x$fpl$fpinit                             0x00003dec   Section       10  fpinit.o(x$fpl$fpinit)
    $v0                                      0x00003dec   Number         0  fpinit.o(x$fpl$fpinit)
    x$fpl$printf1                            0x00003df6   Section        4  printf1.o(x$fpl$printf1)
    $v0                                      0x00003df6   Number         0  printf1.o(x$fpl$printf1)
    x$fpl$printf2                            0x00003dfa   Section        4  printf2.o(x$fpl$printf2)
    $v0                                      0x00003dfa   Number         0  printf2.o(x$fpl$printf2)
    .constdata                               0x00003dfe   Section       23  retarget.o(.constdata)
    x$fpl$usenofp                            0x00003dfe   Section        0  usenofp.o(x$fpl$usenofp)
    .constdata                               0x00003e18   Section      576  main.o(.constdata)
    .constdata                               0x00004058   Section      300  serial_api.o(.constdata)
    PinMap_UART_TX                           0x00004058   Data         156  serial_api.o(.constdata)
    PinMap_UART_RX                           0x000040f4   Data         144  serial_api.o(.constdata)
    .constdata                               0x00004184   Section       20  mbed_us_ticker_api.o(.constdata)
    us_interface                             0x00004184   Data          20  mbed_us_ticker_api.o(.constdata)
    .constdata                               0x00004198   Section        8  mbed_us_ticker_api.o(.constdata)
    us_data                                  0x00004198   Data           8  mbed_us_ticker_api.o(.constdata)
    .constdata                               0x000041a0   Section        8  _printf_wctomb.o(.constdata)
    initial_mbstate                          0x000041a0   Data           8  _printf_wctomb.o(.constdata)
    .constdata                               0x000041a8   Section       40  _printf_hex_int_ll_ptr.o(.constdata)
    uc_hextab                                0x000041a8   Data          20  _printf_hex_int_ll_ptr.o(.constdata)
    lc_hextab                                0x000041bc   Data          20  _printf_hex_int_ll_ptr.o(.constdata)
    .constdata                               0x000041d0   Section       17  __printf_flags_ss_wp.o(.constdata)
    maptable                                 0x000041d0   Data          17  __printf_flags_ss_wp.o(.constdata)
    .constdata                               0x000041e1   Section       38  _printf_fp_hex.o(.constdata)
    lc_hextab                                0x000041e1   Data          19  _printf_fp_hex.o(.constdata)
    uc_hextab                                0x000041f4   Data          19  _printf_fp_hex.o(.constdata)
    .constdata                               0x00004208   Section      148  bigflt0.o(.constdata)
    tenpwrs_x                                0x00004208   Data          60  bigflt0.o(.constdata)
    tenpwrs_i                                0x00004244   Data          64  bigflt0.o(.constdata)
    .constdata__ZZN12SingletonPtrI13PlatformMutexE3getEvEs 0x0000429c   Section       20  retarget.o(.constdata__ZZN12SingletonPtrI13PlatformMutexE3getEvEs)
    .constdata__ZZN12SingletonPtrI13PlatformMutexE3getEvEs_0 0x000042b0   Section       69  retarget.o(.constdata__ZZN12SingletonPtrI13PlatformMutexE3getEvEs_0)
    .conststring                             0x000042f8   Section      109  mbed_board.o(.conststring)
    .conststring                             0x00004368   Section      112  serial_api.o(.conststring)
    .conststring                             0x000043d8   Section       69  mbed_critical.o(.conststring)
    .conststring                             0x00004420   Section       95  gpio_api.o(.conststring)
    .conststring                             0x00004480   Section       93  pinmap.o(.conststring)
    locale$$data                             0x00004500   Section       28  lc_numeric_c.o(locale$$data)
    __lcnum_c_name                           0x00004504   Data           2  lc_numeric_c.o(locale$$data)
    __lcnum_c_start                          0x0000450c   Data           0  lc_numeric_c.o(locale$$data)
    __lcnum_c_point                          0x00004518   Data           0  lc_numeric_c.o(locale$$data)
    __lcnum_c_thousands                      0x0000451a   Data           0  lc_numeric_c.o(locale$$data)
    __lcnum_c_grouping                       0x0000451b   Data           0  lc_numeric_c.o(locale$$data)
    locale$$data                             0x0000451c   Section      272  lc_ctype_c.o(locale$$data)
    __lcnum_c_end                            0x0000451c   Data           0  lc_numeric_c.o(locale$$data)
    __lcctype_c_name                         0x00004520   Data           2  lc_ctype_c.o(locale$$data)
    __lcctype_c_start                        0x00004528   Data           0  lc_ctype_c.o(locale$$data)
    .init_array                              0x0000462c   Section        4  main.o(.init_array)
    __lcctype_c_end                          0x0000462c   Data           0  lc_ctype_c.o(locale$$data)
    .init_array                              0x00004630   Section        0  init_aeabi.o(.init_array)
    .data                                    0x100000e8   Section        8  retarget.o(.data)
    filehandle_mutex                         0x100000e8   Data           8  retarget.o(.data)
    .data                                    0x100000f0   Section       16  system_LPC407x_8x_177x_8x.o(.data)
    .data                                    0x10000100   Section       16  serial_api.o(.data)
    irq_handler                              0x10000104   Data           4  serial_api.o(.data)
    .data                                    0x10000110   Section        8  mbed_critical.o(.data)
    critical_interrupts_disabled             0x10000110   Data           1  mbed_critical.o(.data)
    interrupt_enable_counter                 0x10000114   Data           4  mbed_critical.o(.data)
    .data                                    0x10000118   Section        4  us_ticker.o(.data)
    .data                                    0x1000011c   Section       12  FileBase.o(.data)
    .data                                    0x10000128   Section        8  mbed_us_ticker_api.o(.data)
    events                                   0x10000128   Data           8  mbed_us_ticker_api.o(.data)
    .data                                    0x10000130   Section        4  stdio_streams.o(.data)
    .data                                    0x10000134   Section        4  stdio_streams.o(.data)
    .data                                    0x10000138   Section        4  stdio_streams.o(.data)
    .data                                    0x1000013c   Section        4  heapauxa.o(.data)
    __rt_heap_escrow_base                    0x1000013c   Data           4  heapauxa.o(.data)
    .bss                                     0x10000140   Section       64  retarget.o(.bss)
    filehandles                              0x10000140   Data          64  retarget.o(.bss)
    .bss                                     0x10000180   Section       72  main.o(.bss)
    .bss                                     0x100001c8   Section       84  stdio_streams.o(.bss)
    .bss                                     0x1000021c   Section       84  stdio_streams.o(.bss)
    .bss                                     0x10000270   Section       84  stdio_streams.o(.bss)
    .bss                                     0x100002c4   Section        4  rt_heap_descriptor.o(.bss)
    __rt_heap_descriptor_data                0x100002c4   Data           4  rt_heap_descriptor.o(.bss)
    .bss                                     0x100002c8   Section       20  rt_locale.o(.bss)
    __rt_locale_data                         0x100002c8   Data          20  rt_locale.o(.bss)
    .bss                                     0x100002dc   Section        4  rt_errno_addr.o(.bss)
    __aeabi_errno_addr_data                  0x100002dc   Data           4  rt_errno_addr.o(.bss)

    Global Symbols

    Symbol Name                              Value     Ov Type        Size  Object(Section)

    BuildAttributes$$THM_ISAv4$E$P$D$K$B$S$7EM$VFPi3$EXTD16$VFPS$VFMA$PE$A:L22UL41UL21$X:L11$S22US41US21$IEEE1$IW$USESV6$~STKCKD$USESV7$~SHL$OTIME$ROPI$IEEEJ$EBA8$UX$STANDARDLIB$REQ8$PRES8$EABIv2 0x00000000   Number         0  anon$$obj.o ABSOLUTE
    __ARM_use_no_argv                        0x00000000   Number         0  main.o ABSOLUTE
    __Vectors                                0x00000000   Data           4  startup_LPC407x_8x_177x_8x.o(RESET)
    _printf_flags                            0x00000000   Number         0  printf_stubs.o ABSOLUTE
    _printf_return_value                     0x00000000   Number         0  printf_stubs.o ABSOLUTE
    _printf_sizespec                         0x00000000   Number         0  printf_stubs.o ABSOLUTE
    _printf_widthprec                        0x00000000   Number         0  printf_stubs.o ABSOLUTE
    __ARM::default_unexpected_handler()       - Undefined Weak Reference
    __ARM_exceptions_buffer_required          - Undefined Weak Reference
    __ARM_exceptions_init                     - Undefined Weak Reference
    __alloca_initialize                       - Undefined Weak Reference
    __arm_fini_                               - Undefined Weak Reference
    __arm_preinit_                            - Undefined Weak Reference
    __cxa_finalize                            - Undefined Weak Reference
    __rt_lib_shutdown                         - Undefined Weak Reference
    __sigvec_lookup                           - Undefined Weak Reference
    __user_heap_extent                        - Undefined Weak Reference
    _atexit_init                              - Undefined Weak Reference
    _clock_init                               - Undefined Weak Reference
    _fp_trap_init                             - Undefined Weak Reference
    _fp_trap_shutdown                         - Undefined Weak Reference
    _get_lc_collate                           - Undefined Weak Reference
    _get_lc_monetary                          - Undefined Weak Reference
    _get_lc_time                              - Undefined Weak Reference
    _getenv_init                              - Undefined Weak Reference
    _handle_redirection                       - Undefined Weak Reference
    _mutex_acquire                            - Undefined Weak Reference
    _mutex_free                               - Undefined Weak Reference
    _mutex_release                            - Undefined Weak Reference
    _printf_mbtowc                            - Undefined Weak Reference
    _printf_wc                                - Undefined Weak Reference
    _rand_init                                - Undefined Weak Reference
    _scanf_longlong                           - Undefined Weak Reference
    _scanf_mbtowc                             - Undefined Weak Reference
    _scanf_real                               - Undefined Weak Reference
    _scanf_string                             - Undefined Weak Reference
    _scanf_wctomb                             - Undefined Weak Reference
    _scanf_wstring                            - Undefined Weak Reference
    _signal_finish                            - Undefined Weak Reference
    _signal_init                              - Undefined Weak Reference
    __main                                   0x000000e5   Thumb Code     8  __main.o(!!!main)
    __scatterload                            0x000000ed   Thumb Code     0  __scatter.o(!!!scatter)
    __scatterload_rt2                        0x000000ed   Thumb Code    44  __scatter.o(!!!scatter)
    __scatterload_rt2_thumb_only             0x000000ed   Thumb Code     0  __scatter.o(!!!scatter)
    __scatterload_null                       0x000000fb   Thumb Code     0  __scatter.o(!!!scatter)
    __scatterload_copy                       0x00000121   Thumb Code    26  __scatter_copy.o(!!handler_copy)
    __scatterload_zeroinit                   0x0000013d   Thumb Code    28  __scatter_zi.o(!!handler_zi)
    _printf_n                                0x00000159   Thumb Code     0  _printf_n.o(.ARM.Collect$$_printf_percent$$00000001)
    _printf_percent                          0x00000159   Thumb Code     0  _printf_percent.o(.ARM.Collect$$_printf_percent$$00000000)
    _printf_p                                0x0000015f   Thumb Code     0  _printf_p.o(.ARM.Collect$$_printf_percent$$00000002)
    _printf_f                                0x00000165   Thumb Code     0  _printf_f.o(.ARM.Collect$$_printf_percent$$00000003)
    _printf_e                                0x0000016b   Thumb Code     0  _printf_e.o(.ARM.Collect$$_printf_percent$$00000004)
    _printf_g                                0x00000171   Thumb Code     0  _printf_g.o(.ARM.Collect$$_printf_percent$$00000005)
    _printf_a                                0x00000177   Thumb Code     0  _printf_a.o(.ARM.Collect$$_printf_percent$$00000006)
    _printf_ll                               0x0000017d   Thumb Code     0  _printf_ll.o(.ARM.Collect$$_printf_percent$$00000007)
    _printf_i                                0x00000187   Thumb Code     0  _printf_i.o(.ARM.Collect$$_printf_percent$$00000008)
    _printf_d                                0x0000018d   Thumb Code     0  _printf_d.o(.ARM.Collect$$_printf_percent$$00000009)
    _printf_u                                0x00000193   Thumb Code     0  _printf_u.o(.ARM.Collect$$_printf_percent$$0000000A)
    _printf_o                                0x00000199   Thumb Code     0  _printf_o.o(.ARM.Collect$$_printf_percent$$0000000B)
    _printf_x                                0x0000019f   Thumb Code     0  _printf_x.o(.ARM.Collect$$_printf_percent$$0000000C)
    _printf_lli                              0x000001a5   Thumb Code     0  _printf_lli.o(.ARM.Collect$$_printf_percent$$0000000D)
    _printf_lld                              0x000001ab   Thumb Code     0  _printf_lld.o(.ARM.Collect$$_printf_percent$$0000000E)
    _printf_llu                              0x000001b1   Thumb Code     0  _printf_llu.o(.ARM.Collect$$_printf_percent$$0000000F)
    _printf_llo                              0x000001b7   Thumb Code     0  _printf_llo.o(.ARM.Collect$$_printf_percent$$00000010)
    _printf_llx                              0x000001bd   Thumb Code     0  _printf_llx.o(.ARM.Collect$$_printf_percent$$00000011)
    _printf_l                                0x000001c3   Thumb Code     0  _printf_l.o(.ARM.Collect$$_printf_percent$$00000012)
    _printf_c                                0x000001cd   Thumb Code     0  _printf_c.o(.ARM.Collect$$_printf_percent$$00000013)
    _printf_s                                0x000001d3   Thumb Code     0  _printf_s.o(.ARM.Collect$$_printf_percent$$00000014)
    _printf_lc                               0x000001d9   Thumb Code     0  _printf_lc.o(.ARM.Collect$$_printf_percent$$00000015)
    _printf_ls                               0x000001df   Thumb Code     0  _printf_ls.o(.ARM.Collect$$_printf_percent$$00000016)
    _printf_percent_end                      0x000001e5   Thumb Code     0  _printf_percent_end.o(.ARM.Collect$$_printf_percent$$00000017)
    __rt_lib_init                            0x000001e9   Thumb Code     0  libinit.o(.ARM.Collect$$libinit$$00000000)
    __rt_lib_init_fp_1                       0x000001eb   Thumb Code     0  libinit2.o(.ARM.Collect$$libinit$$00000001)
    __rt_lib_init_heap_2                     0x000001ef   Thumb Code     0  libinit2.o(.ARM.Collect$$libinit$$00000005)
    __rt_lib_init_preinit_1                  0x000001ef   Thumb Code     0  libinit2.o(.ARM.Collect$$libinit$$00000004)
    __rt_lib_init_heap_1                     0x000001f7   Thumb Code     0  libinit2.o(.ARM.Collect$$libinit$$0000000A)
    __rt_lib_init_lc_common                  0x000001f7   Thumb Code     0  libinit2.o(.ARM.Collect$$libinit$$0000000F)
    __rt_lib_init_rand_1                     0x000001f7   Thumb Code     0  libinit2.o(.ARM.Collect$$libinit$$0000000E)
    __rt_lib_init_user_alloc_1               0x000001f7   Thumb Code     0  libinit2.o(.ARM.Collect$$libinit$$0000000C)
    __rt_lib_init_lc_collate_1               0x000001fd   Thumb Code     0  libinit2.o(.ARM.Collect$$libinit$$00000011)
    __rt_lib_init_lc_ctype_2                 0x000001fd   Thumb Code     0  libinit2.o(.ARM.Collect$$libinit$$00000012)
    __rt_lib_init_lc_ctype_1                 0x00000209   Thumb Code     0  libinit2.o(.ARM.Collect$$libinit$$00000013)
    __rt_lib_init_lc_monetary_1              0x00000209   Thumb Code     0  libinit2.o(.ARM.Collect$$libinit$$00000015)
    __rt_lib_init_lc_numeric_2               0x00000209   Thumb Code     0  libinit2.o(.ARM.Collect$$libinit$$00000016)
    __rt_lib_init_atexit_1                   0x00000213   Thumb Code     0  libinit2.o(.ARM.Collect$$libinit$$0000001B)
    __rt_lib_init_clock_1                    0x00000213   Thumb Code     0  libinit2.o(.ARM.Collect$$libinit$$00000021)
    __rt_lib_init_fp_trap_1                  0x00000213   Thumb Code     0  libinit2.o(.ARM.Collect$$libinit$$0000001F)
    __rt_lib_init_getenv_1                   0x00000213   Thumb Code     0  libinit2.o(.ARM.Collect$$libinit$$00000023)
    __rt_lib_init_lc_numeric_1               0x00000213   Thumb Code     0  libinit2.o(.ARM.Collect$$libinit$$00000017)
    __rt_lib_init_lc_time_1                  0x00000213   Thumb Code     0  libinit2.o(.ARM.Collect$$libinit$$00000019)
    __rt_lib_init_signal_1                   0x00000213   Thumb Code     0  libinit2.o(.ARM.Collect$$libinit$$0000001D)
    __rt_lib_init_stdio_2                    0x00000213   Thumb Code     0  libinit2.o(.ARM.Collect$$libinit$$00000024)
    __rt_lib_init_alloca_1                   0x00000217   Thumb Code     0  libinit2.o(.ARM.Collect$$libinit$$0000002E)
    __rt_lib_init_argv_1                     0x00000217   Thumb Code     0  libinit2.o(.ARM.Collect$$libinit$$0000002C)
    __rt_lib_init_cpp_2                      0x00000217   Thumb Code     0  libinit2.o(.ARM.Collect$$libinit$$00000031)
    __rt_lib_init_exceptions_1               0x00000217   Thumb Code     0  libinit2.o(.ARM.Collect$$libinit$$00000030)
    __rt_lib_init_stdio_1                    0x00000217   Thumb Code     0  libinit2.o(.ARM.Collect$$libinit$$00000025)
    __rt_lib_init_cpp_1                      0x0000021b   Thumb Code     0  libinit2.o(.ARM.Collect$$libinit$$00000032)
    __rt_lib_init_return                     0x0000021b   Thumb Code     0  libinit2.o(.ARM.Collect$$libinit$$00000033)
    __rt_entry                               0x0000021d   Thumb Code     0  __rtentry.o(.ARM.Collect$$rtentry$$00000000)
    __rt_entry_presh_1                       0x0000021d   Thumb Code     0  __rtentry2.o(.ARM.Collect$$rtentry$$00000002)
    __rt_entry_sh                            0x0000021d   Thumb Code     0  __rtentry4.o(.ARM.Collect$$rtentry$$00000004)
    __rt_lib_shutdown_stdio_2                0x0000021d   Thumb Code     0  libshutdown2.o(.ARM.Collect$$libshutdown$$00000006)
    __rt_entry_li                            0x00000223   Thumb Code     0  __rtentry2.o(.ARM.Collect$$rtentry$$0000000A)
    __rt_entry_postsh_1                      0x00000223   Thumb Code     0  __rtentry2.o(.ARM.Collect$$rtentry$$00000009)
    __rt_entry_main                          0x00000227   Thumb Code     0  __rtentry2.o(.ARM.Collect$$rtentry$$0000000D)
    __rt_entry_postli_1                      0x00000227   Thumb Code     0  __rtentry2.o(.ARM.Collect$$rtentry$$0000000C)
    Reset_Handler                            0x00000231   Thumb Code     8  startup_LPC407x_8x_177x_8x.o(.text)
    _maybe_terminate_alloc                   0x00000231   Thumb Code     0  maybetermalloc1.o(.emb_text)
    NMI_Handler                              0x00000239   Thumb Code     2  startup_LPC407x_8x_177x_8x.o(.text)
    HardFault_Handler                        0x0000023b   Thumb Code     2  startup_LPC407x_8x_177x_8x.o(.text)
    MemManage_Handler                        0x0000023d   Thumb Code     2  startup_LPC407x_8x_177x_8x.o(.text)
    BusFault_Handler                         0x0000023f   Thumb Code     2  startup_LPC407x_8x_177x_8x.o(.text)
    UsageFault_Handler                       0x00000241   Thumb Code     2  startup_LPC407x_8x_177x_8x.o(.text)
    SVC_Handler                              0x00000243   Thumb Code     2  startup_LPC407x_8x_177x_8x.o(.text)
    DebugMon_Handler                         0x00000245   Thumb Code     2  startup_LPC407x_8x_177x_8x.o(.text)
    PendSV_Handler                           0x00000247   Thumb Code     2  startup_LPC407x_8x_177x_8x.o(.text)
    SysTick_Handler                          0x00000249   Thumb Code     2  startup_LPC407x_8x_177x_8x.o(.text)
    ADC_IRQHandler                           0x0000024b   Thumb Code     0  startup_LPC407x_8x_177x_8x.o(.text)
    BOD_IRQHandler                           0x0000024b   Thumb Code     0  startup_LPC407x_8x_177x_8x.o(.text)
    CANActivity_IRQHandler                   0x0000024b   Thumb Code     0  startup_LPC407x_8x_177x_8x.o(.text)
    CAN_IRQHandler                           0x0000024b   Thumb Code     0  startup_LPC407x_8x_177x_8x.o(.text)
    DMA_IRQHandler                           0x0000024b   Thumb Code     0  startup_LPC407x_8x_177x_8x.o(.text)
    EEPROM_IRQHandler                        0x0000024b   Thumb Code     0  startup_LPC407x_8x_177x_8x.o(.text)
    EINT0_IRQHandler                         0x0000024b   Thumb Code     0  startup_LPC407x_8x_177x_8x.o(.text)
    EINT1_IRQHandler                         0x0000024b   Thumb Code     0  startup_LPC407x_8x_177x_8x.o(.text)
    EINT2_IRQHandler                         0x0000024b   Thumb Code     0  startup_LPC407x_8x_177x_8x.o(.text)
    EINT3_IRQHandler                         0x0000024b   Thumb Code     0  startup_LPC407x_8x_177x_8x.o(.text)
    ENET_IRQHandler                          0x0000024b   Thumb Code     0  startup_LPC407x_8x_177x_8x.o(.text)
    GPIO_IRQHandler                          0x0000024b   Thumb Code     0  startup_LPC407x_8x_177x_8x.o(.text)
    I2C0_IRQHandler                          0x0000024b   Thumb Code     0  startup_LPC407x_8x_177x_8x.o(.text)
    I2C1_IRQHandler                          0x0000024b   Thumb Code     0  startup_LPC407x_8x_177x_8x.o(.text)
    I2C2_IRQHandler                          0x0000024b   Thumb Code     0  startup_LPC407x_8x_177x_8x.o(.text)
    I2S_IRQHandler                           0x0000024b   Thumb Code     0  startup_LPC407x_8x_177x_8x.o(.text)
    LCD_IRQHandler                           0x0000024b   Thumb Code     0  startup_LPC407x_8x_177x_8x.o(.text)
    MCI_IRQHandler                           0x0000024b   Thumb Code     0  startup_LPC407x_8x_177x_8x.o(.text)
    MCPWM_IRQHandler                         0x0000024b   Thumb Code     0  startup_LPC407x_8x_177x_8x.o(.text)
    PLL0_IRQHandler                          0x0000024b   Thumb Code     0  startup_LPC407x_8x_177x_8x.o(.text)
    PLL1_IRQHandler                          0x0000024b   Thumb Code     0  startup_LPC407x_8x_177x_8x.o(.text)
    PWM0_IRQHandler                          0x0000024b   Thumb Code     0  startup_LPC407x_8x_177x_8x.o(.text)
    PWM1_IRQHandler                          0x0000024b   Thumb Code     0  startup_LPC407x_8x_177x_8x.o(.text)
    QEI_IRQHandler                           0x0000024b   Thumb Code     0  startup_LPC407x_8x_177x_8x.o(.text)
    RTC_IRQHandler                           0x0000024b   Thumb Code     0  startup_LPC407x_8x_177x_8x.o(.text)
    SSP0_IRQHandler                          0x0000024b   Thumb Code     0  startup_LPC407x_8x_177x_8x.o(.text)
    SSP1_IRQHandler                          0x0000024b   Thumb Code     0  startup_LPC407x_8x_177x_8x.o(.text)
    SSP2_IRQHandler                          0x0000024b   Thumb Code     0  startup_LPC407x_8x_177x_8x.o(.text)
    TIMER0_IRQHandler                        0x0000024b   Thumb Code     0  startup_LPC407x_8x_177x_8x.o(.text)
    TIMER1_IRQHandler                        0x0000024b   Thumb Code     0  startup_LPC407x_8x_177x_8x.o(.text)
    TIMER2_IRQHandler                        0x0000024b   Thumb Code     0  startup_LPC407x_8x_177x_8x.o(.text)
    TIMER3_IRQHandler                        0x0000024b   Thumb Code     0  startup_LPC407x_8x_177x_8x.o(.text)
    UART0_IRQHandler                         0x0000024b   Thumb Code     0  startup_LPC407x_8x_177x_8x.o(.text)
    UART1_IRQHandler                         0x0000024b   Thumb Code     0  startup_LPC407x_8x_177x_8x.o(.text)
    UART2_IRQHandler                         0x0000024b   Thumb Code     0  startup_LPC407x_8x_177x_8x.o(.text)
    UART3_IRQHandler                         0x0000024b   Thumb Code     0  startup_LPC407x_8x_177x_8x.o(.text)
    UART4_IRQHandler                         0x0000024b   Thumb Code     0  startup_LPC407x_8x_177x_8x.o(.text)
    USBActivity_IRQHandler                   0x0000024b   Thumb Code     0  startup_LPC407x_8x_177x_8x.o(.text)
    USB_IRQHandler                           0x0000024b   Thumb Code     0  startup_LPC407x_8x_177x_8x.o(.text)
    WDT_IRQHandler                           0x0000024b   Thumb Code     0  startup_LPC407x_8x_177x_8x.o(.text)
    malloc                                   0x00000255   Thumb Code    94  h1_alloc.o(.text)
    vsprintf                                 0x000002b5   Thumb Code    32  vsprintf.o(.text)
    __cpp_initialize__aeabi_                 0x000002d9   Thumb Code    26  init_aeabi.o(.text)
    free                                     0x00000301   Thumb Code    78  h1_free.o(.text)
    __0sscanf                                0x00000351   Thumb Code    52  __0sscanf.o(.text)
    _scanf_int                               0x0000038d   Thumb Code   332  _scanf_int.o(.text)
    _do_fflush                               0x000004d9   Thumb Code    54  fflush.o(.text)
    fflush                                   0x0000050f   Thumb Code    42  fflush.o(.text)
    strlen                                   0x0000053d   Thumb Code    62  strlen.o(.text)
    strncmp                                  0x0000057b   Thumb Code   150  strncmp.o(.text)
    __aeabi_memcpy4                          0x00000611   Thumb Code     0  rt_memcpy_w.o(.text)
    __aeabi_memcpy8                          0x00000611   Thumb Code     0  rt_memcpy_w.o(.text)
    __rt_memcpy_w                            0x00000611   Thumb Code   100  rt_memcpy_w.o(.text)
    _memcpy_lastbytes_aligned                0x00000659   Thumb Code     0  rt_memcpy_w.o(.text)
    __aeabi_memclr4                          0x00000675   Thumb Code     0  rt_memclr_w.o(.text)
    __aeabi_memclr8                          0x00000675   Thumb Code     0  rt_memclr_w.o(.text)
    __rt_memclr_w                            0x00000675   Thumb Code    78  rt_memclr_w.o(.text)
    _memset_w                                0x00000679   Thumb Code     0  rt_memclr_w.o(.text)
    strcmp                                   0x000006c5   Thumb Code   128  strcmpv7m.o(.text)
    __rt_heap_descriptor                     0x00000745   Thumb Code     8  rt_heap_descriptor.o(.text)
    __use_no_heap                            0x0000074d   Thumb Code     2  hguard.o(.text)
    __heap$guard                             0x0000074f   Thumb Code     2  hguard.o(.text)
    _terminate_user_alloc                    0x00000751   Thumb Code     2  init_alloc.o(.text)
    _init_user_alloc                         0x00000753   Thumb Code     2  init_alloc.o(.text)
    __Heap_Full                              0x00000755   Thumb Code    34  init_alloc.o(.text)
    __Heap_Broken                            0x00000777   Thumb Code     6  init_alloc.o(.text)
    _init_alloc                              0x0000077d   Thumb Code    94  init_alloc.o(.text)
    __Heap_Initialize                        0x000007db   Thumb Code    10  h1_init.o(.text)
    __Heap_DescSize                          0x000007e5   Thumb Code     4  h1_init.o(.text)
    _printf_pre_padding                      0x000007e9   Thumb Code    44  _printf_pad.o(.text)
    _printf_post_padding                     0x00000815   Thumb Code    34  _printf_pad.o(.text)
    _printf_truncate_signed                  0x00000837   Thumb Code    18  _printf_truncate.o(.text)
    _printf_truncate_unsigned                0x00000849   Thumb Code    18  _printf_truncate.o(.text)
    _printf_str                              0x0000085b   Thumb Code    82  _printf_str.o(.text)
    _printf_int_dec                          0x000008ad   Thumb Code   104  _printf_dec.o(.text)
    _printf_charcount                        0x00000925   Thumb Code    40  _printf_charcount.o(.text)
    _printf_char_common                      0x00000957   Thumb Code    32  _printf_char_common.o(.text)
    _sputc                                   0x0000097d   Thumb Code    10  _sputc.o(.text)
    _printf_wctomb                           0x00000989   Thumb Code   182  _printf_wctomb.o(.text)
    _printf_longlong_dec                     0x00000a45   Thumb Code   108  _printf_longlong_dec.o(.text)
    _printf_longlong_oct                     0x00000ac1   Thumb Code    66  _printf_oct_int_ll.o(.text)
    _printf_int_oct                          0x00000b03   Thumb Code    24  _printf_oct_int_ll.o(.text)
    _printf_ll_oct                           0x00000b1b   Thumb Code    12  _printf_oct_int_ll.o(.text)
    _printf_longlong_hex                     0x00000b31   Thumb Code    86  _printf_hex_int_ll_ptr.o(.text)
    _printf_int_hex                          0x00000b87   Thumb Code    28  _printf_hex_int_ll_ptr.o(.text)
    _printf_ll_hex                           0x00000ba3   Thumb Code    12  _printf_hex_int_ll_ptr.o(.text)
    _printf_hex_ptr                          0x00000baf   Thumb Code    18  _printf_hex_int_ll_ptr.o(.text)
    __printf                                 0x00000bc5   Thumb Code   388  __printf_flags_ss_wp.o(.text)
    _chval                                   0x00000d4d   Thumb Code    28  _chval.o(.text)
    __vfscanf_char                           0x00000d75   Thumb Code    24  scanf_char.o(.text)
    _sgetc                                   0x00000d95   Thumb Code    30  _sgetc.o(.text)
    _sbackspace                              0x00000db3   Thumb Code    34  _sgetc.o(.text)
    _fseek                                   0x00000dd5   Thumb Code   242  fseek.o(.text)
    fseek                                    0x00000dd5   Thumb Code     0  fseek.o(.text)
    setvbuf                                  0x00000ecd   Thumb Code    70  setvbuf.o(.text)
    _seterr                                  0x00000f15   Thumb Code    20  stdio.o(.text)
    _writebuf                                0x00000f29   Thumb Code    84  stdio.o(.text)
    _fflush                                  0x00000f7d   Thumb Code    70  stdio.o(.text)
    _deferredlazyseek                        0x00000fc3   Thumb Code    60  stdio.o(.text)
    _initio                                  0x00001005   Thumb Code   210  initio.o(.text)
    _terminateio                             0x000010d7   Thumb Code    56  initio.o(.text)
    __Heap_ProvideMemory                     0x0000113d   Thumb Code    52  h1_extend.o(.text)
    _ll_udiv10                               0x00001171   Thumb Code   138  lludiv10.o(.text)
    isspace                                  0x000011fb   Thumb Code    18  isspace.o(.text)
    _printf_int_common                       0x0000120d   Thumb Code   178  _printf_intcommon.o(.text)
    __lib_sel_fp_printf                      0x000012bf   Thumb Code     2  _printf_fp_dec.o(.text)
    _printf_fp_dec_real                      0x00001471   Thumb Code   620  _printf_fp_dec.o(.text)
    _printf_fp_hex_real                      0x000016dd   Thumb Code   756  _printf_fp_hex.o(.text)
    _printf_cs_common                        0x000019d9   Thumb Code    20  _printf_char.o(.text)
    _printf_char                             0x000019ed   Thumb Code    16  _printf_char.o(.text)
    _printf_string                           0x000019fd   Thumb Code     8  _printf_char.o(.text)
    _printf_lcs_common                       0x00001a05   Thumb Code    20  _printf_wchar.o(.text)
    _printf_wchar                            0x00001a19   Thumb Code    16  _printf_wchar.o(.text)
    _printf_wstring                          0x00001a29   Thumb Code     8  _printf_wchar.o(.text)
    __vfscanf                                0x00001a31   Thumb Code   880  _scanf.o(.text)
    _ftell_internal                          0x00001da5   Thumb Code    66  ftell.o(.text)
    ftell                                    0x00001da5   Thumb Code     0  ftell.o(.text)
    freopen                                  0x00001de9   Thumb Code   158  fopen.o(.text)
    fopen                                    0x00001e87   Thumb Code    74  fopen.o(.text)
    _fclose_internal                         0x00001ed5   Thumb Code    76  fclose.o(.text)
    fclose                                   0x00001ed5   Thumb Code     0  fclose.o(.text)
    _wcrtomb                                 0x00001f21   Thumb Code    64  _wcrtomb.o(.text)
    __sig_exit                               0x00001f61   Thumb Code    10  defsig_exit.o(.text)
    __rt_SIGRTRED                            0x00001f6b   Thumb Code    14  defsig_rtred_outer.o(.text)
    __rt_SIGRTMEM                            0x00001f79   Thumb Code    14  defsig_rtmem_outer.o(.text)
    __rt_heap_escrow                         0x00001f89   Thumb Code    22  heapauxa.o(.text)
    __rt_heap_expand                         0x00001f9f   Thumb Code    52  heapauxa.o(.text)
    _sys_exit                                0x00001fd9   Thumb Code     8  sys_exit.o(.text)
    __rt_ctype_table                         0x00001fe5   Thumb Code    16  rt_ctype_table.o(.text)
    __rt_locale                              0x00001ff5   Thumb Code     8  rt_locale.o(.text)
    __aeabi_errno_addr                       0x00001ffd   Thumb Code     8  rt_errno_addr.o(.text)
    __errno                                  0x00001ffd   Thumb Code     0  rt_errno_addr.o(.text)
    __rt_errno_addr                          0x00001ffd   Thumb Code     0  rt_errno_addr.o(.text)
    _printf_fp_infnan                        0x00002005   Thumb Code   112  _printf_fp_infnan.o(.text)
    _btod_etento                             0x00002085   Thumb Code   224  bigflt0.o(.text)
    __default_signal_display                 0x00002169   Thumb Code    50  defsig_general.o(.text)
    __rt_SIGRTRED_inner                      0x0000219d   Thumb Code    14  defsig_rtred_inner.o(.text)
    __rt_SIGRTMEM_inner                      0x000021d1   Thumb Code    22  defsig_rtmem_inner.o(.text)
    _ttywrch                                 0x00002221   Thumb Code    14  sys_wrch.o(.text)
    __I$use$semihosting                      0x0000222f   Thumb Code     0  use_no_semi.o(.text)
    __use_no_semihosting_swi                 0x0000222f   Thumb Code     2  use_no_semi.o(.text)
    __semihosting_library_function           0x00002231   Thumb Code     0  indicate_semi.o(.text)
    _btod_d2e                                0x00002231   Thumb Code    62  btod.o(CL$$btod_d2e)
    _d2e_denorm_low                          0x0000226f   Thumb Code    70  btod.o(CL$$btod_d2e_denorm_low)
    _d2e_norm_op1                            0x000022b5   Thumb Code    96  btod.o(CL$$btod_d2e_norm_op1)
    __btod_div_common                        0x00002315   Thumb Code   696  btod.o(CL$$btod_div_common)
    _e2e                                     0x0000264d   Thumb Code   220  btod.o(CL$$btod_e2e)
    _btod_ediv                               0x00002729   Thumb Code    42  btod.o(CL$$btod_ediv)
    _btod_emul                               0x00002753   Thumb Code    42  btod.o(CL$$btod_emul)
    __btod_mult_common                       0x0000277d   Thumb Code   580  btod.o(CL$$btod_mult_common)
    main                                     0x000029c1   Thumb Code    18  retarget.o(i.$Sub$$main)
    SystemCoreClockUpdate                    0x000029d5   Thumb Code   462  system_LPC407x_8x_177x_8x.o(i.SystemCoreClockUpdate)
    SystemInit                               0x00002bb1   Thumb Code   224  system_LPC407x_8x_177x_8x.o(i.SystemInit)
    loadBits(int*)                           0x00002ca9   Thumb Code   110  main.o(i._Z8loadBitsPi)
    mbed::FileBase::getPathType()            0x00002d75   Thumb Code     4  FileBase.o(i._ZN4mbed8FileBase11getPathTypeEv)
    mbed::FileBase::lookup(const char*, unsigned) 0x00002d79   Thumb Code    90  FileBase.o(i._ZN4mbed8FileBase6lookupEPKcj)
    mbed::FilePath::fileSystem()             0x00002de5   Thumb Code    24  FilePath.o(i._ZN4mbed8FilePath10fileSystemEv)
    mbed::FilePath::file()                   0x00002dfd   Thumb Code    28  FilePath.o(i._ZN4mbed8FilePath4fileEv)
    mbed::FilePath::exists()                 0x00002e19   Thumb Code    10  FilePath.o(i._ZN4mbed8FilePath6existsEv)
    mbed::FilePath::isFile()                 0x00002e23   Thumb Code    24  FilePath.o(i._ZN4mbed8FilePath6isFileEv)
    mbed::FilePath::fileName()               0x00002e3b   Thumb Code     4  FilePath.o(i._ZN4mbed8FilePath8fileNameEv)
    mbed::FilePath::FilePath(const char*)    0x00002e3f   Thumb Code    64  FilePath.o(i._ZN4mbed8FilePathC1EPKc)
    mbed::FilePath::FilePath__sub_object(const char*) 0x00002e3f   Thumb Code     0  FilePath.o(i._ZN4mbed8FilePathC1EPKc)
    __ARM_fpclassify                         0x00002e7f   Thumb Code    48  fpclassify.o(i.__ARM_fpclassify)
    __NVIC_SetVector                         0x00002eb1   Thumb Code    42  cmsis_nvic.o(i.__NVIC_SetVector)
    __reserved_stack_size                    0x00002ee1   Thumb Code     4  sys_helper.o(i.__reserved_stack_size)
    __user_setup_stackheap                   0x00002f35   Thumb Code    24  sys.o(i.__user_setup_stackheap)
    _is_digit                                0x00002f51   Thumb Code    14  __printf_wp.o(i._is_digit)
    _sys_close                               0x00002f61   Thumb Code    40  retarget.o(i._sys_close)
    _sys_flen                                0x00002f8d   Thumb Code    34  retarget.o(i._sys_flen)
    _sys_istty                               0x00002fb5   Thumb Code    34  retarget.o(i._sys_istty)
    _sys_open                                0x00002fdd   Thumb Code   436  retarget.o(i._sys_open)
    _sys_seek                                0x000031b9   Thumb Code    36  retarget.o(i._sys_seek)
    _sys_write                               0x000031e1   Thumb Code    92  retarget.o(i._sys_write)
    core_util_critical_section_enter         0x00003249   Thumb Code    70  mbed_critical.o(i.core_util_critical_section_enter)
    core_util_critical_section_exit          0x000032d5   Thumb Code    60  mbed_critical.o(i.core_util_critical_section_exit)
    error                                    0x0000332d   Thumb Code    18  mbed_error.o(i.error)
    exit                                     0x00003341   Thumb Code    24  retarget.o(i.exit)
    gpio_dir                                 0x00003361   Thumb Code    56  gpio_api.o(i.gpio_dir)
    gpio_init                                0x000033b5   Thumb Code    66  gpio_api.o(i.gpio_init)
    gpio_init_out                            0x000033f9   Thumb Code    66  mbed_gpio.o(i.gpio_init_out)
    gpio_init_out_ex                         0x00003445   Thumb Code    78  mbed_gpio.o(i.gpio_init_out_ex)
    gpio_mode                                0x000034b1   Thumb Code     8  gpio_api.o(i.gpio_mode)
    $Super$$main                             0x000034b9   Thumb Code   188  main.o(i.main)
    mbed_assert_internal                     0x00003589   Thumb Code    32  mbed_assert.o(i.mbed_assert_internal)
    mbed_die                                 0x000035dd   Thumb Code   262  mbed_board.o(i.mbed_die)
    mbed_error_printf                        0x00003701   Thumb Code    74  mbed_board.o(i.mbed_error_printf)
    mbed_error_vfprintf                      0x00003755   Thumb Code    68  mbed_board.o(i.mbed_error_vfprintf)
    mbed_main                                0x000037a1   Thumb Code     2  retarget.o(i.mbed_main)
    mbed_sdk_init                            0x000037a3   Thumb Code     2  retarget.o(i.mbed_sdk_init)
    pin_function                             0x000037a5   Thumb Code    38  pinmap.o(i.pin_function)
    pin_mode                                 0x000037e9   Thumb Code    58  pinmap.o(i.pin_mode)
    pinmap_merge                             0x00003841   Thumb Code    38  mbed_pinmap_common.o(i.pinmap_merge)
    pinmap_peripheral                        0x0000387d   Thumb Code    62  mbed_pinmap_common.o(i.pinmap_peripheral)
    pinmap_pinout                            0x000038dd   Thumb Code    72  mbed_pinmap_common.o(i.pinmap_pinout)
    serial_baud                              0x00003939   Thumb Code   260  serial_api.o(i.serial_baud)
    serial_init                              0x00003a41   Thumb Code   348  serial_api.o(i.serial_init)
    serial_putc                              0x00003bc9   Thumb Code    14  serial_api.o(i.serial_putc)
    ticker_irq_handler                       0x00003bd7   Thumb Code    78  mbed_ticker_api.o(i.ticker_irq_handler)
    us_ticker_clear_interrupt                0x00003c25   Thumb Code     8  us_ticker.o(i.us_ticker_clear_interrupt)
    us_ticker_disable_interrupt              0x00003c31   Thumb Code    12  us_ticker.o(i.us_ticker_disable_interrupt)
    us_ticker_init                           0x00003c41   Thumb Code    74  us_ticker.o(i.us_ticker_init)
    us_ticker_irq_handler                    0x00003ca5   Thumb Code     6  mbed_us_ticker_api.o(i.us_ticker_irq_handler)
    us_ticker_read                           0x00003cb1   Thumb Code    72  us_ticker.o(i.us_ticker_read)
    us_ticker_set_interrupt                  0x00003d11   Thumb Code    14  us_ticker.o(i.us_ticker_set_interrupt)
    wait                                     0x00003d25   Thumb Code    36  mbed_wait_api.o(i.wait)
    wait_ms                                  0x00003d4d   Thumb Code    28  mbed_wait_api.o(i.wait_ms)
    _get_lc_numeric                          0x00003d69   Thumb Code    44  lc_numeric_c.o(locale$$code)
    _get_lc_ctype                            0x00003d95   Thumb Code    44  lc_ctype_c.o(locale$$code)
    SingletonPtr<PlatformMutex>::operator ->() 0x00003dc1   Thumb Code    36  FileBase.o(t._ZN12SingletonPtrI13PlatformMutexEptEv)
    _fp_init                                 0x00003ded   Thumb Code    10  fpinit.o(x$fpl$fpinit)
    __fplib_config_fpu_vfp                   0x00003df5   Thumb Code     0  fpinit.o(x$fpl$fpinit)
    __fplib_config_pureend_doubles           0x00003df5   Thumb Code     0  fpinit.o(x$fpl$fpinit)
    _printf_fp_dec                           0x00003df7   Thumb Code     4  printf1.o(x$fpl$printf1)
    _printf_fp_hex                           0x00003dfb   Thumb Code     4  printf2.o(x$fpl$printf2)
    __I$use$fp                               0x00003dfe   Number         0  usenofp.o(x$fpl$usenofp)
    __stdin_name                             0x00003dfe   Data           7  retarget.o(.constdata)
    __stdout_name                            0x00003e05   Data           8  retarget.o(.constdata)
    __stderr_name                            0x00003e0d   Data           8  retarget.o(.constdata)
    SingletonPtr<PlatformMutex>::get()::string 0x0000429c   Data          20  retarget.o(.constdata__ZZN12SingletonPtrI13PlatformMutexE3getEvEs)
    SingletonPtr<PlatformMutex>::get()::string (instance 2) 0x000042b0   Data          69  retarget.o(.constdata__ZZN12SingletonPtrI13PlatformMutexE3getEvEs_0)
    Region$$Table$$Base                      0x000044e0   Number         0  anon$$obj.o(Region$$Table)
    Region$$Table$$Limit                     0x00004500   Number         0  anon$$obj.o(Region$$Table)
    __ctype                                  0x00004529   Data           0  lc_ctype_c.o(locale$$data)
    SHT$$INIT_ARRAY$$Base                    0x0000462c   Number         0  main.o(.init_array)
    SHT$$INIT_ARRAY$$Limit                   0x00004630   Number         0  init_aeabi.o(.init_array)
    SystemCoreClock                          0x100000f0   Data           4  system_LPC407x_8x_177x_8x.o(.data)
    PeripheralClock                          0x100000f4   Data           4  system_LPC407x_8x_177x_8x.o(.data)
    EMCClock                                 0x100000f8   Data           4  system_LPC407x_8x_177x_8x.o(.data)
    USBClock                                 0x100000fc   Data           4  system_LPC407x_8x_177x_8x.o(.data)
    stdio_uart_inited                        0x10000100   Data           4  serial_api.o(.data)
    stdio_uart                               0x10000108   Data           8  serial_api.o(.data)
    us_ticker_inited                         0x10000118   Data           4  us_ticker.o(.data)
    mbed::FileBase::_head                    0x1000011c   Data           4  FileBase.o(.data)
    mbed::FileBase::_mutex                   0x10000120   Data           8  FileBase.o(.data)
    __aeabi_stdin                            0x10000130   Data           4  stdio_streams.o(.data)
    __aeabi_stdout                           0x10000134   Data           4  stdio_streams.o(.data)
    __aeabi_stderr                           0x10000138   Data           4  stdio_streams.o(.data)
    data                                     0x10000180   Data          24  main.o(.bss)
    clr                                      0x10000198   Data          24  main.o(.bss)
    clk                                      0x100001b0   Data          24  main.o(.bss)
    __stdin                                  0x100001c8   Data          84  stdio_streams.o(.bss)
    __stdout                                 0x1000021c   Data          84  stdio_streams.o(.bss)
    __stderr                                 0x10000270   Data          84  stdio_streams.o(.bss)
    Image$$RW_IRAM1$$ZI$$Limit               0x100002e0   Number         0  anon$$obj.o ABSOLUTE



==============================================================================

Memory Map of the image

  Image Entry point : 0x000000e5

  Load Region LR_IROM1 (Base: 0x00000000, Size: 0x00004688, Max: 0x00080000, ABSOLUTE)

    Execution Region ER_IROM1 (Exec base: 0x00000000, Load base: 0x00000000, Size: 0x00004630, Max: 0x00080000, ABSOLUTE)

    Exec Addr    Load Addr    Size         Type   Attr      Idx    E Section Name        Object

    0x00000000   0x00000000   0x000000e4   Data   RO          168    RESET               startup_LPC407x_8x_177x_8x.o
    0x000000e4   0x000000e4   0x00000008   Code   RO         1006  * !!!main             c_w.l(__main.o)
    0x000000ec   0x000000ec   0x00000034   Code   RO         1580    !!!scatter          c_w.l(__scatter.o)
    0x00000120   0x00000120   0x0000001a   Code   RO         1582    !!handler_copy      c_w.l(__scatter_copy.o)
    0x0000013a   0x0000013a   0x00000002   PAD
    0x0000013c   0x0000013c   0x0000001c   Code   RO         1584    !!handler_zi        c_w.l(__scatter_zi.o)
    0x00000158   0x00000158   0x00000000   Code   RO         1232    .ARM.Collect$$_printf_percent$$00000000  c_w.l(_printf_percent.o)
    0x00000158   0x00000158   0x00000006   Code   RO         1221    .ARM.Collect$$_printf_percent$$00000001  c_w.l(_printf_n.o)
    0x0000015e   0x0000015e   0x00000006   Code   RO         1223    .ARM.Collect$$_printf_percent$$00000002  c_w.l(_printf_p.o)
    0x00000164   0x00000164   0x00000006   Code   RO         1228    .ARM.Collect$$_printf_percent$$00000003  c_w.l(_printf_f.o)
    0x0000016a   0x0000016a   0x00000006   Code   RO         1229    .ARM.Collect$$_printf_percent$$00000004  c_w.l(_printf_e.o)
    0x00000170   0x00000170   0x00000006   Code   RO         1230    .ARM.Collect$$_printf_percent$$00000005  c_w.l(_printf_g.o)
    0x00000176   0x00000176   0x00000006   Code   RO         1231    .ARM.Collect$$_printf_percent$$00000006  c_w.l(_printf_a.o)
    0x0000017c   0x0000017c   0x0000000a   Code   RO         1236    .ARM.Collect$$_printf_percent$$00000007  c_w.l(_printf_ll.o)
    0x00000186   0x00000186   0x00000006   Code   RO         1225    .ARM.Collect$$_printf_percent$$00000008  c_w.l(_printf_i.o)
    0x0000018c   0x0000018c   0x00000006   Code   RO         1226    .ARM.Collect$$_printf_percent$$00000009  c_w.l(_printf_d.o)
    0x00000192   0x00000192   0x00000006   Code   RO         1227    .ARM.Collect$$_printf_percent$$0000000A  c_w.l(_printf_u.o)
    0x00000198   0x00000198   0x00000006   Code   RO         1224    .ARM.Collect$$_printf_percent$$0000000B  c_w.l(_printf_o.o)
    0x0000019e   0x0000019e   0x00000006   Code   RO         1222    .ARM.Collect$$_printf_percent$$0000000C  c_w.l(_printf_x.o)
    0x000001a4   0x000001a4   0x00000006   Code   RO         1233    .ARM.Collect$$_printf_percent$$0000000D  c_w.l(_printf_lli.o)
    0x000001aa   0x000001aa   0x00000006   Code   RO         1234    .ARM.Collect$$_printf_percent$$0000000E  c_w.l(_printf_lld.o)
    0x000001b0   0x000001b0   0x00000006   Code   RO         1235    .ARM.Collect$$_printf_percent$$0000000F  c_w.l(_printf_llu.o)
    0x000001b6   0x000001b6   0x00000006   Code   RO         1240    .ARM.Collect$$_printf_percent$$00000010  c_w.l(_printf_llo.o)
    0x000001bc   0x000001bc   0x00000006   Code   RO         1241    .ARM.Collect$$_printf_percent$$00000011  c_w.l(_printf_llx.o)
    0x000001c2   0x000001c2   0x0000000a   Code   RO         1237    .ARM.Collect$$_printf_percent$$00000012  c_w.l(_printf_l.o)
    0x000001cc   0x000001cc   0x00000006   Code   RO         1219    .ARM.Collect$$_printf_percent$$00000013  c_w.l(_printf_c.o)
    0x000001d2   0x000001d2   0x00000006   Code   RO         1220    .ARM.Collect$$_printf_percent$$00000014  c_w.l(_printf_s.o)
    0x000001d8   0x000001d8   0x00000006   Code   RO         1238    .ARM.Collect$$_printf_percent$$00000015  c_w.l(_printf_lc.o)
    0x000001de   0x000001de   0x00000006   Code   RO         1239    .ARM.Collect$$_printf_percent$$00000016  c_w.l(_printf_ls.o)
    0x000001e4   0x000001e4   0x00000004   Code   RO         1388    .ARM.Collect$$_printf_percent$$00000017  c_w.l(_printf_percent_end.o)
    0x000001e8   0x000001e8   0x00000002   Code   RO         1539    .ARM.Collect$$libinit$$00000000  c_w.l(libinit.o)
    0x000001ea   0x000001ea   0x00000004   Code   RO         1275    .ARM.Collect$$libinit$$00000001  c_w.l(libinit2.o)
    0x000001ee   0x000001ee   0x00000000   Code   RO         1278    .ARM.Collect$$libinit$$00000004  c_w.l(libinit2.o)
    0x000001ee   0x000001ee   0x00000008   Code   RO         1279    .ARM.Collect$$libinit$$00000005  c_w.l(libinit2.o)
    0x000001f6   0x000001f6   0x00000000   Code   RO         1281    .ARM.Collect$$libinit$$0000000A  c_w.l(libinit2.o)
    0x000001f6   0x000001f6   0x00000000   Code   RO         1283    .ARM.Collect$$libinit$$0000000C  c_w.l(libinit2.o)
    0x000001f6   0x000001f6   0x00000000   Code   RO         1285    .ARM.Collect$$libinit$$0000000E  c_w.l(libinit2.o)
    0x000001f6   0x000001f6   0x00000006   Code   RO         1286    .ARM.Collect$$libinit$$0000000F  c_w.l(libinit2.o)
    0x000001fc   0x000001fc   0x00000000   Code   RO         1288    .ARM.Collect$$libinit$$00000011  c_w.l(libinit2.o)
    0x000001fc   0x000001fc   0x0000000c   Code   RO         1289    .ARM.Collect$$libinit$$00000012  c_w.l(libinit2.o)
    0x00000208   0x00000208   0x00000000   Code   RO         1290    .ARM.Collect$$libinit$$00000013  c_w.l(libinit2.o)
    0x00000208   0x00000208   0x00000000   Code   RO         1292    .ARM.Collect$$libinit$$00000015  c_w.l(libinit2.o)
    0x00000208   0x00000208   0x0000000a   Code   RO         1293    .ARM.Collect$$libinit$$00000016  c_w.l(libinit2.o)
    0x00000212   0x00000212   0x00000000   Code   RO         1294    .ARM.Collect$$libinit$$00000017  c_w.l(libinit2.o)
    0x00000212   0x00000212   0x00000000   Code   RO         1296    .ARM.Collect$$libinit$$00000019  c_w.l(libinit2.o)
    0x00000212   0x00000212   0x00000000   Code   RO         1298    .ARM.Collect$$libinit$$0000001B  c_w.l(libinit2.o)
    0x00000212   0x00000212   0x00000000   Code   RO         1300    .ARM.Collect$$libinit$$0000001D  c_w.l(libinit2.o)
    0x00000212   0x00000212   0x00000000   Code   RO         1302    .ARM.Collect$$libinit$$0000001F  c_w.l(libinit2.o)
    0x00000212   0x00000212   0x00000000   Code   RO         1304    .ARM.Collect$$libinit$$00000021  c_w.l(libinit2.o)
    0x00000212   0x00000212   0x00000000   Code   RO         1306    .ARM.Collect$$libinit$$00000023  c_w.l(libinit2.o)
    0x00000212   0x00000212   0x00000004   Code   RO         1307    .ARM.Collect$$libinit$$00000024  c_w.l(libinit2.o)
    0x00000216   0x00000216   0x00000000   Code   RO         1308    .ARM.Collect$$libinit$$00000025  c_w.l(libinit2.o)
    0x00000216   0x00000216   0x00000000   Code   RO         1312    .ARM.Collect$$libinit$$0000002C  c_w.l(libinit2.o)
    0x00000216   0x00000216   0x00000000   Code   RO         1314    .ARM.Collect$$libinit$$0000002E  c_w.l(libinit2.o)
    0x00000216   0x00000216   0x00000000   Code   RO         1316    .ARM.Collect$$libinit$$00000030  c_w.l(libinit2.o)
    0x00000216   0x00000216   0x00000004   Code   RO         1317    .ARM.Collect$$libinit$$00000031  c_w.l(libinit2.o)
    0x0000021a   0x0000021a   0x00000000   Code   RO         1318    .ARM.Collect$$libinit$$00000032  c_w.l(libinit2.o)
    0x0000021a   0x0000021a   0x00000002   Code   RO         1319    .ARM.Collect$$libinit$$00000033  c_w.l(libinit2.o)
    0x0000021c   0x0000021c   0x00000000   Code   RO         1439    .ARM.Collect$$libshutdown$$00000006  c_w.l(libshutdown2.o)
    0x0000021c   0x0000021c   0x00000000   Code   RO         1125    .ARM.Collect$$rtentry$$00000000  c_w.l(__rtentry.o)
    0x0000021c   0x0000021c   0x00000000   Code   RO         1347    .ARM.Collect$$rtentry$$00000002  c_w.l(__rtentry2.o)
    0x0000021c   0x0000021c   0x00000006   Code   RO         1359    .ARM.Collect$$rtentry$$00000004  c_w.l(__rtentry4.o)
    0x00000222   0x00000222   0x00000000   Code   RO         1349    .ARM.Collect$$rtentry$$00000009  c_w.l(__rtentry2.o)
    0x00000222   0x00000222   0x00000004   Code   RO         1350    .ARM.Collect$$rtentry$$0000000A  c_w.l(__rtentry2.o)
    0x00000226   0x00000226   0x00000000   Code   RO         1352    .ARM.Collect$$rtentry$$0000000C  c_w.l(__rtentry2.o)
    0x00000226   0x00000226   0x00000008   Code   RO         1353    .ARM.Collect$$rtentry$$0000000D  c_w.l(__rtentry2.o)
    0x0000022e   0x0000022e   0x00000002   PAD
    0x00000230   0x00000230   0x00000000   Code   RO         1365    .emb_text           c_w.l(maybetermalloc1.o)
    0x00000230   0x00000230   0x00000024   Code   RO          170    .text               startup_LPC407x_8x_177x_8x.o
    0x00000254   0x00000254   0x0000005e   Code   RO          910    .text               c_w.l(h1_alloc.o)
    0x000002b2   0x000002b2   0x00000002   PAD
    0x000002b4   0x000002b4   0x00000024   Code   RO          968    .text               c_w.l(vsprintf.o)
    0x000002d8   0x000002d8   0x00000024   Code   RO         1011    .text               c_w.l(init_aeabi.o)
    0x000002fc   0x000002fc   0x00000004   Code   RO          169    .ARM.__at_0x02FC    startup_LPC407x_8x_177x_8x.o
    0x00000300   0x00000300   0x0000004e   Code   RO          912    .text               c_w.l(h1_free.o)
    0x0000034e   0x0000034e   0x00000002   PAD
    0x00000350   0x00000350   0x0000003c   Code   RO          970    .text               c_w.l(__0sscanf.o)
    0x0000038c   0x0000038c   0x0000014c   Code   RO          972    .text               c_w.l(_scanf_int.o)
    0x000004d8   0x000004d8   0x00000064   Code   RO          974    .text               c_w.l(fflush.o)
    0x0000053c   0x0000053c   0x0000003e   Code   RO          994    .text               c_w.l(strlen.o)
    0x0000057a   0x0000057a   0x00000096   Code   RO          996    .text               c_w.l(strncmp.o)
    0x00000610   0x00000610   0x00000064   Code   RO          998    .text               c_w.l(rt_memcpy_w.o)
    0x00000674   0x00000674   0x0000004e   Code   RO         1000    .text               c_w.l(rt_memclr_w.o)
    0x000006c2   0x000006c2   0x00000002   PAD
    0x000006c4   0x000006c4   0x00000080   Code   RO         1004    .text               c_w.l(strcmpv7m.o)
    0x00000744   0x00000744   0x00000008   Code   RO         1126    .text               c_w.l(rt_heap_descriptor.o)
    0x0000074c   0x0000074c   0x00000004   Code   RO         1131    .text               c_w.l(hguard.o)
    0x00000750   0x00000750   0x0000008a   Code   RO         1133    .text               c_w.l(init_alloc.o)
    0x000007da   0x000007da   0x0000000e   Code   RO         1137    .text               c_w.l(h1_init.o)
    0x000007e8   0x000007e8   0x0000004e   Code   RO         1153    .text               c_w.l(_printf_pad.o)
    0x00000836   0x00000836   0x00000024   Code   RO         1155    .text               c_w.l(_printf_truncate.o)
    0x0000085a   0x0000085a   0x00000052   Code   RO         1157    .text               c_w.l(_printf_str.o)
    0x000008ac   0x000008ac   0x00000078   Code   RO         1159    .text               c_w.l(_printf_dec.o)
    0x00000924   0x00000924   0x00000028   Code   RO         1161    .text               c_w.l(_printf_charcount.o)
    0x0000094c   0x0000094c   0x00000030   Code   RO         1163    .text               c_w.l(_printf_char_common.o)
    0x0000097c   0x0000097c   0x0000000a   Code   RO         1165    .text               c_w.l(_sputc.o)
    0x00000986   0x00000986   0x00000002   PAD
    0x00000988   0x00000988   0x000000bc   Code   RO         1167    .text               c_w.l(_printf_wctomb.o)
    0x00000a44   0x00000a44   0x0000007c   Code   RO         1170    .text               c_w.l(_printf_longlong_dec.o)
    0x00000ac0   0x00000ac0   0x00000070   Code   RO         1176    .text               c_w.l(_printf_oct_int_ll.o)
    0x00000b30   0x00000b30   0x00000094   Code   RO         1196    .text               c_w.l(_printf_hex_int_ll_ptr.o)
    0x00000bc4   0x00000bc4   0x00000188   Code   RO         1216    .text               c_w.l(__printf_flags_ss_wp.o)
    0x00000d4c   0x00000d4c   0x0000001c   Code   RO         1242    .text               c_w.l(_chval.o)
    0x00000d68   0x00000d68   0x0000002c   Code   RO         1244    .text               c_w.l(scanf_char.o)
    0x00000d94   0x00000d94   0x00000040   Code   RO         1246    .text               c_w.l(_sgetc.o)
    0x00000dd4   0x00000dd4   0x000000f8   Code   RO         1252    .text               c_w.l(fseek.o)
    0x00000ecc   0x00000ecc   0x00000046   Code   RO         1254    .text               c_w.l(setvbuf.o)
    0x00000f12   0x00000f12   0x00000002   PAD
    0x00000f14   0x00000f14   0x000000f0   Code   RO         1256    .text               c_w.l(stdio.o)
    0x00001004   0x00001004   0x00000138   Code   RO         1259    .text               c_w.l(initio.o)
    0x0000113c   0x0000113c   0x00000034   Code   RO         1367    .text               c_w.l(h1_extend.o)
    0x00001170   0x00001170   0x0000008a   Code   RO         1371    .text               c_w.l(lludiv10.o)
    0x000011fa   0x000011fa   0x00000012   Code   RO         1373    .text               c_w.l(isspace.o)
    0x0000120c   0x0000120c   0x000000b2   Code   RO         1375    .text               c_w.l(_printf_intcommon.o)
    0x000012be   0x000012be   0x0000041e   Code   RO         1377    .text               c_w.l(_printf_fp_dec.o)
    0x000016dc   0x000016dc   0x000002fc   Code   RO         1379    .text               c_w.l(_printf_fp_hex.o)
    0x000019d8   0x000019d8   0x0000002c   Code   RO         1384    .text               c_w.l(_printf_char.o)
    0x00001a04   0x00001a04   0x0000002c   Code   RO         1386    .text               c_w.l(_printf_wchar.o)
    0x00001a30   0x00001a30   0x00000374   Code   RO         1389    .text               c_w.l(_scanf.o)
    0x00001da4   0x00001da4   0x00000042   Code   RO         1391    .text               c_w.l(ftell.o)
    0x00001de6   0x00001de6   0x00000002   PAD
    0x00001de8   0x00001de8   0x000000ec   Code   RO         1397    .text               c_w.l(fopen.o)
    0x00001ed4   0x00001ed4   0x0000004c   Code   RO         1399    .text               c_w.l(fclose.o)
    0x00001f20   0x00001f20   0x00000040   Code   RO         1413    .text               c_w.l(_wcrtomb.o)
    0x00001f60   0x00001f60   0x0000000a   Code   RO         1415    .text               c_w.l(defsig_exit.o)
    0x00001f6a   0x00001f6a   0x0000000e   Code   RO         1417    .text               c_w.l(defsig_rtred_outer.o)
    0x00001f78   0x00001f78   0x0000000e   Code   RO         1421    .text               c_w.l(defsig_rtmem_outer.o)
    0x00001f86   0x00001f86   0x00000002   PAD
    0x00001f88   0x00001f88   0x00000050   Code   RO         1427    .text               c_w.l(heapauxa.o)
    0x00001fd8   0x00001fd8   0x0000000c   Code   RO         1467    .text               c_w.l(sys_exit.o)
    0x00001fe4   0x00001fe4   0x00000010   Code   RO         1469    .text               c_w.l(rt_ctype_table.o)
    0x00001ff4   0x00001ff4   0x00000008   Code   RO         1471    .text               c_w.l(rt_locale.o)
    0x00001ffc   0x00001ffc   0x00000008   Code   RO         1481    .text               c_w.l(rt_errno_addr.o)
    0x00002004   0x00002004   0x00000080   Code   RO         1488    .text               c_w.l(_printf_fp_infnan.o)
    0x00002084   0x00002084   0x000000e4   Code   RO         1490    .text               c_w.l(bigflt0.o)
    0x00002168   0x00002168   0x00000032   Code   RO         1522    .text               c_w.l(defsig_general.o)
    0x0000219a   0x0000219a   0x00000002   PAD
    0x0000219c   0x0000219c   0x00000034   Code   RO         1524    .text               c_w.l(defsig_rtred_inner.o)
    0x000021d0   0x000021d0   0x00000050   Code   RO         1526    .text               c_w.l(defsig_rtmem_inner.o)
    0x00002220   0x00002220   0x0000000e   Code   RO         1548    .text               c_w.l(sys_wrch.o)
    0x0000222e   0x0000222e   0x00000002   Code   RO         1550    .text               c_w.l(use_no_semi.o)
    0x00002230   0x00002230   0x00000000   Code   RO         1552    .text               c_w.l(indicate_semi.o)
    0x00002230   0x00002230   0x0000003e   Code   RO         1493    CL$$btod_d2e        c_w.l(btod.o)
    0x0000226e   0x0000226e   0x00000046   Code   RO         1495    CL$$btod_d2e_denorm_low  c_w.l(btod.o)
    0x000022b4   0x000022b4   0x00000060   Code   RO         1494    CL$$btod_d2e_norm_op1  c_w.l(btod.o)
    0x00002314   0x00002314   0x00000338   Code   RO         1503    CL$$btod_div_common  c_w.l(btod.o)
    0x0000264c   0x0000264c   0x000000dc   Code   RO         1500    CL$$btod_e2e        c_w.l(btod.o)
    0x00002728   0x00002728   0x0000002a   Code   RO         1497    CL$$btod_ediv       c_w.l(btod.o)
    0x00002752   0x00002752   0x0000002a   Code   RO         1496    CL$$btod_emul       c_w.l(btod.o)
    0x0000277c   0x0000277c   0x00000244   Code   RO         1502    CL$$btod_mult_common  c_w.l(btod.o)
    0x000029c0   0x000029c0   0x00000012   Code   RO           27    i.$Sub$$main        retarget.o
    0x000029d2   0x000029d2   0x00000002   PAD
    0x000029d4   0x000029d4   0x000001dc   Code   RO          181    i.SystemCoreClockUpdate  system_LPC407x_8x_177x_8x.o
    0x00002bb0   0x00002bb0   0x000000f8   Code   RO          182    i.SystemInit        system_LPC407x_8x_177x_8x.o
    0x00002ca8   0x00002ca8   0x000000cc   Code   RO          196    i._Z8loadBitsPi     main.o
    0x00002d74   0x00002d74   0x00000004   Code   RO          823    i._ZN4mbed8FileBase11getPathTypeEv  mbed.ar(FileBase.o)
    0x00002d78   0x00002d78   0x0000006c   Code   RO          825    i._ZN4mbed8FileBase6lookupEPKcj  mbed.ar(FileBase.o)
    0x00002de4   0x00002de4   0x00000018   Code   RO          598    i._ZN4mbed8FilePath10fileSystemEv  mbed.ar(FilePath.o)
    0x00002dfc   0x00002dfc   0x0000001c   Code   RO          600    i._ZN4mbed8FilePath4fileEv  mbed.ar(FilePath.o)
    0x00002e18   0x00002e18   0x0000000a   Code   RO          601    i._ZN4mbed8FilePath6existsEv  mbed.ar(FilePath.o)
    0x00002e22   0x00002e22   0x00000018   Code   RO          602    i._ZN4mbed8FilePath6isFileEv  mbed.ar(FilePath.o)
    0x00002e3a   0x00002e3a   0x00000004   Code   RO          603    i._ZN4mbed8FilePath8fileNameEv  mbed.ar(FilePath.o)
    0x00002e3e   0x00002e3e   0x00000040   Code   RO          604    i._ZN4mbed8FilePathC1EPKc  mbed.ar(FilePath.o)
    0x00002e7e   0x00002e7e   0x00000030   Code   RO         1546    i.__ARM_fpclassify  m_wm.l(fpclassify.o)
    0x00002eae   0x00002eae   0x00000002   PAD
    0x00002eb0   0x00002eb0   0x00000030   Code   RO            5    i.__NVIC_SetVector  cmsis_nvic.o
    0x00002ee0   0x00002ee0   0x00000004   Code   RO          175    i.__reserved_stack_size  sys_helper.o
    0x00002ee4   0x00002ee4   0x00000050   Code   RO          197    i.__sti___8_main_cpp_data  main.o
    0x00002f34   0x00002f34   0x0000001c   Code   RO          172    i.__user_setup_stackheap  sys.o
    0x00002f50   0x00002f50   0x0000000e   Code   RO         1209    i._is_digit         c_w.l(__printf_wp.o)
    0x00002f5e   0x00002f5e   0x00000002   PAD
    0x00002f60   0x00002f60   0x0000002c   Code   RO           37    i._sys_close        retarget.o
    0x00002f8c   0x00002f8c   0x00000028   Code   RO           40    i._sys_flen         retarget.o
    0x00002fb4   0x00002fb4   0x00000028   Code   RO           41    i._sys_istty        retarget.o
    0x00002fdc   0x00002fdc   0x000001dc   Code   RO           42    i._sys_open         retarget.o
    0x000031b8   0x000031b8   0x00000028   Code   RO           44    i._sys_seek         retarget.o
    0x000031e0   0x000031e0   0x00000068   Code   RO           45    i._sys_write        retarget.o
    0x00003248   0x00003248   0x0000008c   Code   RO          726    i.core_util_critical_section_enter  mbed.ar(mbed_critical.o)
    0x000032d4   0x000032d4   0x00000058   Code   RO          727    i.core_util_critical_section_exit  mbed.ar(mbed_critical.o)
    0x0000332c   0x0000332c   0x00000012   Code   RO          705    i.error             mbed.ar(mbed_error.o)
    0x0000333e   0x0000333e   0x00000002   PAD
    0x00003340   0x00003340   0x00000020   Code   RO           47    i.exit              retarget.o
    0x00003360   0x00003360   0x00000054   Code   RO          780    i.gpio_dir          mbed.ar(gpio_api.o)
    0x000033b4   0x000033b4   0x00000042   Code   RO          781    i.gpio_init         mbed.ar(gpio_api.o)
    0x000033f6   0x000033f6   0x00000002   PAD
    0x000033f8   0x000033f8   0x0000004c   Code   RO          754    i.gpio_init_out     mbed.ar(mbed_gpio.o)
    0x00003444   0x00003444   0x0000006c   Code   RO          755    i.gpio_init_out_ex  mbed.ar(mbed_gpio.o)
    0x000034b0   0x000034b0   0x00000008   Code   RO          782    i.gpio_mode         mbed.ar(gpio_api.o)
    0x000034b8   0x000034b8   0x000000d0   Code   RO          198    i.main              main.o
    0x00003588   0x00003588   0x00000054   Code   RO          697    i.mbed_assert_internal  mbed.ar(mbed_assert.o)
    0x000035dc   0x000035dc   0x00000124   Code   RO           14    i.mbed_die          mbed_board.o
    0x00003700   0x00003700   0x00000054   Code   RO           15    i.mbed_error_printf  mbed_board.o
    0x00003754   0x00003754   0x0000004c   Code   RO           16    i.mbed_error_vfprintf  mbed_board.o
    0x000037a0   0x000037a0   0x00000002   Code   RO           48    i.mbed_main         retarget.o
    0x000037a2   0x000037a2   0x00000002   Code   RO           49    i.mbed_sdk_init     retarget.o
    0x000037a4   0x000037a4   0x00000044   Code   RO          795    i.pin_function      mbed.ar(pinmap.o)
    0x000037e8   0x000037e8   0x00000058   Code   RO          796    i.pin_mode          mbed.ar(pinmap.o)
    0x00003840   0x00003840   0x0000003c   Code   RO          861    i.pinmap_merge      mbed.ar(mbed_pinmap_common.o)
    0x0000387c   0x0000387c   0x00000060   Code   RO          862    i.pinmap_peripheral  mbed.ar(mbed_pinmap_common.o)
    0x000038dc   0x000038dc   0x0000005c   Code   RO          863    i.pinmap_pinout     mbed.ar(mbed_pinmap_common.o)
    0x00003938   0x00003938   0x00000108   Code   RO          550    i.serial_baud       mbed.ar(serial_api.o)
    0x00003a40   0x00003a40   0x00000188   Code   RO          557    i.serial_init       mbed.ar(serial_api.o)
    0x00003bc8   0x00003bc8   0x0000000e   Code   RO          561    i.serial_putc       mbed.ar(serial_api.o)
    0x00003bd6   0x00003bd6   0x0000004e   Code   RO          891    i.ticker_irq_handler  mbed.ar(mbed_ticker_api.o)
    0x00003c24   0x00003c24   0x0000000c   Code   RO          806    i.us_ticker_clear_interrupt  mbed.ar(us_ticker.o)
    0x00003c30   0x00003c30   0x00000010   Code   RO          807    i.us_ticker_disable_interrupt  mbed.ar(us_ticker.o)
    0x00003c40   0x00003c40   0x00000064   Code   RO          808    i.us_ticker_init    mbed.ar(us_ticker.o)
    0x00003ca4   0x00003ca4   0x0000000c   Code   RO          877    i.us_ticker_irq_handler  mbed.ar(mbed_us_ticker_api.o)
    0x00003cb0   0x00003cb0   0x00000060   Code   RO          809    i.us_ticker_read    mbed.ar(us_ticker.o)
    0x00003d10   0x00003d10   0x00000014   Code   RO          810    i.us_ticker_set_interrupt  mbed.ar(us_ticker.o)
    0x00003d24   0x00003d24   0x00000028   Code   RO          768    i.wait              mbed.ar(mbed_wait_api.o)
    0x00003d4c   0x00003d4c   0x0000001c   Code   RO          769    i.wait_ms           mbed.ar(mbed_wait_api.o)
    0x00003d68   0x00003d68   0x0000002c   Code   RO         1516    locale$$code        c_w.l(lc_numeric_c.o)
    0x00003d94   0x00003d94   0x0000002c   Code   RO         1558    locale$$code        c_w.l(lc_ctype_c.o)
    0x00003dc0   0x00003dc0   0x0000002c   Code   RO          850    t._ZN12SingletonPtrI13PlatformMutexEptEv  mbed.ar(FileBase.o)
    0x00003dec   0x00003dec   0x0000000a   Code   RO         1465    x$fpl$fpinit        fz_wm.l(fpinit.o)
    0x00003df6   0x00003df6   0x00000004   Code   RO         1335    x$fpl$printf1       fz_wm.l(printf1.o)
    0x00003dfa   0x00003dfa   0x00000004   Code   RO         1337    x$fpl$printf2       fz_wm.l(printf2.o)
    0x00003dfe   0x00003dfe   0x00000000   Code   RO         1545    x$fpl$usenofp       fz_wm.l(usenofp.o)
    0x00003dfe   0x00003dfe   0x00000017   Data   RO           94    .constdata          retarget.o
    0x00003e15   0x00003e15   0x00000003   PAD
    0x00003e18   0x00003e18   0x00000240   Data   RO          205    .constdata          main.o
    0x00004058   0x00004058   0x0000012c   Data   RO          570    .constdata          mbed.ar(serial_api.o)
    0x00004184   0x00004184   0x00000014   Data   RO          878    .constdata          mbed.ar(mbed_us_ticker_api.o)
    0x00004198   0x00004198   0x00000008   Data   RO          879    .constdata          mbed.ar(mbed_us_ticker_api.o)
    0x000041a0   0x000041a0   0x00000008   Data   RO         1168    .constdata          c_w.l(_printf_wctomb.o)
    0x000041a8   0x000041a8   0x00000028   Data   RO         1197    .constdata          c_w.l(_printf_hex_int_ll_ptr.o)
    0x000041d0   0x000041d0   0x00000011   Data   RO         1217    .constdata          c_w.l(__printf_flags_ss_wp.o)
    0x000041e1   0x000041e1   0x00000026   Data   RO         1380    .constdata          c_w.l(_printf_fp_hex.o)
    0x00004207   0x00004207   0x00000001   PAD
    0x00004208   0x00004208   0x00000094   Data   RO         1491    .constdata          c_w.l(bigflt0.o)
    0x0000429c   0x0000429c   0x00000014   Data   RO          154    .constdata__ZZN12SingletonPtrI13PlatformMutexE3getEvEs  retarget.o
    0x000042b0   0x000042b0   0x00000045   Data   RO          155    .constdata__ZZN12SingletonPtrI13PlatformMutexE3getEvEs_0  retarget.o
    0x000042f5   0x000042f5   0x00000003   PAD
    0x000042f8   0x000042f8   0x0000006d   Data   RO           17    .conststring        mbed_board.o
    0x00004365   0x00004365   0x00000003   PAD
    0x00004368   0x00004368   0x00000070   Data   RO          571    .conststring        mbed.ar(serial_api.o)
    0x000043d8   0x000043d8   0x00000045   Data   RO          728    .conststring        mbed.ar(mbed_critical.o)
    0x0000441d   0x0000441d   0x00000003   PAD
    0x00004420   0x00004420   0x0000005f   Data   RO          784    .conststring        mbed.ar(gpio_api.o)
    0x0000447f   0x0000447f   0x00000001   PAD
    0x00004480   0x00004480   0x0000005d   Data   RO          797    .conststring        mbed.ar(pinmap.o)
    0x000044dd   0x000044dd   0x00000003   PAD
    0x000044e0   0x000044e0   0x00000020   Data   RO         1578    Region$$Table       anon$$obj.o
    0x00004500   0x00004500   0x0000001c   Data   RO         1515    locale$$data        c_w.l(lc_numeric_c.o)
    0x0000451c   0x0000451c   0x00000110   Data   RO         1557    locale$$data        c_w.l(lc_ctype_c.o)
    0x0000462c   0x0000462c   0x00000004   Data   RO          206    .init_array         main.o
    0x00004630   0x0000462c   0x00000000   Data   RO         1009    .init_array         c_w.l(init_aeabi.o)


    Execution Region RW_IRAM1 (Exec base: 0x100000e8, Load base: 0x00004630, Size: 0x000001f8, Max: 0x0000ff18, ABSOLUTE)

    Exec Addr    Load Addr    Size         Type   Attr      Idx    E Section Name        Object

    0x100000e8   0x00004630   0x00000008   Data   RW           97    .data               retarget.o
    0x100000f0   0x00004638   0x00000010   Data   RW          184    .data               system_LPC407x_8x_177x_8x.o
    0x10000100   0x00004648   0x00000010   Data   RW          572    .data               mbed.ar(serial_api.o)
    0x10000110   0x00004658   0x00000008   Data   RW          729    .data               mbed.ar(mbed_critical.o)
    0x10000118   0x00004660   0x00000004   Data   RW          811    .data               mbed.ar(us_ticker.o)
    0x1000011c   0x00004664   0x0000000c   Data   RW          837    .data               mbed.ar(FileBase.o)
    0x10000128   0x00004670   0x00000008   Data   RW          880    .data               mbed.ar(mbed_us_ticker_api.o)
    0x10000130   0x00004678   0x00000004   Data   RW          987    .data               c_w.l(stdio_streams.o)
    0x10000134   0x0000467c   0x00000004   Data   RW          988    .data               c_w.l(stdio_streams.o)
    0x10000138   0x00004680   0x00000004   Data   RW          989    .data               c_w.l(stdio_streams.o)
    0x1000013c   0x00004684   0x00000004   Data   RW         1428    .data               c_w.l(heapauxa.o)
    0x10000140        -       0x00000040   Zero   RW           93    .bss                retarget.o
    0x10000180        -       0x00000048   Zero   RW          204    .bss                main.o
    0x100001c8        -       0x00000054   Zero   RW          984    .bss                c_w.l(stdio_streams.o)
    0x1000021c        -       0x00000054   Zero   RW          985    .bss                c_w.l(stdio_streams.o)
    0x10000270        -       0x00000054   Zero   RW          986    .bss                c_w.l(stdio_streams.o)
    0x100002c4        -       0x00000004   Zero   RW         1127    .bss                c_w.l(rt_heap_descriptor.o)
    0x100002c8        -       0x00000014   Zero   RW         1472    .bss                c_w.l(rt_locale.o)
    0x100002dc        -       0x00000004   Zero   RW         1482    .bss                c_w.l(rt_errno_addr.o)


    Execution Region RW_IRAM2 (Exec base: 0x20000000, Load base: 0x00004688, Size: 0x00000000, Max: 0x00004000, ABSOLUTE)

    **** No section assigned to this execution region ****


    Execution Region RW_IRAM3 (Exec base: 0x20004000, Load base: 0x00004688, Size: 0x00000000, Max: 0x00004000, ABSOLUTE)

    **** No section assigned to this execution region ****



  Load Region LR_IROM2 (Base: 0x28000000, Size: 0x00000000, Max: 0x01000000, ABSOLUTE)

    Execution Region ER_IROM2 (Exec base: 0x28000000, Load base: 0x28000000, Size: 0x00000000, Max: 0x01000000, ABSOLUTE)

    **** No section assigned to this execution region ****


==============================================================================

Image component sizes


      Code (inc. data)   RO Data    RW Data    ZI Data      Debug   Object Name

        48          6          0          0          0        132   cmsis_nvic.o
       492        126        580          0         72      13745   main.o
       452         48        109          0          0        404   mbed_board.o
       798         80        112          8         64       1256   retarget.o
        40         12        228          0          0        276   startup_LPC407x_8x_177x_8x.o
        28          4          0          0          0        128   sys.o
         4          0          0          0          0        116   sys_helper.o
       724         38          0         16          0        268   system_LPC407x_8x_177x_8x.o

    ----------------------------------------------------------------------
      2588        314       1070         24        136      16325   Object Totals
         0          0         32          0          0          0   (incl. Generated)
         2          0          9          0          0          0   (incl. Padding)

    ----------------------------------------------------------------------

      Code (inc. data)   RO Data    RW Data    ZI Data      Debug   Library Member Name

        60          8          0          0          0         84   __0sscanf.o
         8          0          0          0          0         68   __main.o
       392          4         17          0          0         92   __printf_flags_ss_wp.o
        14          0          0          0          0         68   __printf_wp.o
         0          0          0          0          0          0   __rtentry.o
        12          0          0          0          0          0   __rtentry2.o
         6          0          0          0          0          0   __rtentry4.o
        52          8          0          0          0          0   __scatter.o
        26          0          0          0          0          0   __scatter_copy.o
        28          0          0          0          0          0   __scatter_zi.o
        28          0          0          0          0         68   _chval.o
         6          0          0          0          0          0   _printf_a.o
         6          0          0          0          0          0   _printf_c.o
        44          0          0          0          0        108   _printf_char.o
        48          6          0          0          0         96   _printf_char_common.o
        40          0          0          0          0         68   _printf_charcount.o
         6          0          0          0          0          0   _printf_d.o
       120         16          0          0          0         92   _printf_dec.o
         6          0          0          0          0          0   _printf_e.o
         6          0          0          0          0          0   _printf_f.o
      1054          0          0          0          0        216   _printf_fp_dec.o
       764          8         38          0          0        100   _printf_fp_hex.o
       128         16          0          0          0         84   _printf_fp_infnan.o
         6          0          0          0          0          0   _printf_g.o
       148          4         40          0          0        160   _printf_hex_int_ll_ptr.o
         6          0          0          0          0          0   _printf_i.o
       178          0          0          0          0         88   _printf_intcommon.o
        10          0          0          0          0          0   _printf_l.o
         6          0          0          0          0          0   _printf_lc.o
        10          0          0          0          0          0   _printf_ll.o
         6          0          0          0          0          0   _printf_lld.o
         6          0          0          0          0          0   _printf_lli.o
         6          0          0          0          0          0   _printf_llo.o
         6          0          0          0          0          0   _printf_llu.o
         6          0          0          0          0          0   _printf_llx.o
       124         16          0          0          0         92   _printf_longlong_dec.o
         6          0          0          0          0          0   _printf_ls.o
         6          0          0          0          0          0   _printf_n.o
         6          0          0          0          0          0   _printf_o.o
       112         10          0          0          0        124   _printf_oct_int_ll.o
         6          0          0          0          0          0   _printf_p.o
        78          0          0          0          0        108   _printf_pad.o
         0          0          0          0          0          0   _printf_percent.o
         4          0          0          0          0          0   _printf_percent_end.o
         6          0          0          0          0          0   _printf_s.o
        82          0          0          0          0         80   _printf_str.o
        36          0          0          0          0         84   _printf_truncate.o
         6          0          0          0          0          0   _printf_u.o
        44          0          0          0          0        108   _printf_wchar.o
       188          6          8          0          0         92   _printf_wctomb.o
         6          0          0          0          0          0   _printf_x.o
       884          4          0          0          0        100   _scanf.o
       332          0          0          0          0         96   _scanf_int.o
        64          0          0          0          0         84   _sgetc.o
        10          0          0          0          0         68   _sputc.o
        64          0          0          0          0         92   _wcrtomb.o
       228          4        148          0          0         96   bigflt0.o
      1936        128          0          0          0        672   btod.o
        10          0          0          0          0         68   defsig_exit.o
        50          0          0          0          0         88   defsig_general.o
        80         58          0          0          0         76   defsig_rtmem_inner.o
        14          0          0          0          0         80   defsig_rtmem_outer.o
        52         38          0          0          0         76   defsig_rtred_inner.o
        14          0          0          0          0         80   defsig_rtred_outer.o
        76          0          0          0          0         88   fclose.o
       100          4          0          0          0        120   fflush.o
       236          4          0          0          0        128   fopen.o
       248          6          0          0          0         84   fseek.o
        66          0          0          0          0         76   ftell.o
        94          0          0          0          0         80   h1_alloc.o
        52          0          0          0          0         68   h1_extend.o
        78          0          0          0          0         80   h1_free.o
        14          0          0          0          0         84   h1_init.o
        80          6          0          4          0         96   heapauxa.o
         4          0          0          0          0        136   hguard.o
         0          0          0          0          0          0   indicate_semi.o
        36         10          0          0          0         80   init_aeabi.o
       138          0          0          0          0        168   init_alloc.o
       312         46          0          0          0        112   initio.o
        18          0          0          0          0         76   isspace.o
        44         10        272          0          0         76   lc_ctype_c.o
        44         10         28          0          0         76   lc_numeric_c.o
         2          0          0          0          0          0   libinit.o
        50          0          0          0          0          0   libinit2.o
         0          0          0          0          0          0   libshutdown2.o
       138          0          0          0          0         80   lludiv10.o
         0          0          0          0          0          0   maybetermalloc1.o
        16          4          0          0          0         76   rt_ctype_table.o
         8          4          0          0          4         68   rt_errno_addr.o
         8          4          0          0          4         68   rt_heap_descriptor.o
         8          4          0          0         20         68   rt_locale.o
        78          0          0          0          0         80   rt_memclr_w.o
       100          0          0          0          0         80   rt_memcpy_w.o
        44          8          0          0          0         84   scanf_char.o
        70          0          0          0          0         80   setvbuf.o
       240          6          0          0          0        156   stdio.o
         0          0          0         12        252          0   stdio_streams.o
       128          0          0          0          0         68   strcmpv7m.o
        62          0          0          0          0         76   strlen.o
       150          0          0          0          0         80   strncmp.o
        12          4          0          0          0         68   sys_exit.o
        14          0          0          0          0         76   sys_wrch.o
         2          0          0          0          0         68   use_no_semi.o
        36          4          0          0          0         76   vsprintf.o
        10          0          0          0          0        116   fpinit.o
         4          0          0          0          0        116   printf1.o
         4          0          0          0          0        116   printf2.o
         0          0          0          0          0          0   usenofp.o
        48          0          0          0          0        124   fpclassify.o
       156         26          0         12          0        368   FileBase.o
       154          0          0          0          0        728   FilePath.o
       158         28         95          0          0        372   gpio_api.o
        84         52          0          0          0        136   mbed_assert.o
       228         98         69          8          0        252   mbed_critical.o
        18          0          0          0          0        128   mbed_error.o
       184         40          0          0          0        276   mbed_gpio.o
       248         76          0          0          0        384   mbed_pinmap_common.o
        78          0          0          0          0        136   mbed_ticker_api.o
        12          6         28          8          0        116   mbed_us_ticker_api.o
        68          4          0          0          0        256   mbed_wait_api.o
       156         60         93          0          0        256   pinmap.o
       670         48        412         16          0        396   serial_api.o
       244         64          0          4          0        596   us_ticker.o

    ----------------------------------------------------------------------
     13054        970       1256         64        280      11608   Library Totals
        28          0          8          0          0          0   (incl. Padding)

    ----------------------------------------------------------------------

      Code (inc. data)   RO Data    RW Data    ZI Data      Debug   Library Name

     10502        468        551         16        280       6736   c_w.l
        18          0          0          0          0        348   fz_wm.l
        48          0          0          0          0        124   m_wm.l
      2458        502        697         48          0       4400   mbed.ar

    ----------------------------------------------------------------------
     13054        970       1256         64        280      11608   Library Totals

    ----------------------------------------------------------------------

==============================================================================


      Code (inc. data)   RO Data    RW Data    ZI Data      Debug   

     15642       1284       2326         88        416      18789   Grand Totals
     15642       1284       2326         88        416      18789   ELF Image Totals
     15642       1284       2326         88          0          0   ROM Totals

==============================================================================

    Total RO  Size (Code + RO Data)                17968 (  17.55kB)
    Total RW  Size (RW Data + ZI Data)               504 (   0.49kB)
    Total ROM Size (Code + RO Data + RW Data)      18056 (  17.63kB)

==============================================================================

