Component: ARM Compiler 6.16 Tool: armlink [5dfeaa00]

==============================================================================

Section Cross References

    startup_lpc407x_8x_177x_8x.o(STACK) refers (Special) to heapauxi.o(.text) for __use_two_region_memory
    startup_lpc407x_8x_177x_8x.o(HEAP) refers (Special) to heapauxi.o(.text) for __use_two_region_memory
    startup_lpc407x_8x_177x_8x.o(RESET) refers (Special) to heapauxi.o(.text) for __use_two_region_memory
    startup_lpc407x_8x_177x_8x.o(RESET) refers to startup_lpc407x_8x_177x_8x.o(STACK) for __initial_sp
    startup_lpc407x_8x_177x_8x.o(RESET) refers to startup_lpc407x_8x_177x_8x.o(.text) for Reset_Handler
    startup_lpc407x_8x_177x_8x.o(.ARM.__at_0x02FC) refers (Special) to heapauxi.o(.text) for __use_two_region_memory
    startup_lpc407x_8x_177x_8x.o(.text) refers (Special) to heapauxi.o(.text) for __use_two_region_memory
    startup_lpc407x_8x_177x_8x.o(.text) refers to system_lpc407x_8x_177x_8x.o(.text.SystemInit) for SystemInit
    startup_lpc407x_8x_177x_8x.o(.text) refers to lab02.o(Lab02) for __main
    startup_lpc407x_8x_177x_8x.o(.text) refers to startup_lpc407x_8x_177x_8x.o(HEAP) for Heap_Mem
    startup_lpc407x_8x_177x_8x.o(.text) refers to startup_lpc407x_8x_177x_8x.o(STACK) for Stack_Mem
    system_lpc407x_8x_177x_8x.o(.text.SystemCoreClockUpdate) refers to system_lpc407x_8x_177x_8x.o(.data.SystemCoreClock) for SystemCoreClock
    system_lpc407x_8x_177x_8x.o(.text.SystemCoreClockUpdate) refers to system_lpc407x_8x_177x_8x.o(.data.PeripheralClock) for PeripheralClock
    system_lpc407x_8x_177x_8x.o(.text.SystemCoreClockUpdate) refers to system_lpc407x_8x_177x_8x.o(.data.EMCClock) for EMCClock
    system_lpc407x_8x_177x_8x.o(.text.SystemCoreClockUpdate) refers to system_lpc407x_8x_177x_8x.o(.data.USBClock) for USBClock
    system_lpc407x_8x_177x_8x.o(.ARM.exidx.text.SystemCoreClockUpdate) refers to system_lpc407x_8x_177x_8x.o(.text.SystemCoreClockUpdate) for [Anonymous Symbol]
    system_lpc407x_8x_177x_8x.o(.text.SystemInit) refers to system_lpc407x_8x_177x_8x.o(.text.fpu_init) for fpu_init
    system_lpc407x_8x_177x_8x.o(.text.SystemInit) refers to system_lpc407x_8x_177x_8x.o(.text.SystemCoreClockUpdate) for SystemCoreClockUpdate
    system_lpc407x_8x_177x_8x.o(.text.SystemInit) refers to system_lpc407x_8x_177x_8x.o(.text.SystemInit_ExtMemCtl) for SystemInit_ExtMemCtl
    system_lpc407x_8x_177x_8x.o(.ARM.exidx.text.SystemInit) refers to system_lpc407x_8x_177x_8x.o(.text.SystemInit) for [Anonymous Symbol]
    system_lpc407x_8x_177x_8x.o(.ARM.exidx.text.fpu_init) refers to system_lpc407x_8x_177x_8x.o(.text.fpu_init) for [Anonymous Symbol]
    system_lpc407x_8x_177x_8x.o(.text.SystemInit_ExtMemCtl) refers to system_lpc407x_8x_177x_8x.o(.text._DelayMs) for _DelayMs
    system_lpc407x_8x_177x_8x.o(.ARM.exidx.text.SystemInit_ExtMemCtl) refers to system_lpc407x_8x_177x_8x.o(.text.SystemInit_ExtMemCtl) for [Anonymous Symbol]
    system_lpc407x_8x_177x_8x.o(.text._DelayMs) refers to system_lpc407x_8x_177x_8x.o(.data.SystemCoreClock) for SystemCoreClock
    system_lpc407x_8x_177x_8x.o(.ARM.exidx.text._DelayMs) refers to system_lpc407x_8x_177x_8x.o(.text._DelayMs) for [Anonymous Symbol]


==============================================================================

Removing Unused input sections from the image.

    Removing system_lpc407x_8x_177x_8x.o(.text), (0 bytes).
    Removing system_lpc407x_8x_177x_8x.o(.ARM.exidx.text.SystemCoreClockUpdate), (8 bytes).
    Removing system_lpc407x_8x_177x_8x.o(.ARM.exidx.text.SystemInit), (8 bytes).
    Removing system_lpc407x_8x_177x_8x.o(.ARM.exidx.text.fpu_init), (8 bytes).
    Removing system_lpc407x_8x_177x_8x.o(.ARM.exidx.text.SystemInit_ExtMemCtl), (8 bytes).
    Removing system_lpc407x_8x_177x_8x.o(.ARM.exidx.text._DelayMs), (8 bytes).

6 unused section(s) (total 40 bytes) removed from the image.

==============================================================================

Image Symbol Table

    Local Symbols

    Symbol Name                              Value     Ov Type        Size  Object(Section)

    ../clib/heapaux.c                        0x00000000   Number         0  heapauxi.o ABSOLUTE
    Lab02.s                                  0x00000000   Number         0  lab02.o ABSOLUTE
    RTE/Device/LPC4088FET208/startup_LPC407x_8x_177x_8x.s 0x00000000   Number         0  startup_lpc407x_8x_177x_8x.o ABSOLUTE
    dc.s                                     0x00000000   Number         0  dc.o ABSOLUTE
    system_LPC407x_8x_177x_8x.c              0x00000000   Number         0  system_lpc407x_8x_177x_8x.o ABSOLUTE
    RESET                                    0x00000000   Section      232  startup_lpc407x_8x_177x_8x.o(RESET)
    $v0                                      0x000000e8   Number         0  startup_lpc407x_8x_177x_8x.o(.text)
    .text                                    0x000000e8   Section       60  startup_lpc407x_8x_177x_8x.o(.text)
    .text                                    0x00000124   Section        0  heapauxi.o(.text)
    [Anonymous Symbol]                       0x0000012c   Section        0  system_lpc407x_8x_177x_8x.o(.text.SystemCoreClockUpdate)
    .ARM.__at_0x02FC                         0x000002fc   Section        4  startup_lpc407x_8x_177x_8x.o(.ARM.__at_0x02FC)
    [Anonymous Symbol]                       0x00000300   Section        0  system_lpc407x_8x_177x_8x.o(.text.SystemInit)
    SystemInit_ExtMemCtl                     0x000003a9   Thumb Code   394  system_lpc407x_8x_177x_8x.o(.text.SystemInit_ExtMemCtl)
    [Anonymous Symbol]                       0x000003a8   Section        0  system_lpc407x_8x_177x_8x.o(.text.SystemInit_ExtMemCtl)
    _DelayMs                                 0x00000535   Thumb Code    50  system_lpc407x_8x_177x_8x.o(.text._DelayMs)
    [Anonymous Symbol]                       0x00000534   Section        0  system_lpc407x_8x_177x_8x.o(.text._DelayMs)
    fpu_init                                 0x00000569   Thumb Code    66  system_lpc407x_8x_177x_8x.o(.text.fpu_init)
    [Anonymous Symbol]                       0x00000568   Section        0  system_lpc407x_8x_177x_8x.o(.text.fpu_init)
    $v0                                      0x000005ac   Number         0  lab02.o(Lab02)
    Lab02                                    0x000005ac   Section      268  lab02.o(Lab02)
    Heap_Mem                                 0x10000010   Data           0  startup_lpc407x_8x_177x_8x.o(HEAP)
    Stack_Mem                                0x10000010   Data        1024  startup_lpc407x_8x_177x_8x.o(STACK)
    HEAP                                     0x10000010   Section        0  startup_lpc407x_8x_177x_8x.o(HEAP)
    STACK                                    0x10000010   Section     1024  startup_lpc407x_8x_177x_8x.o(STACK)
    __initial_sp                             0x10000410   Data           0  startup_lpc407x_8x_177x_8x.o(STACK)

    Global Symbols

    Symbol Name                              Value     Ov Type        Size  Object(Section)

    BuildAttributes$$THM_ISAv4$E$P$D$K$B$S$7EM$VFPi3$EXTD16$VFPS$VFMA$PE$A:L22UL41UL21$X:L11$S22US41US21$IEEE1$IW$~IW$USESV6$~STKCKD$USESV7$~SHL$OTIME$ROPI$EBA8$STANDARDLIB$REQ8$PRES8$EABIv2 0x00000000   Number         0  anon$$obj.o ABSOLUTE
    __Vectors                                0x00000000   Data           4  startup_lpc407x_8x_177x_8x.o(RESET)
    Reset_Handler                            0x000000e9   Thumb Code     8  startup_lpc407x_8x_177x_8x.o(.text)
    NMI_Handler                              0x000000f1   Thumb Code     2  startup_lpc407x_8x_177x_8x.o(.text)
    HardFault_Handler                        0x000000f3   Thumb Code     2  startup_lpc407x_8x_177x_8x.o(.text)
    MemManage_Handler                        0x000000f5   Thumb Code     2  startup_lpc407x_8x_177x_8x.o(.text)
    BusFault_Handler                         0x000000f7   Thumb Code     2  startup_lpc407x_8x_177x_8x.o(.text)
    UsageFault_Handler                       0x000000f9   Thumb Code     2  startup_lpc407x_8x_177x_8x.o(.text)
    SVC_Handler                              0x000000fb   Thumb Code     2  startup_lpc407x_8x_177x_8x.o(.text)
    DebugMon_Handler                         0x000000fd   Thumb Code     2  startup_lpc407x_8x_177x_8x.o(.text)
    PendSV_Handler                           0x000000ff   Thumb Code     2  startup_lpc407x_8x_177x_8x.o(.text)
    SysTick_Handler                          0x00000101   Thumb Code     2  startup_lpc407x_8x_177x_8x.o(.text)
    ADC_IRQHandler                           0x00000103   Thumb Code     0  startup_lpc407x_8x_177x_8x.o(.text)
    BOD_IRQHandler                           0x00000103   Thumb Code     0  startup_lpc407x_8x_177x_8x.o(.text)
    CANActivity_IRQHandler                   0x00000103   Thumb Code     0  startup_lpc407x_8x_177x_8x.o(.text)
    CAN_IRQHandler                           0x00000103   Thumb Code     0  startup_lpc407x_8x_177x_8x.o(.text)
    DMA_IRQHandler                           0x00000103   Thumb Code     0  startup_lpc407x_8x_177x_8x.o(.text)
    EEPROM_IRQHandler                        0x00000103   Thumb Code     0  startup_lpc407x_8x_177x_8x.o(.text)
    EINT0_IRQHandler                         0x00000103   Thumb Code     0  startup_lpc407x_8x_177x_8x.o(.text)
    EINT1_IRQHandler                         0x00000103   Thumb Code     0  startup_lpc407x_8x_177x_8x.o(.text)
    EINT2_IRQHandler                         0x00000103   Thumb Code     0  startup_lpc407x_8x_177x_8x.o(.text)
    EINT3_IRQHandler                         0x00000103   Thumb Code     0  startup_lpc407x_8x_177x_8x.o(.text)
    ENET_IRQHandler                          0x00000103   Thumb Code     0  startup_lpc407x_8x_177x_8x.o(.text)
    GPIO_IRQHandler                          0x00000103   Thumb Code     0  startup_lpc407x_8x_177x_8x.o(.text)
    I2C0_IRQHandler                          0x00000103   Thumb Code     0  startup_lpc407x_8x_177x_8x.o(.text)
    I2C1_IRQHandler                          0x00000103   Thumb Code     0  startup_lpc407x_8x_177x_8x.o(.text)
    I2C2_IRQHandler                          0x00000103   Thumb Code     0  startup_lpc407x_8x_177x_8x.o(.text)
    I2S_IRQHandler                           0x00000103   Thumb Code     0  startup_lpc407x_8x_177x_8x.o(.text)
    LCD_IRQHandler                           0x00000103   Thumb Code     0  startup_lpc407x_8x_177x_8x.o(.text)
    MCI_IRQHandler                           0x00000103   Thumb Code     0  startup_lpc407x_8x_177x_8x.o(.text)
    MCPWM_IRQHandler                         0x00000103   Thumb Code     0  startup_lpc407x_8x_177x_8x.o(.text)
    PLL0_IRQHandler                          0x00000103   Thumb Code     0  startup_lpc407x_8x_177x_8x.o(.text)
    PLL1_IRQHandler                          0x00000103   Thumb Code     0  startup_lpc407x_8x_177x_8x.o(.text)
    PWM0_IRQHandler                          0x00000103   Thumb Code     0  startup_lpc407x_8x_177x_8x.o(.text)
    PWM1_IRQHandler                          0x00000103   Thumb Code     0  startup_lpc407x_8x_177x_8x.o(.text)
    QEI_IRQHandler                           0x00000103   Thumb Code     0  startup_lpc407x_8x_177x_8x.o(.text)
    RTC_IRQHandler                           0x00000103   Thumb Code     0  startup_lpc407x_8x_177x_8x.o(.text)
    SSP0_IRQHandler                          0x00000103   Thumb Code     0  startup_lpc407x_8x_177x_8x.o(.text)
    SSP1_IRQHandler                          0x00000103   Thumb Code     0  startup_lpc407x_8x_177x_8x.o(.text)
    SSP2_IRQHandler                          0x00000103   Thumb Code     0  startup_lpc407x_8x_177x_8x.o(.text)
    TIMER0_IRQHandler                        0x00000103   Thumb Code     0  startup_lpc407x_8x_177x_8x.o(.text)
    TIMER1_IRQHandler                        0x00000103   Thumb Code     0  startup_lpc407x_8x_177x_8x.o(.text)
    TIMER2_IRQHandler                        0x00000103   Thumb Code     0  startup_lpc407x_8x_177x_8x.o(.text)
    TIMER3_IRQHandler                        0x00000103   Thumb Code     0  startup_lpc407x_8x_177x_8x.o(.text)
    UART0_IRQHandler                         0x00000103   Thumb Code     0  startup_lpc407x_8x_177x_8x.o(.text)
    UART1_IRQHandler                         0x00000103   Thumb Code     0  startup_lpc407x_8x_177x_8x.o(.text)
    UART2_IRQHandler                         0x00000103   Thumb Code     0  startup_lpc407x_8x_177x_8x.o(.text)
    UART3_IRQHandler                         0x00000103   Thumb Code     0  startup_lpc407x_8x_177x_8x.o(.text)
    UART4_IRQHandler                         0x00000103   Thumb Code     0  startup_lpc407x_8x_177x_8x.o(.text)
    USBActivity_IRQHandler                   0x00000103   Thumb Code     0  startup_lpc407x_8x_177x_8x.o(.text)
    USB_IRQHandler                           0x00000103   Thumb Code     0  startup_lpc407x_8x_177x_8x.o(.text)
    WDT_IRQHandler                           0x00000103   Thumb Code     0  startup_lpc407x_8x_177x_8x.o(.text)
    __user_initial_stackheap                 0x00000105   Thumb Code     0  startup_lpc407x_8x_177x_8x.o(.text)
    __use_two_region_memory                  0x00000125   Thumb Code     2  heapauxi.o(.text)
    __rt_heap_escrow$2region                 0x00000127   Thumb Code     2  heapauxi.o(.text)
    __rt_heap_expand$2region                 0x00000129   Thumb Code     2  heapauxi.o(.text)
    SystemCoreClockUpdate                    0x0000012d   Thumb Code   442  system_lpc407x_8x_177x_8x.o(.text.SystemCoreClockUpdate)
    SystemInit                               0x00000301   Thumb Code   168  system_lpc407x_8x_177x_8x.o(.text.SystemInit)
    __main                                   0x000005ad   Thumb Code     0  lab02.o(Lab02)
    EMCClock                                 0x10000000   Data           4  system_lpc407x_8x_177x_8x.o(.data.EMCClock)
    PeripheralClock                          0x10000004   Data           4  system_lpc407x_8x_177x_8x.o(.data.PeripheralClock)
    SystemCoreClock                          0x10000008   Data           4  system_lpc407x_8x_177x_8x.o(.data.SystemCoreClock)
    USBClock                                 0x1000000c   Data           4  system_lpc407x_8x_177x_8x.o(.data.USBClock)



==============================================================================

Memory Map of the image

  Image Entry point : 0x000005ad

  Load Region LR_IROM1 (Base: 0x00000000, Size: 0x000006c8, Max: 0x00080000, ABSOLUTE)

    Execution Region ER_IROM1 (Exec base: 0x00000000, Load base: 0x00000000, Size: 0x000006b8, Max: 0x00080000, ABSOLUTE)

    Exec Addr    Load Addr    Size         Type   Attr      Idx    E Section Name        Object

    0x00000000   0x00000000   0x000000e8   Data   RO            8    RESET               startup_lpc407x_8x_177x_8x.o
    0x000000e8   0x000000e8   0x0000003c   Code   RO           10    .text               startup_lpc407x_8x_177x_8x.o
    0x00000124   0x00000124   0x00000006   Code   RO           40    .text               c_w.l(heapauxi.o)
    0x0000012a   0x0000012a   0x00000002   PAD
    0x0000012c   0x0000012c   0x000001ba   Code   RO           17    .text.SystemCoreClockUpdate  system_lpc407x_8x_177x_8x.o
    0x000002e6   0x000002e6   0x00000016   PAD
    0x000002fc   0x000002fc   0x00000004   Code   RO            9    .ARM.__at_0x02FC    startup_lpc407x_8x_177x_8x.o
    0x00000300   0x00000300   0x000000a8   Code   RO           19    .text.SystemInit    system_lpc407x_8x_177x_8x.o
    0x000003a8   0x000003a8   0x0000018a   Code   RO           23    .text.SystemInit_ExtMemCtl  system_lpc407x_8x_177x_8x.o
    0x00000532   0x00000532   0x00000002   PAD
    0x00000534   0x00000534   0x00000032   Code   RO           25    .text._DelayMs      system_lpc407x_8x_177x_8x.o
    0x00000566   0x00000566   0x00000002   PAD
    0x00000568   0x00000568   0x00000042   Code   RO           21    .text.fpu_init      system_lpc407x_8x_177x_8x.o
    0x000005aa   0x000005aa   0x00000002   PAD
    0x000005ac   0x000005ac   0x0000010c   Code   RO            1  * Lab02               lab02.o


    Execution Region RW_IRAM1 (Exec base: 0x10000000, Load base: 0x000006b8, Size: 0x00000410, Max: 0x00010000, ABSOLUTE)

    Exec Addr    Load Addr    Size         Type   Attr      Idx    E Section Name        Object

    0x10000000   0x000006b8   0x00000004   Data   RW           29    .data.EMCClock      system_lpc407x_8x_177x_8x.o
    0x10000004   0x000006bc   0x00000004   Data   RW           28    .data.PeripheralClock  system_lpc407x_8x_177x_8x.o
    0x10000008   0x000006c0   0x00000004   Data   RW           27    .data.SystemCoreClock  system_lpc407x_8x_177x_8x.o
    0x1000000c   0x000006c4   0x00000004   Data   RW           30    .data.USBClock      system_lpc407x_8x_177x_8x.o
    0x10000010        -       0x00000000   Zero   RW            7    HEAP                startup_lpc407x_8x_177x_8x.o
    0x10000010        -       0x00000400   Zero   RW            6    STACK               startup_lpc407x_8x_177x_8x.o


    Execution Region RW_IRAM2 (Exec base: 0x20000000, Load base: 0x000006c8, Size: 0x00000000, Max: 0x00008000, ABSOLUTE)

    **** No section assigned to this execution region ****


==============================================================================

Image component sizes


      Code (inc. data)   RO Data    RW Data    ZI Data      Debug   Object Name

       268         30          0          0          0        348   lab02.o
        64         26        232          0       1024       1164   startup_lpc407x_8x_177x_8x.o
      1120          0          0         16          0       9271   system_lpc407x_8x_177x_8x.o

    ----------------------------------------------------------------------
      1480         56        232         16       1024      10783   Object Totals
         0          0          0          0          0          0   (incl. Generated)
        28          0          0          0          0          0   (incl. Padding)

    ----------------------------------------------------------------------

      Code (inc. data)   RO Data    RW Data    ZI Data      Debug   Library Member Name

         6          0          0          0          0        152   heapauxi.o

    ----------------------------------------------------------------------
         8          0          0          0          0        152   Library Totals
         2          0          0          0          0          0   (incl. Padding)

    ----------------------------------------------------------------------

      Code (inc. data)   RO Data    RW Data    ZI Data      Debug   Library Name

         6          0          0          0          0        152   c_w.l

    ----------------------------------------------------------------------
         8          0          0          0          0        152   Library Totals

    ----------------------------------------------------------------------

==============================================================================


      Code (inc. data)   RO Data    RW Data    ZI Data      Debug   

      1488         56        232         16       1024      10935   Grand Totals
      1488         56        232         16       1024      10935   ELF Image Totals
      1488         56        232         16          0          0   ROM Totals

==============================================================================

    Total RO  Size (Code + RO Data)                 1720 (   1.68kB)
    Total RW  Size (RW Data + ZI Data)              1040 (   1.02kB)
    Total ROM Size (Code + RO Data + RW Data)       1736 (   1.70kB)

==============================================================================

