<html>
<body>
<pre>
<h1>µVision Build Log</h1>
<h2>Tool Versions:</h2>
IDE-Version: µVision V5.35.0.0
Copyright (C) 2021 ARM Ltd and ARM Germany GmbH. All rights reserved.
License Information: CSE CSE UHCL Flex license: MDK Professional 5.35 (Flex) (mdk_pro) Operation stops: 18 Jul 2024
 
Tool Versions:
Toolchain:       MDK Professional 5.35 (Flex)  Version: 5.35.0.2
Toolchain Path:  C:\Keil_v5\ARM\ARMCC\Bin
C Compiler:      Armcc.exe V5.06 update 7 (build 960)
Assembler:       Armasm.exe V5.06 update 7 (build 960)
Linker/Locator:  ArmLink.exe V5.06 update 7 (build 960)
Library Manager: ArmAr.exe V5.06 update 7 (build 960)
Hex Converter:   FromElf.exe V5.06 update 7 (build 960)
CPU DLL:         SARMCM3.DLL V5.35.0.2
Dialog DLL:      DCM.DLL V1.17.3.0
Target DLL:      CMSIS_AGDI.dll V1.33.0.0
Dialog DLL:      TCM.DLL V1.53.0.0
 
<h2>Project:</h2>
C:\Users\sonnierm5910\OneDrive - University of Houston-Clear Lake\Documents\_CENG 4113\Lab-Project\PrjSrc\myProject.uvprojx
Project File Date:  11/16/2021

<h2>Output:</h2>
*** Using Compiler 'V5.06 update 7 (build 960)', folder: 'C:\Keil_v5\ARM\ARMCC\Bin'
Rebuild target 'MyProgramSource'
compiling main.cpp...
main.cpp(124): warning:  #177-D: variable "colNum"  was declared but never referenced
  	int colNum = 1;
main.cpp(125): warning:  #177-D: variable "rowNum"  was declared but never referenced
  	int rowNum = 1;
main.cpp(266): warning:  #940-D: missing return statement at end of non-void function "lcd_command" 
  } 
main.cpp(270): warning:  #940-D: missing return statement at end of non-void function "lcd_data" 
  } 
main.cpp(689): warning:  #1035-D: single-precision operand implicitly converted to double-precision
  		tempC = -1 * ( ((int) (2 << 12) - tempC) * 0.0625) ; // 2s comp convert
main.cpp(691): warning:  #1035-D: single-precision operand implicitly converted to double-precision
  		tempC = tempC * 0.0625;
main.cpp(694): warning:  #1035-D: single-precision operand implicitly converted to double-precision
  	tempF = (tempC * 1.8) + 32;
main.cpp(807): warning:  #1035-D: single-precision operand implicitly converted to double-precision
  	while(counter < 1.25){
main.cpp(920): warning:  #1035-D: single-precision operand implicitly converted to double-precision
  		counter += 0.03;
main.cpp(989): warning:  #940-D: missing return statement at end of non-void function "calcMode" 
  }
main.cpp(1016): warning:  #940-D: missing return statement at end of non-void function "getSize" 
  }
main.cpp: 11 warnings, 0 errors
linking...
mbed/TARGET_LPC4088/TOOLCHAIN_ARM_STD/LPC407X_8X.sct(28): warning: L6314W: No section matches pattern *.o(SPIFI_MEM).
Program Size: Code=25194 RO-data=2250 RW-data=116 ZI-data=668  
Finished: 0 information, 1 warning and 0 error messages.
".\build\uvision4\mbed_blinky.axf" - 0 Error(s), 12 Warning(s).

<h2>Software Packages used:</h2>

Package Vendor: Keil
                http://www.keil.com/pack/Keil.LPC4000_DFP.2.2.0.pack
                Keil.LPC4000_DFP.2.2.0
                NXP LPC4000 Series Device Support

<h2>Collection of Component include folders:</h2>
  C:\Arm\Packs\Keil\LPC4000_DFP\2.2.0\Device\Include

<h2>Collection of Component Files used:</h2>
Build Time Elapsed:  00:00:00
</pre>
</body>
</html>
